[2024-06-28T10:36:52.914+0530][gc] Using G1
[2024-06-28T10:36:52.921+0530][gc,init] Version: 17.0.10+7-Ubuntu-122.04.1 (release)
[2024-06-28T10:36:52.921+0530][gc,init] CPUs: 16 total, 16 available
[2024-06-28T10:36:52.921+0530][gc,init] Memory: 31911M
[2024-06-28T10:36:52.921+0530][gc,init] Large Page Support: Disabled
[2024-06-28T10:36:52.921+0530][gc,init] NUMA Support: Disabled
[2024-06-28T10:36:52.921+0530][gc,init] Compressed Oops: Enabled (32-bit)
[2024-06-28T10:36:52.921+0530][gc,init] Heap Region Size: 1M
[2024-06-28T10:36:52.921+0530][gc,init] Heap Min Capacity: 1G
[2024-06-28T10:36:52.921+0530][gc,init] Heap Initial Capacity: 1G
[2024-06-28T10:36:52.921+0530][gc,init] Heap Max Capacity: 1G
[2024-06-28T10:36:52.921+0530][gc,init] Pre-touch: Disabled
[2024-06-28T10:36:52.921+0530][gc,init] Parallel Workers: 13
[2024-06-28T10:36:52.921+0530][gc,init] Concurrent Workers: 3
[2024-06-28T10:36:52.921+0530][gc,init] Concurrent Refinement Workers: 13
[2024-06-28T10:36:52.921+0530][gc,init] Periodic GC: Disabled
[2024-06-28T10:36:52.925+0530][gc,metaspace] CDS archive(s) mapped at: [0x000075760f000000-0x000075760fbc7000-0x000075760fbc7000), size 12349440, SharedBaseAddress: 0x000075760f000000, ArchiveRelocationMode: 1.
[2024-06-28T10:36:52.925+0530][gc,metaspace] Compressed class space mapped at: 0x0000757610000000-0x0000757650000000, reserved size: 1073741824
[2024-06-28T10:36:52.925+0530][gc,metaspace] Narrow klass base: 0x000075760f000000, Narrow klass shift: 0, Narrow klass range: 0x100000000
[2024-06-28T10:36:53.419+0530][gc,start    ] GC(0) Pause Young (Normal) (G1 Evacuation Pause)
[2024-06-28T10:36:53.419+0530][gc,task     ] GC(0) Using 13 workers of 13 for evacuation
[2024-06-28T10:36:53.421+0530][gc,phases   ] GC(0)   Pre Evacuate Collection Set: 0.0ms
[2024-06-28T10:36:53.421+0530][gc,phases   ] GC(0)   Merge Heap Roots: 0.0ms
[2024-06-28T10:36:53.421+0530][gc,phases   ] GC(0)   Evacuate Collection Set: 1.6ms
[2024-06-28T10:36:53.421+0530][gc,phases   ] GC(0)   Post Evacuate Collection Set: 0.3ms
[2024-06-28T10:36:53.421+0530][gc,phases   ] GC(0)   Other: 0.6ms
[2024-06-28T10:36:53.421+0530][gc,heap     ] GC(0) Eden regions: 51->0(44)
[2024-06-28T10:36:53.421+0530][gc,heap     ] GC(0) Survivor regions: 0->7(7)
[2024-06-28T10:36:53.421+0530][gc,heap     ] GC(0) Old regions: 0->1
[2024-06-28T10:36:53.421+0530][gc,heap     ] GC(0) Archive regions: 2->2
[2024-06-28T10:36:53.421+0530][gc,heap     ] GC(0) Humongous regions: 0->0
[2024-06-28T10:36:53.421+0530][gc,metaspace] GC(0) Metaspace: 18462K(18688K)->18462K(18688K) NonClass: 16276K(16384K)->16276K(16384K) Class: 2186K(2304K)->2186K(2304K)
[2024-06-28T10:36:53.421+0530][gc          ] GC(0) Pause Young (Normal) (G1 Evacuation Pause) 51M->8M(1024M) 2.694ms
[2024-06-28T10:36:53.421+0530][gc,cpu      ] GC(0) User=0.02s Sys=0.00s Real=0.01s
[2024-06-28T10:36:53.517+0530][gc,start    ] GC(1) Pause Young (Concurrent Start) (Metadata GC Threshold)
[2024-06-28T10:36:53.517+0530][gc,task     ] GC(1) Using 13 workers of 13 for evacuation
[2024-06-28T10:36:53.519+0530][gc,phases   ] GC(1)   Pre Evacuate Collection Set: 0.1ms
[2024-06-28T10:36:53.519+0530][gc,phases   ] GC(1)   Merge Heap Roots: 0.0ms
[2024-06-28T10:36:53.519+0530][gc,phases   ] GC(1)   Evacuate Collection Set: 1.3ms
[2024-06-28T10:36:53.519+0530][gc,phases   ] GC(1)   Post Evacuate Collection Set: 0.2ms
[2024-06-28T10:36:53.519+0530][gc,phases   ] GC(1)   Other: 0.1ms
[2024-06-28T10:36:53.519+0530][gc,heap     ] GC(1) Eden regions: 12->0(49)
[2024-06-28T10:36:53.519+0530][gc,heap     ] GC(1) Survivor regions: 7->2(7)
[2024-06-28T10:36:53.519+0530][gc,heap     ] GC(1) Old regions: 1->8
[2024-06-28T10:36:53.519+0530][gc,heap     ] GC(1) Archive regions: 2->2
[2024-06-28T10:36:53.519+0530][gc,heap     ] GC(1) Humongous regions: 0->0
[2024-06-28T10:36:53.519+0530][gc,metaspace] GC(1) Metaspace: 21331K(21504K)->21331K(21504K) NonClass: 18775K(18880K)->18775K(18880K) Class: 2555K(2624K)->2555K(2624K)
[2024-06-28T10:36:53.519+0530][gc          ] GC(1) Pause Young (Concurrent Start) (Metadata GC Threshold) 19M->9M(1024M) 1.777ms
[2024-06-28T10:36:53.519+0530][gc,cpu      ] GC(1) User=0.02s Sys=0.00s Real=0.00s
[2024-06-28T10:36:53.519+0530][gc          ] GC(2) Concurrent Mark Cycle
[2024-06-28T10:36:53.519+0530][gc,marking  ] GC(2) Concurrent Clear Claimed Marks
[2024-06-28T10:36:53.519+0530][gc,marking  ] GC(2) Concurrent Clear Claimed Marks 0.010ms
[2024-06-28T10:36:53.519+0530][gc,marking  ] GC(2) Concurrent Scan Root Regions
[2024-06-28T10:36:53.520+0530][gc,marking  ] GC(2) Concurrent Scan Root Regions 0.784ms
[2024-06-28T10:36:53.520+0530][gc,marking  ] GC(2) Concurrent Mark
[2024-06-28T10:36:53.520+0530][gc,marking  ] GC(2) Concurrent Mark From Roots
[2024-06-28T10:36:53.520+0530][gc,task     ] GC(2) Using 3 workers of 3 for marking
[2024-06-28T10:36:53.520+0530][gc,marking  ] GC(2) Concurrent Mark From Roots 0.627ms
[2024-06-28T10:36:53.520+0530][gc,marking  ] GC(2) Concurrent Preclean
[2024-06-28T10:36:53.521+0530][gc,marking  ] GC(2) Concurrent Preclean 0.041ms
[2024-06-28T10:36:53.521+0530][gc,start    ] GC(2) Pause Remark
[2024-06-28T10:36:53.521+0530][gc          ] GC(2) Pause Remark 10M->10M(1024M) 0.775ms
[2024-06-28T10:36:53.521+0530][gc,cpu      ] GC(2) User=0.00s Sys=0.00s Real=0.00s
[2024-06-28T10:36:53.521+0530][gc,marking  ] GC(2) Concurrent Mark 1.574ms
[2024-06-28T10:36:53.521+0530][gc,marking  ] GC(2) Concurrent Rebuild Remembered Sets
[2024-06-28T10:36:53.522+0530][gc,marking  ] GC(2) Concurrent Rebuild Remembered Sets 0.786ms
[2024-06-28T10:36:53.522+0530][gc,start    ] GC(2) Pause Cleanup
[2024-06-28T10:36:53.522+0530][gc          ] GC(2) Pause Cleanup 10M->10M(1024M) 0.059ms
[2024-06-28T10:36:53.522+0530][gc,cpu      ] GC(2) User=0.00s Sys=0.00s Real=0.00s
[2024-06-28T10:36:53.522+0530][gc,marking  ] GC(2) Concurrent Cleanup for Next Mark
[2024-06-28T10:36:53.524+0530][gc,marking  ] GC(2) Concurrent Cleanup for Next Mark 1.679ms
[2024-06-28T10:36:53.524+0530][gc          ] GC(2) Concurrent Mark Cycle 5.073ms
[2024-06-28T10:36:53.940+0530][gc,start    ] GC(3) Pause Young (Normal) (G1 Evacuation Pause)
[2024-06-28T10:36:53.940+0530][gc,task     ] GC(3) Using 13 workers of 13 for evacuation
[2024-06-28T10:36:53.942+0530][gc,phases   ] GC(3)   Pre Evacuate Collection Set: 0.1ms
[2024-06-28T10:36:53.942+0530][gc,phases   ] GC(3)   Merge Heap Roots: 0.0ms
[2024-06-28T10:36:53.942+0530][gc,phases   ] GC(3)   Evacuate Collection Set: 1.8ms
[2024-06-28T10:36:53.942+0530][gc,phases   ] GC(3)   Post Evacuate Collection Set: 0.2ms
[2024-06-28T10:36:53.942+0530][gc,phases   ] GC(3)   Other: 0.1ms
[2024-06-28T10:36:53.942+0530][gc,heap     ] GC(3) Eden regions: 49->0(45)
[2024-06-28T10:36:53.942+0530][gc,heap     ] GC(3) Survivor regions: 2->6(7)
[2024-06-28T10:36:53.942+0530][gc,heap     ] GC(3) Old regions: 8->8
[2024-06-28T10:36:53.942+0530][gc,heap     ] GC(3) Archive regions: 2->2
[2024-06-28T10:36:53.942+0530][gc,heap     ] GC(3) Humongous regions: 129->129
[2024-06-28T10:36:53.942+0530][gc,metaspace] GC(3) Metaspace: 32591K(32832K)->32591K(32832K) NonClass: 28909K(29056K)->28909K(29056K) Class: 3682K(3776K)->3682K(3776K)
[2024-06-28T10:36:53.942+0530][gc          ] GC(3) Pause Young (Normal) (G1 Evacuation Pause) 187M->143M(1024M) 2.241ms
[2024-06-28T10:36:53.943+0530][gc,cpu      ] GC(3) User=0.02s Sys=0.00s Real=0.00s
[2024-06-28T10:36:54.038+0530][gc,start    ] GC(4) Pause Young (Concurrent Start) (Metadata GC Threshold)
[2024-06-28T10:36:54.038+0530][gc,task     ] GC(4) Using 13 workers of 13 for evacuation
[2024-06-28T10:36:54.040+0530][gc,phases   ] GC(4)   Pre Evacuate Collection Set: 0.1ms
[2024-06-28T10:36:54.040+0530][gc,phases   ] GC(4)   Merge Heap Roots: 0.0ms
[2024-06-28T10:36:54.040+0530][gc,phases   ] GC(4)   Evacuate Collection Set: 1.6ms
[2024-06-28T10:36:54.040+0530][gc,phases   ] GC(4)   Post Evacuate Collection Set: 0.2ms
[2024-06-28T10:36:54.040+0530][gc,phases   ] GC(4)   Other: 0.2ms
[2024-06-28T10:36:54.040+0530][gc,heap     ] GC(4) Eden regions: 13->0(49)
[2024-06-28T10:36:54.040+0530][gc,heap     ] GC(4) Survivor regions: 6->2(7)
[2024-06-28T10:36:54.040+0530][gc,heap     ] GC(4) Old regions: 8->14
[2024-06-28T10:36:54.040+0530][gc,heap     ] GC(4) Archive regions: 2->2
[2024-06-28T10:36:54.040+0530][gc,heap     ] GC(4) Humongous regions: 129->129
[2024-06-28T10:36:54.040+0530][gc,metaspace] GC(4) Metaspace: 35894K(36096K)->35894K(36096K) NonClass: 31891K(32000K)->31891K(32000K) Class: 4002K(4096K)->4002K(4096K)
[2024-06-28T10:36:54.040+0530][gc          ] GC(4) Pause Young (Concurrent Start) (Metadata GC Threshold) 156M->144M(1024M) 2.192ms
[2024-06-28T10:36:54.040+0530][gc,cpu      ] GC(4) User=0.02s Sys=0.00s Real=0.01s
[2024-06-28T10:36:54.040+0530][gc          ] GC(5) Concurrent Mark Cycle
[2024-06-28T10:36:54.040+0530][gc,marking  ] GC(5) Concurrent Clear Claimed Marks
[2024-06-28T10:36:54.040+0530][gc,marking  ] GC(5) Concurrent Clear Claimed Marks 0.018ms
[2024-06-28T10:36:54.040+0530][gc,marking  ] GC(5) Concurrent Scan Root Regions
[2024-06-28T10:36:54.041+0530][gc,marking  ] GC(5) Concurrent Scan Root Regions 1.182ms
[2024-06-28T10:36:54.041+0530][gc,marking  ] GC(5) Concurrent Mark
[2024-06-28T10:36:54.041+0530][gc,marking  ] GC(5) Concurrent Mark From Roots
[2024-06-28T10:36:54.041+0530][gc,task     ] GC(5) Using 3 workers of 3 for marking
[2024-06-28T10:36:54.043+0530][gc,marking  ] GC(5) Concurrent Mark From Roots 2.383ms
[2024-06-28T10:36:54.043+0530][gc,marking  ] GC(5) Concurrent Preclean
[2024-06-28T10:36:54.044+0530][gc,marking  ] GC(5) Concurrent Preclean 0.105ms
[2024-06-28T10:36:54.044+0530][gc,start    ] GC(5) Pause Remark
[2024-06-28T10:36:54.045+0530][gc          ] GC(5) Pause Remark 146M->146M(1024M) 0.750ms
[2024-06-28T10:36:54.045+0530][gc,cpu      ] GC(5) User=0.01s Sys=0.00s Real=0.00s
[2024-06-28T10:36:54.045+0530][gc,marking  ] GC(5) Concurrent Mark 3.487ms
[2024-06-28T10:36:54.045+0530][gc,marking  ] GC(5) Concurrent Rebuild Remembered Sets
[2024-06-28T10:36:54.046+0530][gc,marking  ] GC(5) Concurrent Rebuild Remembered Sets 1.876ms
[2024-06-28T10:36:54.047+0530][gc,start    ] GC(5) Pause Cleanup
[2024-06-28T10:36:54.047+0530][gc          ] GC(5) Pause Cleanup 146M->146M(1024M) 0.076ms
[2024-06-28T10:36:54.047+0530][gc,cpu      ] GC(5) User=0.00s Sys=0.00s Real=0.00s
[2024-06-28T10:36:54.047+0530][gc,marking  ] GC(5) Concurrent Cleanup for Next Mark
[2024-06-28T10:36:54.049+0530][gc,marking  ] GC(5) Concurrent Cleanup for Next Mark 1.861ms
[2024-06-28T10:36:54.049+0530][gc          ] GC(5) Concurrent Mark Cycle 9.119ms
[2024-06-28T10:38:06.034+0530][gc,start    ] GC(6) Pause Young (Normal) (G1 Evacuation Pause)
[2024-06-28T10:38:06.034+0530][gc,task     ] GC(6) Using 13 workers of 13 for evacuation
[2024-06-28T10:38:06.035+0530][gc,phases   ] GC(6)   Pre Evacuate Collection Set: 0.1ms
[2024-06-28T10:38:06.035+0530][gc,phases   ] GC(6)   Merge Heap Roots: 0.0ms
[2024-06-28T10:38:06.035+0530][gc,phases   ] GC(6)   Evacuate Collection Set: 1.3ms
[2024-06-28T10:38:06.035+0530][gc,phases   ] GC(6)   Post Evacuate Collection Set: 0.2ms
[2024-06-28T10:38:06.035+0530][gc,phases   ] GC(6)   Other: 0.1ms
[2024-06-28T10:38:06.035+0530][gc,heap     ] GC(6) Eden regions: 49->0(47)
[2024-06-28T10:38:06.035+0530][gc,heap     ] GC(6) Survivor regions: 2->4(7)
[2024-06-28T10:38:06.035+0530][gc,heap     ] GC(6) Old regions: 14->14
[2024-06-28T10:38:06.035+0530][gc,heap     ] GC(6) Archive regions: 2->2
[2024-06-28T10:38:06.035+0530][gc,heap     ] GC(6) Humongous regions: 129->129
[2024-06-28T10:38:06.035+0530][gc,metaspace] GC(6) Metaspace: 44928K(45440K)->44928K(45440K) NonClass: 39698K(40000K)->39698K(40000K) Class: 5230K(5440K)->5230K(5440K)
[2024-06-28T10:38:06.035+0530][gc          ] GC(6) Pause Young (Normal) (G1 Evacuation Pause) 193M->146M(1024M) 1.812ms
[2024-06-28T10:38:06.035+0530][gc,cpu      ] GC(6) User=0.02s Sys=0.00s Real=0.00s
[2024-06-28T10:38:08.043+0530][gc,start    ] GC(7) Pause Young (Normal) (G1 Evacuation Pause)
[2024-06-28T10:38:08.043+0530][gc,task     ] GC(7) Using 13 workers of 13 for evacuation
[2024-06-28T10:38:08.045+0530][gc,phases   ] GC(7)   Pre Evacuate Collection Set: 0.1ms
[2024-06-28T10:38:08.045+0530][gc,phases   ] GC(7)   Merge Heap Roots: 0.0ms
[2024-06-28T10:38:08.045+0530][gc,phases   ] GC(7)   Evacuate Collection Set: 1.4ms
[2024-06-28T10:38:08.045+0530][gc,phases   ] GC(7)   Post Evacuate Collection Set: 0.4ms
[2024-06-28T10:38:08.045+0530][gc,phases   ] GC(7)   Other: 0.1ms
[2024-06-28T10:38:08.045+0530][gc,heap     ] GC(7) Eden regions: 47->0(47)
[2024-06-28T10:38:08.045+0530][gc,heap     ] GC(7) Survivor regions: 4->4(7)
[2024-06-28T10:38:08.045+0530][gc,heap     ] GC(7) Old regions: 14->14
[2024-06-28T10:38:08.045+0530][gc,heap     ] GC(7) Archive regions: 2->2
[2024-06-28T10:38:08.045+0530][gc,heap     ] GC(7) Humongous regions: 129->129
[2024-06-28T10:38:08.045+0530][gc,metaspace] GC(7) Metaspace: 45677K(46208K)->45677K(46208K) NonClass: 40447K(40768K)->40447K(40768K) Class: 5230K(5440K)->5230K(5440K)
[2024-06-28T10:38:08.045+0530][gc          ] GC(7) Pause Young (Normal) (G1 Evacuation Pause) 193M->147M(1024M) 2.141ms
[2024-06-28T10:38:08.045+0530][gc,cpu      ] GC(7) User=0.01s Sys=0.00s Real=0.00s
[2024-06-28T10:38:10.136+0530][gc,start    ] GC(8) Pause Young (Normal) (G1 Evacuation Pause)
[2024-06-28T10:38:10.136+0530][gc,task     ] GC(8) Using 13 workers of 13 for evacuation
[2024-06-28T10:38:10.137+0530][gc,phases   ] GC(8)   Pre Evacuate Collection Set: 0.1ms
[2024-06-28T10:38:10.137+0530][gc,phases   ] GC(8)   Merge Heap Roots: 0.0ms
[2024-06-28T10:38:10.137+0530][gc,phases   ] GC(8)   Evacuate Collection Set: 1.1ms
[2024-06-28T10:38:10.137+0530][gc,phases   ] GC(8)   Post Evacuate Collection Set: 0.2ms
[2024-06-28T10:38:10.137+0530][gc,phases   ] GC(8)   Other: 0.1ms
[2024-06-28T10:38:10.137+0530][gc,heap     ] GC(8) Eden regions: 47->0(56)
[2024-06-28T10:38:10.137+0530][gc,heap     ] GC(8) Survivor regions: 4->4(7)
[2024-06-28T10:38:10.137+0530][gc,heap     ] GC(8) Old regions: 14->14
[2024-06-28T10:38:10.137+0530][gc,heap     ] GC(8) Archive regions: 2->2
[2024-06-28T10:38:10.137+0530][gc,heap     ] GC(8) Humongous regions: 129->129
[2024-06-28T10:38:10.137+0530][gc,metaspace] GC(8) Metaspace: 45678K(46208K)->45678K(46208K) NonClass: 40447K(40768K)->40447K(40768K) Class: 5231K(5440K)->5231K(5440K)
[2024-06-28T10:38:10.137+0530][gc          ] GC(8) Pause Young (Normal) (G1 Evacuation Pause) 194M->147M(1024M) 1.534ms
[2024-06-28T10:38:10.137+0530][gc,cpu      ] GC(8) User=0.01s Sys=0.00s Real=0.00s
[2024-06-28T10:38:12.682+0530][gc,start    ] GC(9) Pause Young (Normal) (G1 Evacuation Pause)
[2024-06-28T10:38:12.682+0530][gc,task     ] GC(9) Using 13 workers of 13 for evacuation
[2024-06-28T10:38:12.683+0530][gc,phases   ] GC(9)   Pre Evacuate Collection Set: 0.1ms
[2024-06-28T10:38:12.683+0530][gc,phases   ] GC(9)   Merge Heap Roots: 0.0ms
[2024-06-28T10:38:12.683+0530][gc,phases   ] GC(9)   Evacuate Collection Set: 1.1ms
[2024-06-28T10:38:12.683+0530][gc,phases   ] GC(9)   Post Evacuate Collection Set: 0.2ms
[2024-06-28T10:38:12.683+0530][gc,phases   ] GC(9)   Other: 0.1ms
[2024-06-28T10:38:12.683+0530][gc,heap     ] GC(9) Eden regions: 56->0(242)
[2024-06-28T10:38:12.683+0530][gc,heap     ] GC(9) Survivor regions: 4->4(8)
[2024-06-28T10:38:12.683+0530][gc,heap     ] GC(9) Old regions: 14->14
[2024-06-28T10:38:12.683+0530][gc,heap     ] GC(9) Archive regions: 2->2
[2024-06-28T10:38:12.683+0530][gc,heap     ] GC(9) Humongous regions: 129->129
[2024-06-28T10:38:12.684+0530][gc,metaspace] GC(9) Metaspace: 45678K(46208K)->45678K(46208K) NonClass: 40447K(40768K)->40447K(40768K) Class: 5231K(5440K)->5231K(5440K)
[2024-06-28T10:38:12.684+0530][gc          ] GC(9) Pause Young (Normal) (G1 Evacuation Pause) 203M->147M(1024M) 1.592ms
[2024-06-28T10:38:12.684+0530][gc,cpu      ] GC(9) User=0.02s Sys=0.00s Real=0.00s
[2024-06-28T10:38:24.883+0530][gc,start    ] GC(10) Pause Young (Normal) (G1 Evacuation Pause)
[2024-06-28T10:38:24.883+0530][gc,task     ] GC(10) Using 13 workers of 13 for evacuation
[2024-06-28T10:38:24.885+0530][gc,phases   ] GC(10)   Pre Evacuate Collection Set: 0.1ms
[2024-06-28T10:38:24.885+0530][gc,phases   ] GC(10)   Merge Heap Roots: 0.0ms
[2024-06-28T10:38:24.885+0530][gc,phases   ] GC(10)   Evacuate Collection Set: 1.0ms
[2024-06-28T10:38:24.885+0530][gc,phases   ] GC(10)   Post Evacuate Collection Set: 0.3ms
[2024-06-28T10:38:24.885+0530][gc,phases   ] GC(10)   Other: 0.1ms
[2024-06-28T10:38:24.885+0530][gc,heap     ] GC(10) Eden regions: 242->0(512)
[2024-06-28T10:38:24.885+0530][gc,heap     ] GC(10) Survivor regions: 4->4(31)
[2024-06-28T10:38:24.885+0530][gc,heap     ] GC(10) Old regions: 14->14
[2024-06-28T10:38:24.885+0530][gc,heap     ] GC(10) Archive regions: 2->2
[2024-06-28T10:38:24.885+0530][gc,heap     ] GC(10) Humongous regions: 129->129
[2024-06-28T10:38:24.885+0530][gc,metaspace] GC(10) Metaspace: 45686K(46208K)->45686K(46208K) NonClass: 40454K(40768K)->40454K(40768K) Class: 5231K(5440K)->5231K(5440K)
[2024-06-28T10:38:24.885+0530][gc          ] GC(10) Pause Young (Normal) (G1 Evacuation Pause) 389M->147M(1024M) 1.794ms
[2024-06-28T10:38:24.885+0530][gc,cpu      ] GC(10) User=0.01s Sys=0.00s Real=0.00s
[2024-06-28T10:59:24.089+0530][gc,start    ] GC(11) Pause Young (Normal) (G1 Evacuation Pause)
[2024-06-28T10:59:24.089+0530][gc,task     ] GC(11) Using 13 workers of 13 for evacuation
[2024-06-28T10:59:24.091+0530][gc,phases   ] GC(11)   Pre Evacuate Collection Set: 0.1ms
[2024-06-28T10:59:24.091+0530][gc,phases   ] GC(11)   Merge Heap Roots: 0.1ms
[2024-06-28T10:59:24.091+0530][gc,phases   ] GC(11)   Evacuate Collection Set: 1.3ms
[2024-06-28T10:59:24.091+0530][gc,phases   ] GC(11)   Post Evacuate Collection Set: 0.4ms
[2024-06-28T10:59:24.091+0530][gc,phases   ] GC(11)   Other: 0.2ms
[2024-06-28T10:59:24.091+0530][gc,heap     ] GC(11) Eden regions: 512->0(609)
[2024-06-28T10:59:24.091+0530][gc,heap     ] GC(11) Survivor regions: 4->5(65)
[2024-06-28T10:59:24.091+0530][gc,heap     ] GC(11) Old regions: 14->14
[2024-06-28T10:59:24.091+0530][gc,heap     ] GC(11) Archive regions: 2->2
[2024-06-28T10:59:24.091+0530][gc,heap     ] GC(11) Humongous regions: 129->129
[2024-06-28T10:59:24.091+0530][gc,metaspace] GC(11) Metaspace: 47060K(47552K)->47060K(47552K) NonClass: 41599K(41856K)->41599K(41856K) Class: 5461K(5696K)->5461K(5696K)
[2024-06-28T10:59:24.091+0530][gc          ] GC(11) Pause Young (Normal) (G1 Evacuation Pause) 659M->147M(1024M) 2.081ms
[2024-06-28T10:59:24.091+0530][gc,cpu      ] GC(11) User=0.02s Sys=0.00s Real=0.00s
[2024-06-28T11:00:10.579+0530][gc,heap,exit] Heap
[2024-06-28T11:00:10.579+0530][gc,heap,exit]  garbage-first heap   total 1048576K, used 344641K [0x00000000c0000000, 0x0000000100000000)
[2024-06-28T11:00:10.579+0530][gc,heap,exit]   region size 1024K, 194 young (198656K), 5 survivors (5120K)
[2024-06-28T11:00:10.579+0530][gc,heap,exit]  Metaspace       used 48041K, committed 48576K, reserved 1114112K
[2024-06-28T11:00:10.579+0530][gc,heap,exit]   class space    used 5660K, committed 5888K, reserved 1048576K
