[2024-06-28T11:10:24.401+0530][gc] Using G1
[2024-06-28T11:10:24.408+0530][gc,init] Version: 17.0.10+7-Ubuntu-122.04.1 (release)
[2024-06-28T11:10:24.408+0530][gc,init] CPUs: 16 total, 16 available
[2024-06-28T11:10:24.408+0530][gc,init] Memory: 31911M
[2024-06-28T11:10:24.408+0530][gc,init] Large Page Support: Disabled
[2024-06-28T11:10:24.408+0530][gc,init] NUMA Support: Disabled
[2024-06-28T11:10:24.408+0530][gc,init] Compressed Oops: Enabled (32-bit)
[2024-06-28T11:10:24.408+0530][gc,init] Heap Region Size: 1M
[2024-06-28T11:10:24.408+0530][gc,init] Heap Min Capacity: 1G
[2024-06-28T11:10:24.408+0530][gc,init] Heap Initial Capacity: 1G
[2024-06-28T11:10:24.408+0530][gc,init] Heap Max Capacity: 1G
[2024-06-28T11:10:24.408+0530][gc,init] Pre-touch: Disabled
[2024-06-28T11:10:24.408+0530][gc,init] Parallel Workers: 13
[2024-06-28T11:10:24.408+0530][gc,init] Concurrent Workers: 3
[2024-06-28T11:10:24.408+0530][gc,init] Concurrent Refinement Workers: 13
[2024-06-28T11:10:24.408+0530][gc,init] Periodic GC: Disabled
[2024-06-28T11:10:24.412+0530][gc,metaspace] CDS archive(s) mapped at: [0x00007d3383000000-0x00007d3383bc7000-0x00007d3383bc7000), size 12349440, SharedBaseAddress: 0x00007d3383000000, ArchiveRelocationMode: 1.
[2024-06-28T11:10:24.412+0530][gc,metaspace] Compressed class space mapped at: 0x00007d3384000000-0x00007d33c4000000, reserved size: 1073741824
[2024-06-28T11:10:24.412+0530][gc,metaspace] Narrow klass base: 0x00007d3383000000, Narrow klass shift: 0, Narrow klass range: 0x100000000
[2024-06-28T11:10:24.909+0530][gc,start    ] GC(0) Pause Young (Normal) (G1 Evacuation Pause)
[2024-06-28T11:10:24.909+0530][gc,task     ] GC(0) Using 13 workers of 13 for evacuation
[2024-06-28T11:10:24.911+0530][gc,phases   ] GC(0)   Pre Evacuate Collection Set: 0.1ms
[2024-06-28T11:10:24.911+0530][gc,phases   ] GC(0)   Merge Heap Roots: 0.0ms
[2024-06-28T11:10:24.911+0530][gc,phases   ] GC(0)   Evacuate Collection Set: 1.6ms
[2024-06-28T11:10:24.911+0530][gc,phases   ] GC(0)   Post Evacuate Collection Set: 0.2ms
[2024-06-28T11:10:24.911+0530][gc,phases   ] GC(0)   Other: 1.0ms
[2024-06-28T11:10:24.911+0530][gc,heap     ] GC(0) Eden regions: 51->0(44)
[2024-06-28T11:10:24.911+0530][gc,heap     ] GC(0) Survivor regions: 0->7(7)
[2024-06-28T11:10:24.911+0530][gc,heap     ] GC(0) Old regions: 0->1
[2024-06-28T11:10:24.911+0530][gc,heap     ] GC(0) Archive regions: 2->2
[2024-06-28T11:10:24.911+0530][gc,heap     ] GC(0) Humongous regions: 0->0
[2024-06-28T11:10:24.911+0530][gc,metaspace] GC(0) Metaspace: 18457K(18688K)->18457K(18688K) NonClass: 16272K(16384K)->16272K(16384K) Class: 2185K(2304K)->2185K(2304K)
[2024-06-28T11:10:24.911+0530][gc          ] GC(0) Pause Young (Normal) (G1 Evacuation Pause) 51M->8M(1024M) 2.945ms
[2024-06-28T11:10:24.911+0530][gc,cpu      ] GC(0) User=0.02s Sys=0.00s Real=0.00s
[2024-06-28T11:10:25.007+0530][gc,start    ] GC(1) Pause Young (Concurrent Start) (Metadata GC Threshold)
[2024-06-28T11:10:25.007+0530][gc,task     ] GC(1) Using 13 workers of 13 for evacuation
[2024-06-28T11:10:25.008+0530][gc,phases   ] GC(1)   Pre Evacuate Collection Set: 0.1ms
[2024-06-28T11:10:25.008+0530][gc,phases   ] GC(1)   Merge Heap Roots: 0.0ms
[2024-06-28T11:10:25.008+0530][gc,phases   ] GC(1)   Evacuate Collection Set: 1.4ms
[2024-06-28T11:10:25.008+0530][gc,phases   ] GC(1)   Post Evacuate Collection Set: 0.2ms
[2024-06-28T11:10:25.008+0530][gc,phases   ] GC(1)   Other: 0.1ms
[2024-06-28T11:10:25.008+0530][gc,heap     ] GC(1) Eden regions: 12->0(49)
[2024-06-28T11:10:25.008+0530][gc,heap     ] GC(1) Survivor regions: 7->2(7)
[2024-06-28T11:10:25.009+0530][gc,heap     ] GC(1) Old regions: 1->8
[2024-06-28T11:10:25.009+0530][gc,heap     ] GC(1) Archive regions: 2->2
[2024-06-28T11:10:25.009+0530][gc,heap     ] GC(1) Humongous regions: 0->0
[2024-06-28T11:10:25.009+0530][gc,metaspace] GC(1) Metaspace: 21321K(21504K)->21321K(21504K) NonClass: 18762K(18880K)->18762K(18880K) Class: 2559K(2624K)->2559K(2624K)
[2024-06-28T11:10:25.009+0530][gc          ] GC(1) Pause Young (Concurrent Start) (Metadata GC Threshold) 19M->9M(1024M) 1.855ms
[2024-06-28T11:10:25.009+0530][gc,cpu      ] GC(1) User=0.01s Sys=0.01s Real=0.01s
[2024-06-28T11:10:25.009+0530][gc          ] GC(2) Concurrent Mark Cycle
[2024-06-28T11:10:25.009+0530][gc,marking  ] GC(2) Concurrent Clear Claimed Marks
[2024-06-28T11:10:25.009+0530][gc,marking  ] GC(2) Concurrent Clear Claimed Marks 0.016ms
[2024-06-28T11:10:25.009+0530][gc,marking  ] GC(2) Concurrent Scan Root Regions
[2024-06-28T11:10:25.010+0530][gc,marking  ] GC(2) Concurrent Scan Root Regions 0.910ms
[2024-06-28T11:10:25.010+0530][gc,marking  ] GC(2) Concurrent Mark
[2024-06-28T11:10:25.010+0530][gc,marking  ] GC(2) Concurrent Mark From Roots
[2024-06-28T11:10:25.010+0530][gc,task     ] GC(2) Using 3 workers of 3 for marking
[2024-06-28T11:10:25.010+0530][gc,marking  ] GC(2) Concurrent Mark From Roots 0.644ms
[2024-06-28T11:10:25.010+0530][gc,marking  ] GC(2) Concurrent Preclean
[2024-06-28T11:10:25.010+0530][gc,marking  ] GC(2) Concurrent Preclean 0.056ms
[2024-06-28T11:10:25.010+0530][gc,start    ] GC(2) Pause Remark
[2024-06-28T11:10:25.011+0530][gc          ] GC(2) Pause Remark 10M->10M(1024M) 0.656ms
[2024-06-28T11:10:25.011+0530][gc,cpu      ] GC(2) User=0.01s Sys=0.00s Real=0.00s
[2024-06-28T11:10:25.011+0530][gc,marking  ] GC(2) Concurrent Mark 1.503ms
[2024-06-28T11:10:25.011+0530][gc,marking  ] GC(2) Concurrent Rebuild Remembered Sets
[2024-06-28T11:10:25.012+0530][gc,marking  ] GC(2) Concurrent Rebuild Remembered Sets 0.825ms
[2024-06-28T11:10:25.012+0530][gc,start    ] GC(2) Pause Cleanup
[2024-06-28T11:10:25.012+0530][gc          ] GC(2) Pause Cleanup 10M->10M(1024M) 0.053ms
[2024-06-28T11:10:25.012+0530][gc,cpu      ] GC(2) User=0.00s Sys=0.00s Real=0.00s
[2024-06-28T11:10:25.012+0530][gc,marking  ] GC(2) Concurrent Cleanup for Next Mark
[2024-06-28T11:10:25.014+0530][gc,marking  ] GC(2) Concurrent Cleanup for Next Mark 1.778ms
[2024-06-28T11:10:25.014+0530][gc          ] GC(2) Concurrent Mark Cycle 5.298ms
[2024-06-28T11:10:25.373+0530][gc,start    ] GC(3) Pause Young (Normal) (G1 Evacuation Pause)
[2024-06-28T11:10:25.373+0530][gc,task     ] GC(3) Using 13 workers of 13 for evacuation
[2024-06-28T11:10:25.375+0530][gc,phases   ] GC(3)   Pre Evacuate Collection Set: 0.0ms
[2024-06-28T11:10:25.375+0530][gc,phases   ] GC(3)   Merge Heap Roots: 0.0ms
[2024-06-28T11:10:25.375+0530][gc,phases   ] GC(3)   Evacuate Collection Set: 1.3ms
[2024-06-28T11:10:25.375+0530][gc,phases   ] GC(3)   Post Evacuate Collection Set: 0.2ms
[2024-06-28T11:10:25.375+0530][gc,phases   ] GC(3)   Other: 0.1ms
[2024-06-28T11:10:25.375+0530][gc,heap     ] GC(3) Eden regions: 49->0(45)
[2024-06-28T11:10:25.375+0530][gc,heap     ] GC(3) Survivor regions: 2->6(7)
[2024-06-28T11:10:25.375+0530][gc,heap     ] GC(3) Old regions: 8->8
[2024-06-28T11:10:25.375+0530][gc,heap     ] GC(3) Archive regions: 2->2
[2024-06-28T11:10:25.375+0530][gc,heap     ] GC(3) Humongous regions: 129->129
[2024-06-28T11:10:25.375+0530][gc,metaspace] GC(3) Metaspace: 32827K(33152K)->32827K(33152K) NonClass: 29155K(29312K)->29155K(29312K) Class: 3671K(3840K)->3671K(3840K)
[2024-06-28T11:10:25.375+0530][gc          ] GC(3) Pause Young (Normal) (G1 Evacuation Pause) 187M->143M(1024M) 1.683ms
[2024-06-28T11:10:25.375+0530][gc,cpu      ] GC(3) User=0.01s Sys=0.00s Real=0.00s
[2024-06-28T11:10:25.439+0530][gc,start    ] GC(4) Pause Young (Concurrent Start) (Metadata GC Threshold)
[2024-06-28T11:10:25.439+0530][gc,task     ] GC(4) Using 13 workers of 13 for evacuation
[2024-06-28T11:10:25.441+0530][gc,phases   ] GC(4)   Pre Evacuate Collection Set: 0.1ms
[2024-06-28T11:10:25.441+0530][gc,phases   ] GC(4)   Merge Heap Roots: 0.0ms
[2024-06-28T11:10:25.441+0530][gc,phases   ] GC(4)   Evacuate Collection Set: 1.7ms
[2024-06-28T11:10:25.441+0530][gc,phases   ] GC(4)   Post Evacuate Collection Set: 0.2ms
[2024-06-28T11:10:25.441+0530][gc,phases   ] GC(4)   Other: 0.1ms
[2024-06-28T11:10:25.441+0530][gc,heap     ] GC(4) Eden regions: 14->0(49)
[2024-06-28T11:10:25.441+0530][gc,heap     ] GC(4) Survivor regions: 6->2(7)
[2024-06-28T11:10:25.441+0530][gc,heap     ] GC(4) Old regions: 8->14
[2024-06-28T11:10:25.441+0530][gc,heap     ] GC(4) Archive regions: 2->2
[2024-06-28T11:10:25.441+0530][gc,heap     ] GC(4) Humongous regions: 129->129
[2024-06-28T11:10:25.441+0530][gc,metaspace] GC(4) Metaspace: 35813K(36096K)->35813K(36096K) NonClass: 31737K(31872K)->31737K(31872K) Class: 4075K(4224K)->4075K(4224K)
[2024-06-28T11:10:25.441+0530][gc          ] GC(4) Pause Young (Concurrent Start) (Metadata GC Threshold) 156M->144M(1024M) 2.230ms
[2024-06-28T11:10:25.441+0530][gc,cpu      ] GC(4) User=0.02s Sys=0.01s Real=0.01s
[2024-06-28T11:10:25.441+0530][gc          ] GC(5) Concurrent Mark Cycle
[2024-06-28T11:10:25.441+0530][gc,marking  ] GC(5) Concurrent Clear Claimed Marks
[2024-06-28T11:10:25.441+0530][gc,marking  ] GC(5) Concurrent Clear Claimed Marks 0.022ms
[2024-06-28T11:10:25.441+0530][gc,marking  ] GC(5) Concurrent Scan Root Regions
[2024-06-28T11:10:25.442+0530][gc,marking  ] GC(5) Concurrent Scan Root Regions 1.178ms
[2024-06-28T11:10:25.442+0530][gc,marking  ] GC(5) Concurrent Mark
[2024-06-28T11:10:25.442+0530][gc,marking  ] GC(5) Concurrent Mark From Roots
[2024-06-28T11:10:25.442+0530][gc,task     ] GC(5) Using 3 workers of 3 for marking
[2024-06-28T11:10:25.444+0530][gc,marking  ] GC(5) Concurrent Mark From Roots 2.189ms
[2024-06-28T11:10:25.444+0530][gc,marking  ] GC(5) Concurrent Preclean
[2024-06-28T11:10:25.445+0530][gc,marking  ] GC(5) Concurrent Preclean 0.072ms
[2024-06-28T11:10:25.445+0530][gc,start    ] GC(5) Pause Remark
[2024-06-28T11:10:25.446+0530][gc          ] GC(5) Pause Remark 144M->144M(1024M) 0.929ms
[2024-06-28T11:10:25.446+0530][gc,cpu      ] GC(5) User=0.01s Sys=0.00s Real=0.00s
[2024-06-28T11:10:25.446+0530][gc,marking  ] GC(5) Concurrent Mark 3.315ms
[2024-06-28T11:10:25.446+0530][gc,marking  ] GC(5) Concurrent Rebuild Remembered Sets
[2024-06-28T11:10:25.447+0530][gc,marking  ] GC(5) Concurrent Rebuild Remembered Sets 1.716ms
[2024-06-28T11:10:25.447+0530][gc,start    ] GC(5) Pause Cleanup
[2024-06-28T11:10:25.447+0530][gc          ] GC(5) Pause Cleanup 144M->144M(1024M) 0.094ms
[2024-06-28T11:10:25.447+0530][gc,cpu      ] GC(5) User=0.01s Sys=0.00s Real=0.00s
[2024-06-28T11:10:25.447+0530][gc,marking  ] GC(5) Concurrent Cleanup for Next Mark
[2024-06-28T11:10:25.449+0530][gc,marking  ] GC(5) Concurrent Cleanup for Next Mark 1.816ms
[2024-06-28T11:10:25.449+0530][gc          ] GC(5) Concurrent Mark Cycle 8.348ms
[2024-06-28T11:11:35.574+0530][gc,heap,exit] Heap
[2024-06-28T11:11:35.574+0530][gc,heap,exit]  garbage-first heap   total 1048576K, used 165932K [0x00000000c0000000, 0x0000000100000000)
[2024-06-28T11:11:35.574+0530][gc,heap,exit]   region size 1024K, 20 young (20480K), 2 survivors (2048K)
[2024-06-28T11:11:35.574+0530][gc,heap,exit]  Metaspace       used 38784K, committed 39232K, reserved 1114112K
[2024-06-28T11:11:35.574+0530][gc,heap,exit]   class space    used 4597K, committed 4800K, reserved 1048576K
