[2024-06-28T10:00:22.625+0530][gc] Using G1
[2024-06-28T10:00:22.632+0530][gc,init] Version: 17.0.10+7-Ubuntu-122.04.1 (release)
[2024-06-28T10:00:22.632+0530][gc,init] CPUs: 16 total, 16 available
[2024-06-28T10:00:22.633+0530][gc,init] Memory: 31911M
[2024-06-28T10:00:22.633+0530][gc,init] Large Page Support: Disabled
[2024-06-28T10:00:22.633+0530][gc,init] NUMA Support: Disabled
[2024-06-28T10:00:22.633+0530][gc,init] Compressed Oops: Enabled (32-bit)
[2024-06-28T10:00:22.633+0530][gc,init] Heap Region Size: 1M
[2024-06-28T10:00:22.633+0530][gc,init] Heap Min Capacity: 1G
[2024-06-28T10:00:22.633+0530][gc,init] Heap Initial Capacity: 1G
[2024-06-28T10:00:22.633+0530][gc,init] Heap Max Capacity: 1G
[2024-06-28T10:00:22.633+0530][gc,init] Pre-touch: Disabled
[2024-06-28T10:00:22.633+0530][gc,init] Parallel Workers: 13
[2024-06-28T10:00:22.633+0530][gc,init] Concurrent Workers: 3
[2024-06-28T10:00:22.633+0530][gc,init] Concurrent Refinement Workers: 13
[2024-06-28T10:00:22.633+0530][gc,init] Periodic GC: Disabled
[2024-06-28T10:00:22.638+0530][gc,metaspace] CDS archive(s) mapped at: [0x00007f8217000000-0x00007f8217bc7000-0x00007f8217bc7000), size 12349440, SharedBaseAddress: 0x00007f8217000000, ArchiveRelocationMode: 1.
[2024-06-28T10:00:22.638+0530][gc,metaspace] Compressed class space mapped at: 0x00007f8218000000-0x00007f8258000000, reserved size: 1073741824
[2024-06-28T10:00:22.638+0530][gc,metaspace] Narrow klass base: 0x00007f8217000000, Narrow klass shift: 0, Narrow klass range: 0x100000000
[2024-06-28T10:00:23.155+0530][gc,start    ] GC(0) Pause Young (Normal) (G1 Evacuation Pause)
[2024-06-28T10:00:23.156+0530][gc,task     ] GC(0) Using 13 workers of 13 for evacuation
[2024-06-28T10:00:23.158+0530][gc,phases   ] GC(0)   Pre Evacuate Collection Set: 0.1ms
[2024-06-28T10:00:23.158+0530][gc,phases   ] GC(0)   Merge Heap Roots: 0.0ms
[2024-06-28T10:00:23.158+0530][gc,phases   ] GC(0)   Evacuate Collection Set: 1.6ms
[2024-06-28T10:00:23.158+0530][gc,phases   ] GC(0)   Post Evacuate Collection Set: 0.2ms
[2024-06-28T10:00:23.158+0530][gc,phases   ] GC(0)   Other: 0.8ms
[2024-06-28T10:00:23.158+0530][gc,heap     ] GC(0) Eden regions: 51->0(44)
[2024-06-28T10:00:23.158+0530][gc,heap     ] GC(0) Survivor regions: 0->7(7)
[2024-06-28T10:00:23.158+0530][gc,heap     ] GC(0) Old regions: 0->1
[2024-06-28T10:00:23.158+0530][gc,heap     ] GC(0) Archive regions: 2->2
[2024-06-28T10:00:23.158+0530][gc,heap     ] GC(0) Humongous regions: 0->0
[2024-06-28T10:00:23.158+0530][gc,metaspace] GC(0) Metaspace: 18466K(18688K)->18466K(18688K) NonClass: 16280K(16384K)->16280K(16384K) Class: 2186K(2304K)->2186K(2304K)
[2024-06-28T10:00:23.158+0530][gc          ] GC(0) Pause Young (Normal) (G1 Evacuation Pause) 51M->8M(1024M) 2.752ms
[2024-06-28T10:00:23.158+0530][gc,cpu      ] GC(0) User=0.01s Sys=0.00s Real=0.00s
[2024-06-28T10:00:23.269+0530][gc,start    ] GC(1) Pause Young (Concurrent Start) (Metadata GC Threshold)
[2024-06-28T10:00:23.269+0530][gc,task     ] GC(1) Using 13 workers of 13 for evacuation
[2024-06-28T10:00:23.271+0530][gc,phases   ] GC(1)   Pre Evacuate Collection Set: 0.1ms
[2024-06-28T10:00:23.271+0530][gc,phases   ] GC(1)   Merge Heap Roots: 0.0ms
[2024-06-28T10:00:23.271+0530][gc,phases   ] GC(1)   Evacuate Collection Set: 1.5ms
[2024-06-28T10:00:23.271+0530][gc,phases   ] GC(1)   Post Evacuate Collection Set: 0.2ms
[2024-06-28T10:00:23.271+0530][gc,phases   ] GC(1)   Other: 0.2ms
[2024-06-28T10:00:23.271+0530][gc,heap     ] GC(1) Eden regions: 11->0(49)
[2024-06-28T10:00:23.271+0530][gc,heap     ] GC(1) Survivor regions: 7->2(7)
[2024-06-28T10:00:23.271+0530][gc,heap     ] GC(1) Old regions: 1->9
[2024-06-28T10:00:23.271+0530][gc,heap     ] GC(1) Archive regions: 2->2
[2024-06-28T10:00:23.271+0530][gc,heap     ] GC(1) Humongous regions: 0->0
[2024-06-28T10:00:23.271+0530][gc,metaspace] GC(1) Metaspace: 21339K(21504K)->21339K(21504K) NonClass: 18780K(18880K)->18780K(18880K) Class: 2559K(2624K)->2559K(2624K)
[2024-06-28T10:00:23.271+0530][gc          ] GC(1) Pause Young (Concurrent Start) (Metadata GC Threshold) 19M->10M(1024M) 1.974ms
[2024-06-28T10:00:23.271+0530][gc,cpu      ] GC(1) User=0.02s Sys=0.00s Real=0.00s
[2024-06-28T10:00:23.271+0530][gc          ] GC(2) Concurrent Mark Cycle
[2024-06-28T10:00:23.271+0530][gc,marking  ] GC(2) Concurrent Clear Claimed Marks
[2024-06-28T10:00:23.271+0530][gc,marking  ] GC(2) Concurrent Clear Claimed Marks 0.010ms
[2024-06-28T10:00:23.271+0530][gc,marking  ] GC(2) Concurrent Scan Root Regions
[2024-06-28T10:00:23.272+0530][gc,marking  ] GC(2) Concurrent Scan Root Regions 1.041ms
[2024-06-28T10:00:23.272+0530][gc,marking  ] GC(2) Concurrent Mark
[2024-06-28T10:00:23.272+0530][gc,marking  ] GC(2) Concurrent Mark From Roots
[2024-06-28T10:00:23.272+0530][gc,task     ] GC(2) Using 3 workers of 3 for marking
[2024-06-28T10:00:23.272+0530][gc,marking  ] GC(2) Concurrent Mark From Roots 0.623ms
[2024-06-28T10:00:23.272+0530][gc,marking  ] GC(2) Concurrent Preclean
[2024-06-28T10:00:23.272+0530][gc,marking  ] GC(2) Concurrent Preclean 0.039ms
[2024-06-28T10:00:23.272+0530][gc,start    ] GC(2) Pause Remark
[2024-06-28T10:00:23.273+0530][gc          ] GC(2) Pause Remark 10M->10M(1024M) 0.641ms
[2024-06-28T10:00:23.273+0530][gc,cpu      ] GC(2) User=0.01s Sys=0.00s Real=0.00s
[2024-06-28T10:00:23.273+0530][gc,marking  ] GC(2) Concurrent Mark 1.440ms
[2024-06-28T10:00:23.273+0530][gc,marking  ] GC(2) Concurrent Rebuild Remembered Sets
[2024-06-28T10:00:23.274+0530][gc,marking  ] GC(2) Concurrent Rebuild Remembered Sets 0.861ms
[2024-06-28T10:00:23.274+0530][gc,start    ] GC(2) Pause Cleanup
[2024-06-28T10:00:23.274+0530][gc          ] GC(2) Pause Cleanup 11M->11M(1024M) 0.049ms
[2024-06-28T10:00:23.274+0530][gc,cpu      ] GC(2) User=0.00s Sys=0.00s Real=0.00s
[2024-06-28T10:00:23.274+0530][gc,marking  ] GC(2) Concurrent Cleanup for Next Mark
[2024-06-28T10:00:23.276+0530][gc,marking  ] GC(2) Concurrent Cleanup for Next Mark 1.865ms
[2024-06-28T10:00:23.276+0530][gc          ] GC(2) Concurrent Mark Cycle 5.460ms
[2024-06-28T10:00:23.614+0530][gc,start    ] GC(3) Pause Young (Normal) (G1 Evacuation Pause)
[2024-06-28T10:00:23.614+0530][gc,task     ] GC(3) Using 13 workers of 13 for evacuation
[2024-06-28T10:00:23.616+0530][gc,phases   ] GC(3)   Pre Evacuate Collection Set: 0.1ms
[2024-06-28T10:00:23.616+0530][gc,phases   ] GC(3)   Merge Heap Roots: 0.0ms
[2024-06-28T10:00:23.616+0530][gc,phases   ] GC(3)   Evacuate Collection Set: 1.3ms
[2024-06-28T10:00:23.616+0530][gc,phases   ] GC(3)   Post Evacuate Collection Set: 0.2ms
[2024-06-28T10:00:23.616+0530][gc,phases   ] GC(3)   Other: 0.1ms
[2024-06-28T10:00:23.616+0530][gc,heap     ] GC(3) Eden regions: 49->0(44)
[2024-06-28T10:00:23.616+0530][gc,heap     ] GC(3) Survivor regions: 2->7(7)
[2024-06-28T10:00:23.616+0530][gc,heap     ] GC(3) Old regions: 9->9
[2024-06-28T10:00:23.616+0530][gc,heap     ] GC(3) Archive regions: 2->2
[2024-06-28T10:00:23.616+0530][gc,heap     ] GC(3) Humongous regions: 129->129
[2024-06-28T10:00:23.616+0530][gc,metaspace] GC(3) Metaspace: 32866K(33152K)->32866K(33152K) NonClass: 29258K(29376K)->29258K(29376K) Class: 3608K(3776K)->3608K(3776K)
[2024-06-28T10:00:23.616+0530][gc          ] GC(3) Pause Young (Normal) (G1 Evacuation Pause) 188M->144M(1024M) 1.680ms
[2024-06-28T10:00:23.616+0530][gc,cpu      ] GC(3) User=0.02s Sys=0.01s Real=0.00s
[2024-06-28T10:00:33.567+0530][gc,start    ] GC(4) Pause Young (Concurrent Start) (Metadata GC Threshold)
[2024-06-28T10:00:33.567+0530][gc,task     ] GC(4) Using 13 workers of 13 for evacuation
[2024-06-28T10:00:33.574+0530][gc,phases   ] GC(4)   Pre Evacuate Collection Set: 0.4ms
[2024-06-28T10:00:33.574+0530][gc,phases   ] GC(4)   Merge Heap Roots: 0.1ms
[2024-06-28T10:00:33.574+0530][gc,phases   ] GC(4)   Evacuate Collection Set: 4.8ms
[2024-06-28T10:00:33.574+0530][gc,phases   ] GC(4)   Post Evacuate Collection Set: 0.4ms
[2024-06-28T10:00:33.574+0530][gc,phases   ] GC(4)   Other: 0.4ms
[2024-06-28T10:00:33.574+0530][gc,heap     ] GC(4) Eden regions: 14->0(49)
[2024-06-28T10:00:33.574+0530][gc,heap     ] GC(4) Survivor regions: 7->2(7)
[2024-06-28T10:00:33.574+0530][gc,heap     ] GC(4) Old regions: 9->15
[2024-06-28T10:00:33.574+0530][gc,heap     ] GC(4) Archive regions: 2->2
[2024-06-28T10:00:33.574+0530][gc,heap     ] GC(4) Humongous regions: 129->129
[2024-06-28T10:00:33.574+0530][gc,metaspace] GC(4) Metaspace: 35732K(35968K)->35732K(35968K) NonClass: 31689K(31808K)->31689K(31808K) Class: 4043K(4160K)->4043K(4160K)
[2024-06-28T10:00:33.574+0530][gc          ] GC(4) Pause Young (Concurrent Start) (Metadata GC Threshold) 157M->145M(1024M) 6.331ms
[2024-06-28T10:00:33.574+0530][gc,cpu      ] GC(4) User=0.05s Sys=0.01s Real=0.01s
[2024-06-28T10:00:33.574+0530][gc          ] GC(5) Concurrent Mark Cycle
[2024-06-28T10:00:33.574+0530][gc,marking  ] GC(5) Concurrent Clear Claimed Marks
[2024-06-28T10:00:33.574+0530][gc,marking  ] GC(5) Concurrent Clear Claimed Marks 0.028ms
[2024-06-28T10:00:33.574+0530][gc,marking  ] GC(5) Concurrent Scan Root Regions
[2024-06-28T10:00:33.576+0530][gc,marking  ] GC(5) Concurrent Scan Root Regions 2.356ms
[2024-06-28T10:00:33.576+0530][gc,marking  ] GC(5) Concurrent Mark
[2024-06-28T10:00:33.576+0530][gc,marking  ] GC(5) Concurrent Mark From Roots
[2024-06-28T10:00:33.576+0530][gc,task     ] GC(5) Using 3 workers of 3 for marking
[2024-06-28T10:00:33.581+0530][gc,marking  ] GC(5) Concurrent Mark From Roots 4.696ms
[2024-06-28T10:00:33.581+0530][gc,marking  ] GC(5) Concurrent Preclean
[2024-06-28T10:00:33.581+0530][gc,marking  ] GC(5) Concurrent Preclean 0.155ms
[2024-06-28T10:00:33.581+0530][gc,start    ] GC(5) Pause Remark
[2024-06-28T10:00:33.583+0530][gc          ] GC(5) Pause Remark 145M->145M(1024M) 1.330ms
[2024-06-28T10:00:33.583+0530][gc,cpu      ] GC(5) User=0.01s Sys=0.00s Real=0.00s
[2024-06-28T10:00:33.583+0530][gc,marking  ] GC(5) Concurrent Mark 6.375ms
[2024-06-28T10:00:33.583+0530][gc,marking  ] GC(5) Concurrent Rebuild Remembered Sets
[2024-06-28T10:00:33.586+0530][gc,marking  ] GC(5) Concurrent Rebuild Remembered Sets 2.950ms
[2024-06-28T10:00:33.586+0530][gc,start    ] GC(5) Pause Cleanup
[2024-06-28T10:00:33.586+0530][gc          ] GC(5) Pause Cleanup 145M->145M(1024M) 0.104ms
[2024-06-28T10:00:33.586+0530][gc,cpu      ] GC(5) User=0.00s Sys=0.00s Real=0.00s
[2024-06-28T10:00:33.586+0530][gc,marking  ] GC(5) Concurrent Cleanup for Next Mark
[2024-06-28T10:00:33.588+0530][gc,marking  ] GC(5) Concurrent Cleanup for Next Mark 2.204ms
[2024-06-28T10:00:33.588+0530][gc          ] GC(5) Concurrent Mark Cycle 14.228ms
[2024-06-28T10:02:03.486+0530][gc,start    ] GC(6) Pause Young (Prepare Mixed) (G1 Evacuation Pause)
[2024-06-28T10:02:03.486+0530][gc,task     ] GC(6) Using 13 workers of 13 for evacuation
[2024-06-28T10:02:03.488+0530][gc,phases   ] GC(6)   Pre Evacuate Collection Set: 0.1ms
[2024-06-28T10:02:03.488+0530][gc,phases   ] GC(6)   Merge Heap Roots: 0.0ms
[2024-06-28T10:02:03.488+0530][gc,phases   ] GC(6)   Evacuate Collection Set: 1.4ms
[2024-06-28T10:02:03.488+0530][gc,phases   ] GC(6)   Post Evacuate Collection Set: 0.4ms
[2024-06-28T10:02:03.488+0530][gc,phases   ] GC(6)   Other: 0.1ms
[2024-06-28T10:02:03.488+0530][gc,heap     ] GC(6) Eden regions: 49->0(48)
[2024-06-28T10:02:03.488+0530][gc,heap     ] GC(6) Survivor regions: 2->3(7)
[2024-06-28T10:02:03.488+0530][gc,heap     ] GC(6) Old regions: 15->15
[2024-06-28T10:02:03.488+0530][gc,heap     ] GC(6) Archive regions: 2->2
[2024-06-28T10:02:03.488+0530][gc,heap     ] GC(6) Humongous regions: 129->129
[2024-06-28T10:02:03.488+0530][gc,metaspace] GC(6) Metaspace: 40207K(40576K)->40207K(40576K) NonClass: 35569K(35776K)->35569K(35776K) Class: 4638K(4800K)->4638K(4800K)
[2024-06-28T10:02:03.488+0530][gc          ] GC(6) Pause Young (Prepare Mixed) (G1 Evacuation Pause) 194M->146M(1024M) 2.036ms
[2024-06-28T10:02:03.488+0530][gc,cpu      ] GC(6) User=0.01s Sys=0.00s Real=0.01s
[2024-06-28T10:02:06.531+0530][gc,start    ] GC(7) Pause Young (Mixed) (G1 Evacuation Pause)
[2024-06-28T10:02:06.531+0530][gc,task     ] GC(7) Using 13 workers of 13 for evacuation
[2024-06-28T10:02:06.533+0530][gc,phases   ] GC(7)   Pre Evacuate Collection Set: 0.1ms
[2024-06-28T10:02:06.533+0530][gc,phases   ] GC(7)   Merge Heap Roots: 0.0ms
[2024-06-28T10:02:06.533+0530][gc,phases   ] GC(7)   Evacuate Collection Set: 1.1ms
[2024-06-28T10:02:06.533+0530][gc,phases   ] GC(7)   Post Evacuate Collection Set: 0.4ms
[2024-06-28T10:02:06.533+0530][gc,phases   ] GC(7)   Other: 0.1ms
[2024-06-28T10:02:06.533+0530][gc,heap     ] GC(7) Eden regions: 48->0(48)
[2024-06-28T10:02:06.533+0530][gc,heap     ] GC(7) Survivor regions: 3->3(7)
[2024-06-28T10:02:06.533+0530][gc,heap     ] GC(7) Old regions: 15->14
[2024-06-28T10:02:06.533+0530][gc,heap     ] GC(7) Archive regions: 2->2
[2024-06-28T10:02:06.533+0530][gc,heap     ] GC(7) Humongous regions: 129->129
[2024-06-28T10:02:06.533+0530][gc,metaspace] GC(7) Metaspace: 40208K(40576K)->40208K(40576K) NonClass: 35569K(35776K)->35569K(35776K) Class: 4638K(4800K)->4638K(4800K)
[2024-06-28T10:02:06.533+0530][gc          ] GC(7) Pause Young (Mixed) (G1 Evacuation Pause) 194M->146M(1024M) 1.783ms
[2024-06-28T10:02:06.533+0530][gc,cpu      ] GC(7) User=0.01s Sys=0.00s Real=0.00s
[2024-06-28T10:02:09.740+0530][gc,start    ] GC(8) Pause Young (Normal) (G1 Evacuation Pause)
[2024-06-28T10:02:09.740+0530][gc,task     ] GC(8) Using 13 workers of 13 for evacuation
[2024-06-28T10:02:09.741+0530][gc,phases   ] GC(8)   Pre Evacuate Collection Set: 0.1ms
[2024-06-28T10:02:09.741+0530][gc,phases   ] GC(8)   Merge Heap Roots: 0.0ms
[2024-06-28T10:02:09.741+0530][gc,phases   ] GC(8)   Evacuate Collection Set: 0.8ms
[2024-06-28T10:02:09.741+0530][gc,phases   ] GC(8)   Post Evacuate Collection Set: 0.2ms
[2024-06-28T10:02:09.741+0530][gc,phases   ] GC(8)   Other: 0.1ms
[2024-06-28T10:02:09.741+0530][gc,heap     ] GC(8) Eden regions: 48->0(65)
[2024-06-28T10:02:09.741+0530][gc,heap     ] GC(8) Survivor regions: 3->3(7)
[2024-06-28T10:02:09.741+0530][gc,heap     ] GC(8) Old regions: 14->14
[2024-06-28T10:02:09.741+0530][gc,heap     ] GC(8) Archive regions: 2->2
[2024-06-28T10:02:09.741+0530][gc,heap     ] GC(8) Humongous regions: 129->129
[2024-06-28T10:02:09.741+0530][gc,metaspace] GC(8) Metaspace: 40228K(40640K)->40228K(40640K) NonClass: 35584K(35840K)->35584K(35840K) Class: 4643K(4800K)->4643K(4800K)
[2024-06-28T10:02:09.741+0530][gc          ] GC(8) Pause Young (Normal) (G1 Evacuation Pause) 194M->146M(1024M) 1.267ms
[2024-06-28T10:02:09.741+0530][gc,cpu      ] GC(8) User=0.01s Sys=0.00s Real=0.00s
[2024-06-28T10:02:14.636+0530][gc,start    ] GC(9) Pause Young (Normal) (G1 Evacuation Pause)
[2024-06-28T10:02:14.637+0530][gc,task     ] GC(9) Using 13 workers of 13 for evacuation
[2024-06-28T10:02:14.638+0530][gc,phases   ] GC(9)   Pre Evacuate Collection Set: 0.2ms
[2024-06-28T10:02:14.638+0530][gc,phases   ] GC(9)   Merge Heap Roots: 0.0ms
[2024-06-28T10:02:14.638+0530][gc,phases   ] GC(9)   Evacuate Collection Set: 1.3ms
[2024-06-28T10:02:14.638+0530][gc,phases   ] GC(9)   Post Evacuate Collection Set: 0.3ms
[2024-06-28T10:02:14.638+0530][gc,phases   ] GC(9)   Other: 0.1ms
[2024-06-28T10:02:14.638+0530][gc,heap     ] GC(9) Eden regions: 65->0(294)
[2024-06-28T10:02:14.638+0530][gc,heap     ] GC(9) Survivor regions: 3->3(9)
[2024-06-28T10:02:14.638+0530][gc,heap     ] GC(9) Old regions: 14->14
[2024-06-28T10:02:14.638+0530][gc,heap     ] GC(9) Archive regions: 2->2
[2024-06-28T10:02:14.638+0530][gc,heap     ] GC(9) Humongous regions: 129->129
[2024-06-28T10:02:14.638+0530][gc,metaspace] GC(9) Metaspace: 40230K(40640K)->40230K(40640K) NonClass: 35586K(35840K)->35586K(35840K) Class: 4644K(4800K)->4644K(4800K)
[2024-06-28T10:02:14.638+0530][gc          ] GC(9) Pause Young (Normal) (G1 Evacuation Pause) 211M->146M(1024M) 2.003ms
[2024-06-28T10:02:14.638+0530][gc,cpu      ] GC(9) User=0.01s Sys=0.00s Real=0.00s
[2024-06-28T10:02:37.389+0530][gc,start    ] GC(10) Pause Young (Normal) (G1 Evacuation Pause)
[2024-06-28T10:02:37.389+0530][gc,task     ] GC(10) Using 13 workers of 13 for evacuation
[2024-06-28T10:02:37.390+0530][gc,phases   ] GC(10)   Pre Evacuate Collection Set: 0.1ms
[2024-06-28T10:02:37.390+0530][gc,phases   ] GC(10)   Merge Heap Roots: 0.1ms
[2024-06-28T10:02:37.390+0530][gc,phases   ] GC(10)   Evacuate Collection Set: 1.0ms
[2024-06-28T10:02:37.390+0530][gc,phases   ] GC(10)   Post Evacuate Collection Set: 0.2ms
[2024-06-28T10:02:37.390+0530][gc,phases   ] GC(10)   Other: 0.1ms
[2024-06-28T10:02:37.390+0530][gc,heap     ] GC(10) Eden regions: 294->0(587)
[2024-06-28T10:02:37.390+0530][gc,heap     ] GC(10) Survivor regions: 3->3(38)
[2024-06-28T10:02:37.390+0530][gc,heap     ] GC(10) Old regions: 14->14
[2024-06-28T10:02:37.390+0530][gc,heap     ] GC(10) Archive regions: 2->2
[2024-06-28T10:02:37.390+0530][gc,heap     ] GC(10) Humongous regions: 129->129
[2024-06-28T10:02:37.390+0530][gc,metaspace] GC(10) Metaspace: 40244K(40640K)->40244K(40640K) NonClass: 35600K(35840K)->35600K(35840K) Class: 4644K(4800K)->4644K(4800K)
[2024-06-28T10:02:37.390+0530][gc          ] GC(10) Pause Young (Normal) (G1 Evacuation Pause) 440M->146M(1024M) 1.651ms
[2024-06-28T10:02:37.390+0530][gc,cpu      ] GC(10) User=0.01s Sys=0.00s Real=0.00s
[2024-06-28T10:22:10.106+0530][gc,heap,exit] Heap
[2024-06-28T10:22:10.106+0530][gc,heap,exit]  garbage-first heap   total 1048576K, used 280435K [0x00000000c0000000, 0x0000000100000000)
[2024-06-28T10:22:10.106+0530][gc,heap,exit]   region size 1024K, 131 young (134144K), 3 survivors (3072K)
[2024-06-28T10:22:10.106+0530][gc,heap,exit]  Metaspace       used 41537K, committed 42048K, reserved 1114112K
[2024-06-28T10:22:10.106+0530][gc,heap,exit]   class space    used 4862K, committed 5120K, reserved 1048576K
