[2024-06-28T10:23:35.888+0530][gc] Using G1
[2024-06-28T10:23:35.897+0530][gc,init] Version: 17.0.10+7-Ubuntu-122.04.1 (release)
[2024-06-28T10:23:35.897+0530][gc,init] CPUs: 16 total, 16 available
[2024-06-28T10:23:35.897+0530][gc,init] Memory: 31911M
[2024-06-28T10:23:35.897+0530][gc,init] Large Page Support: Disabled
[2024-06-28T10:23:35.897+0530][gc,init] NUMA Support: Disabled
[2024-06-28T10:23:35.897+0530][gc,init] Compressed Oops: Enabled (32-bit)
[2024-06-28T10:23:35.897+0530][gc,init] Heap Region Size: 1M
[2024-06-28T10:23:35.897+0530][gc,init] Heap Min Capacity: 1G
[2024-06-28T10:23:35.897+0530][gc,init] Heap Initial Capacity: 1G
[2024-06-28T10:23:35.897+0530][gc,init] Heap Max Capacity: 1G
[2024-06-28T10:23:35.897+0530][gc,init] Pre-touch: Disabled
[2024-06-28T10:23:35.897+0530][gc,init] Parallel Workers: 13
[2024-06-28T10:23:35.897+0530][gc,init] Concurrent Workers: 3
[2024-06-28T10:23:35.897+0530][gc,init] Concurrent Refinement Workers: 13
[2024-06-28T10:23:35.897+0530][gc,init] Periodic GC: Disabled
[2024-06-28T10:23:35.901+0530][gc,metaspace] CDS archive(s) mapped at: [0x000076d883000000-0x000076d883bc7000-0x000076d883bc7000), size 12349440, SharedBaseAddress: 0x000076d883000000, ArchiveRelocationMode: 1.
[2024-06-28T10:23:35.901+0530][gc,metaspace] Compressed class space mapped at: 0x000076d884000000-0x000076d8c4000000, reserved size: 1073741824
[2024-06-28T10:23:35.901+0530][gc,metaspace] Narrow klass base: 0x000076d883000000, Narrow klass shift: 0, Narrow klass range: 0x100000000
[2024-06-28T10:23:36.403+0530][gc,start    ] GC(0) Pause Young (Normal) (G1 Evacuation Pause)
[2024-06-28T10:23:36.403+0530][gc,task     ] GC(0) Using 13 workers of 13 for evacuation
[2024-06-28T10:23:36.406+0530][gc,phases   ] GC(0)   Pre Evacuate Collection Set: 0.1ms
[2024-06-28T10:23:36.406+0530][gc,phases   ] GC(0)   Merge Heap Roots: 0.0ms
[2024-06-28T10:23:36.406+0530][gc,phases   ] GC(0)   Evacuate Collection Set: 1.9ms
[2024-06-28T10:23:36.406+0530][gc,phases   ] GC(0)   Post Evacuate Collection Set: 0.3ms
[2024-06-28T10:23:36.406+0530][gc,phases   ] GC(0)   Other: 0.7ms
[2024-06-28T10:23:36.406+0530][gc,heap     ] GC(0) Eden regions: 51->0(44)
[2024-06-28T10:23:36.406+0530][gc,heap     ] GC(0) Survivor regions: 0->7(7)
[2024-06-28T10:23:36.406+0530][gc,heap     ] GC(0) Old regions: 0->1
[2024-06-28T10:23:36.406+0530][gc,heap     ] GC(0) Archive regions: 2->2
[2024-06-28T10:23:36.406+0530][gc,heap     ] GC(0) Humongous regions: 0->0
[2024-06-28T10:23:36.406+0530][gc,metaspace] GC(0) Metaspace: 18571K(18752K)->18571K(18752K) NonClass: 16368K(16448K)->16368K(16448K) Class: 2203K(2304K)->2203K(2304K)
[2024-06-28T10:23:36.406+0530][gc          ] GC(0) Pause Young (Normal) (G1 Evacuation Pause) 51M->8M(1024M) 3.148ms
[2024-06-28T10:23:36.406+0530][gc,cpu      ] GC(0) User=0.02s Sys=0.01s Real=0.00s
[2024-06-28T10:23:36.506+0530][gc,start    ] GC(1) Pause Young (Concurrent Start) (Metadata GC Threshold)
[2024-06-28T10:23:36.506+0530][gc,task     ] GC(1) Using 13 workers of 13 for evacuation
[2024-06-28T10:23:36.508+0530][gc,phases   ] GC(1)   Pre Evacuate Collection Set: 0.1ms
[2024-06-28T10:23:36.508+0530][gc,phases   ] GC(1)   Merge Heap Roots: 0.0ms
[2024-06-28T10:23:36.508+0530][gc,phases   ] GC(1)   Evacuate Collection Set: 1.3ms
[2024-06-28T10:23:36.508+0530][gc,phases   ] GC(1)   Post Evacuate Collection Set: 0.2ms
[2024-06-28T10:23:36.508+0530][gc,phases   ] GC(1)   Other: 0.1ms
[2024-06-28T10:23:36.508+0530][gc,heap     ] GC(1) Eden regions: 12->0(49)
[2024-06-28T10:23:36.508+0530][gc,heap     ] GC(1) Survivor regions: 7->2(7)
[2024-06-28T10:23:36.508+0530][gc,heap     ] GC(1) Old regions: 1->9
[2024-06-28T10:23:36.508+0530][gc,heap     ] GC(1) Archive regions: 2->2
[2024-06-28T10:23:36.508+0530][gc,heap     ] GC(1) Humongous regions: 0->0
[2024-06-28T10:23:36.508+0530][gc,metaspace] GC(1) Metaspace: 21350K(21504K)->21350K(21504K) NonClass: 18791K(18880K)->18791K(18880K) Class: 2558K(2624K)->2558K(2624K)
[2024-06-28T10:23:36.508+0530][gc          ] GC(1) Pause Young (Concurrent Start) (Metadata GC Threshold) 19M->10M(1024M) 1.866ms
[2024-06-28T10:23:36.508+0530][gc,cpu      ] GC(1) User=0.02s Sys=0.00s Real=0.01s
[2024-06-28T10:23:36.508+0530][gc          ] GC(2) Concurrent Mark Cycle
[2024-06-28T10:23:36.508+0530][gc,marking  ] GC(2) Concurrent Clear Claimed Marks
[2024-06-28T10:23:36.508+0530][gc,marking  ] GC(2) Concurrent Clear Claimed Marks 0.015ms
[2024-06-28T10:23:36.508+0530][gc,marking  ] GC(2) Concurrent Scan Root Regions
[2024-06-28T10:23:36.509+0530][gc,marking  ] GC(2) Concurrent Scan Root Regions 0.914ms
[2024-06-28T10:23:36.509+0530][gc,marking  ] GC(2) Concurrent Mark
[2024-06-28T10:23:36.509+0530][gc,marking  ] GC(2) Concurrent Mark From Roots
[2024-06-28T10:23:36.509+0530][gc,task     ] GC(2) Using 3 workers of 3 for marking
[2024-06-28T10:23:36.510+0530][gc,marking  ] GC(2) Concurrent Mark From Roots 0.736ms
[2024-06-28T10:23:36.510+0530][gc,marking  ] GC(2) Concurrent Preclean
[2024-06-28T10:23:36.510+0530][gc,marking  ] GC(2) Concurrent Preclean 0.045ms
[2024-06-28T10:23:36.510+0530][gc,start    ] GC(2) Pause Remark
[2024-06-28T10:23:36.511+0530][gc          ] GC(2) Pause Remark 10M->10M(1024M) 1.186ms
[2024-06-28T10:23:36.511+0530][gc,cpu      ] GC(2) User=0.01s Sys=0.00s Real=0.00s
[2024-06-28T10:23:36.511+0530][gc,marking  ] GC(2) Concurrent Mark 2.167ms
[2024-06-28T10:23:36.511+0530][gc,marking  ] GC(2) Concurrent Rebuild Remembered Sets
[2024-06-28T10:23:36.512+0530][gc,marking  ] GC(2) Concurrent Rebuild Remembered Sets 1.125ms
[2024-06-28T10:23:36.512+0530][gc,start    ] GC(2) Pause Cleanup
[2024-06-28T10:23:36.512+0530][gc          ] GC(2) Pause Cleanup 10M->10M(1024M) 0.088ms
[2024-06-28T10:23:36.512+0530][gc,cpu      ] GC(2) User=0.00s Sys=0.00s Real=0.00s
[2024-06-28T10:23:36.512+0530][gc,marking  ] GC(2) Concurrent Cleanup for Next Mark
[2024-06-28T10:23:36.514+0530][gc,marking  ] GC(2) Concurrent Cleanup for Next Mark 2.049ms
[2024-06-28T10:23:36.514+0530][gc          ] GC(2) Concurrent Mark Cycle 6.589ms
[2024-06-28T10:23:36.938+0530][gc,start    ] GC(3) Pause Young (Normal) (G1 Evacuation Pause)
[2024-06-28T10:23:36.938+0530][gc,task     ] GC(3) Using 13 workers of 13 for evacuation
[2024-06-28T10:23:36.940+0530][gc,phases   ] GC(3)   Pre Evacuate Collection Set: 0.1ms
[2024-06-28T10:23:36.940+0530][gc,phases   ] GC(3)   Merge Heap Roots: 0.0ms
[2024-06-28T10:23:36.940+0530][gc,phases   ] GC(3)   Evacuate Collection Set: 1.6ms
[2024-06-28T10:23:36.940+0530][gc,phases   ] GC(3)   Post Evacuate Collection Set: 0.5ms
[2024-06-28T10:23:36.940+0530][gc,phases   ] GC(3)   Other: 0.1ms
[2024-06-28T10:23:36.940+0530][gc,heap     ] GC(3) Eden regions: 49->0(44)
[2024-06-28T10:23:36.940+0530][gc,heap     ] GC(3) Survivor regions: 2->7(7)
[2024-06-28T10:23:36.940+0530][gc,heap     ] GC(3) Old regions: 9->9
[2024-06-28T10:23:36.940+0530][gc,heap     ] GC(3) Archive regions: 2->2
[2024-06-28T10:23:36.940+0530][gc,heap     ] GC(3) Humongous regions: 129->129
[2024-06-28T10:23:36.940+0530][gc,metaspace] GC(3) Metaspace: 32245K(32512K)->32245K(32512K) NonClass: 28589K(28736K)->28589K(28736K) Class: 3656K(3776K)->3656K(3776K)
[2024-06-28T10:23:36.940+0530][gc          ] GC(3) Pause Young (Normal) (G1 Evacuation Pause) 187M->144M(1024M) 2.453ms
[2024-06-28T10:23:36.940+0530][gc,cpu      ] GC(3) User=0.03s Sys=0.00s Real=0.01s
[2024-06-28T10:23:37.039+0530][gc,start    ] GC(4) Pause Young (Concurrent Start) (Metadata GC Threshold)
[2024-06-28T10:23:37.039+0530][gc,task     ] GC(4) Using 13 workers of 13 for evacuation
[2024-06-28T10:23:37.041+0530][gc,phases   ] GC(4)   Pre Evacuate Collection Set: 0.1ms
[2024-06-28T10:23:37.041+0530][gc,phases   ] GC(4)   Merge Heap Roots: 0.0ms
[2024-06-28T10:23:37.041+0530][gc,phases   ] GC(4)   Evacuate Collection Set: 1.5ms
[2024-06-28T10:23:37.041+0530][gc,phases   ] GC(4)   Post Evacuate Collection Set: 0.2ms
[2024-06-28T10:23:37.041+0530][gc,phases   ] GC(4)   Other: 0.1ms
[2024-06-28T10:23:37.041+0530][gc,heap     ] GC(4) Eden regions: 15->0(49)
[2024-06-28T10:23:37.041+0530][gc,heap     ] GC(4) Survivor regions: 7->2(7)
[2024-06-28T10:23:37.041+0530][gc,heap     ] GC(4) Old regions: 9->15
[2024-06-28T10:23:37.041+0530][gc,heap     ] GC(4) Archive regions: 2->2
[2024-06-28T10:23:37.041+0530][gc,heap     ] GC(4) Humongous regions: 129->129
[2024-06-28T10:23:37.041+0530][gc,metaspace] GC(4) Metaspace: 35856K(36096K)->35856K(36096K) NonClass: 31871K(32000K)->31871K(32000K) Class: 3985K(4096K)->3985K(4096K)
[2024-06-28T10:23:37.041+0530][gc          ] GC(4) Pause Young (Concurrent Start) (Metadata GC Threshold) 159M->145M(1024M) 2.008ms
[2024-06-28T10:23:37.041+0530][gc,cpu      ] GC(4) User=0.02s Sys=0.00s Real=0.01s
[2024-06-28T10:23:37.041+0530][gc          ] GC(5) Concurrent Mark Cycle
[2024-06-28T10:23:37.041+0530][gc,marking  ] GC(5) Concurrent Clear Claimed Marks
[2024-06-28T10:23:37.041+0530][gc,marking  ] GC(5) Concurrent Clear Claimed Marks 0.016ms
[2024-06-28T10:23:37.041+0530][gc,marking  ] GC(5) Concurrent Scan Root Regions
[2024-06-28T10:23:37.042+0530][gc,marking  ] GC(5) Concurrent Scan Root Regions 1.101ms
[2024-06-28T10:23:37.042+0530][gc,marking  ] GC(5) Concurrent Mark
[2024-06-28T10:23:37.042+0530][gc,marking  ] GC(5) Concurrent Mark From Roots
[2024-06-28T10:23:37.042+0530][gc,task     ] GC(5) Using 3 workers of 3 for marking
[2024-06-28T10:23:37.045+0530][gc,marking  ] GC(5) Concurrent Mark From Roots 2.139ms
[2024-06-28T10:23:37.045+0530][gc,marking  ] GC(5) Concurrent Preclean
[2024-06-28T10:23:37.045+0530][gc,marking  ] GC(5) Concurrent Preclean 0.067ms
[2024-06-28T10:23:37.045+0530][gc,start    ] GC(5) Pause Remark
[2024-06-28T10:23:37.045+0530][gc          ] GC(5) Pause Remark 146M->146M(1024M) 0.604ms
[2024-06-28T10:23:37.045+0530][gc,cpu      ] GC(5) User=0.01s Sys=0.00s Real=0.00s
[2024-06-28T10:23:37.045+0530][gc,marking  ] GC(5) Concurrent Mark 2.913ms
[2024-06-28T10:23:37.045+0530][gc,marking  ] GC(5) Concurrent Rebuild Remembered Sets
[2024-06-28T10:23:37.047+0530][gc,marking  ] GC(5) Concurrent Rebuild Remembered Sets 2.086ms
[2024-06-28T10:23:37.047+0530][gc,start    ] GC(5) Pause Cleanup
[2024-06-28T10:23:37.048+0530][gc          ] GC(5) Pause Cleanup 147M->147M(1024M) 0.079ms
[2024-06-28T10:23:37.048+0530][gc,cpu      ] GC(5) User=0.00s Sys=0.00s Real=0.01s
[2024-06-28T10:23:37.048+0530][gc,marking  ] GC(5) Concurrent Cleanup for Next Mark
[2024-06-28T10:23:37.049+0530][gc,marking  ] GC(5) Concurrent Cleanup for Next Mark 1.649ms
[2024-06-28T10:23:37.049+0530][gc          ] GC(5) Concurrent Mark Cycle 8.071ms
[2024-06-28T10:23:58.684+0530][gc,start    ] GC(6) Pause Young (Prepare Mixed) (G1 Evacuation Pause)
[2024-06-28T10:23:58.684+0530][gc,task     ] GC(6) Using 13 workers of 13 for evacuation
[2024-06-28T10:23:58.686+0530][gc,phases   ] GC(6)   Pre Evacuate Collection Set: 0.1ms
[2024-06-28T10:23:58.686+0530][gc,phases   ] GC(6)   Merge Heap Roots: 0.0ms
[2024-06-28T10:23:58.686+0530][gc,phases   ] GC(6)   Evacuate Collection Set: 1.3ms
[2024-06-28T10:23:58.686+0530][gc,phases   ] GC(6)   Post Evacuate Collection Set: 0.3ms
[2024-06-28T10:23:58.686+0530][gc,phases   ] GC(6)   Other: 0.1ms
[2024-06-28T10:23:58.686+0530][gc,heap     ] GC(6) Eden regions: 49->0(47)
[2024-06-28T10:23:58.686+0530][gc,heap     ] GC(6) Survivor regions: 2->4(7)
[2024-06-28T10:23:58.686+0530][gc,heap     ] GC(6) Old regions: 15->15
[2024-06-28T10:23:58.686+0530][gc,heap     ] GC(6) Archive regions: 2->2
[2024-06-28T10:23:58.686+0530][gc,heap     ] GC(6) Humongous regions: 129->129
[2024-06-28T10:23:58.686+0530][gc,metaspace] GC(6) Metaspace: 42506K(43008K)->42506K(43008K) NonClass: 37663K(37952K)->37663K(37952K) Class: 4842K(5056K)->4842K(5056K)
[2024-06-28T10:23:58.686+0530][gc          ] GC(6) Pause Young (Prepare Mixed) (G1 Evacuation Pause) 194M->147M(1024M) 1.894ms
[2024-06-28T10:23:58.686+0530][gc,cpu      ] GC(6) User=0.01s Sys=0.00s Real=0.00s
[2024-06-28T10:32:04.865+0530][gc,start    ] GC(7) Pause Young (Mixed) (G1 Evacuation Pause)
[2024-06-28T10:32:04.865+0530][gc,task     ] GC(7) Using 13 workers of 13 for evacuation
[2024-06-28T10:32:04.867+0530][gc,phases   ] GC(7)   Pre Evacuate Collection Set: 0.1ms
[2024-06-28T10:32:04.867+0530][gc,phases   ] GC(7)   Merge Heap Roots: 0.0ms
[2024-06-28T10:32:04.867+0530][gc,phases   ] GC(7)   Evacuate Collection Set: 1.3ms
[2024-06-28T10:32:04.867+0530][gc,phases   ] GC(7)   Post Evacuate Collection Set: 0.2ms
[2024-06-28T10:32:04.867+0530][gc,phases   ] GC(7)   Other: 0.1ms
[2024-06-28T10:32:04.867+0530][gc,heap     ] GC(7) Eden regions: 47->0(47)
[2024-06-28T10:32:04.867+0530][gc,heap     ] GC(7) Survivor regions: 4->4(7)
[2024-06-28T10:32:04.867+0530][gc,heap     ] GC(7) Old regions: 15->16
[2024-06-28T10:32:04.867+0530][gc,heap     ] GC(7) Archive regions: 2->2
[2024-06-28T10:32:04.867+0530][gc,heap     ] GC(7) Humongous regions: 129->129
[2024-06-28T10:32:04.867+0530][gc,metaspace] GC(7) Metaspace: 45461K(45952K)->45461K(45952K) NonClass: 40244K(40512K)->40244K(40512K) Class: 5217K(5440K)->5217K(5440K)
[2024-06-28T10:32:04.867+0530][gc          ] GC(7) Pause Young (Mixed) (G1 Evacuation Pause) 194M->148M(1024M) 1.816ms
[2024-06-28T10:32:04.867+0530][gc,cpu      ] GC(7) User=0.01s Sys=0.00s Real=0.00s
[2024-06-28T10:32:07.002+0530][gc,start    ] GC(8) Pause Young (Normal) (G1 Evacuation Pause)
[2024-06-28T10:32:07.002+0530][gc,task     ] GC(8) Using 13 workers of 13 for evacuation
[2024-06-28T10:32:07.003+0530][gc,phases   ] GC(8)   Pre Evacuate Collection Set: 0.1ms
[2024-06-28T10:32:07.003+0530][gc,phases   ] GC(8)   Merge Heap Roots: 0.0ms
[2024-06-28T10:32:07.003+0530][gc,phases   ] GC(8)   Evacuate Collection Set: 0.9ms
[2024-06-28T10:32:07.003+0530][gc,phases   ] GC(8)   Post Evacuate Collection Set: 0.2ms
[2024-06-28T10:32:07.003+0530][gc,phases   ] GC(8)   Other: 0.1ms
[2024-06-28T10:32:07.003+0530][gc,heap     ] GC(8) Eden regions: 47->0(60)
[2024-06-28T10:32:07.003+0530][gc,heap     ] GC(8) Survivor regions: 4->3(7)
[2024-06-28T10:32:07.003+0530][gc,heap     ] GC(8) Old regions: 16->16
[2024-06-28T10:32:07.003+0530][gc,heap     ] GC(8) Archive regions: 2->2
[2024-06-28T10:32:07.003+0530][gc,heap     ] GC(8) Humongous regions: 129->129
[2024-06-28T10:32:07.003+0530][gc,metaspace] GC(8) Metaspace: 45461K(45952K)->45461K(45952K) NonClass: 40244K(40512K)->40244K(40512K) Class: 5217K(5440K)->5217K(5440K)
[2024-06-28T10:32:07.003+0530][gc          ] GC(8) Pause Young (Normal) (G1 Evacuation Pause) 195M->148M(1024M) 1.278ms
[2024-06-28T10:32:07.003+0530][gc,cpu      ] GC(8) User=0.01s Sys=0.00s Real=0.00s
[2024-06-28T10:32:09.919+0530][gc,start    ] GC(9) Pause Young (Normal) (G1 Evacuation Pause)
[2024-06-28T10:32:09.920+0530][gc,task     ] GC(9) Using 13 workers of 13 for evacuation
[2024-06-28T10:32:09.921+0530][gc,phases   ] GC(9)   Pre Evacuate Collection Set: 0.1ms
[2024-06-28T10:32:09.921+0530][gc,phases   ] GC(9)   Merge Heap Roots: 0.0ms
[2024-06-28T10:32:09.921+0530][gc,phases   ] GC(9)   Evacuate Collection Set: 1.5ms
[2024-06-28T10:32:09.921+0530][gc,phases   ] GC(9)   Post Evacuate Collection Set: 0.2ms
[2024-06-28T10:32:09.921+0530][gc,phases   ] GC(9)   Other: 0.1ms
[2024-06-28T10:32:09.922+0530][gc,heap     ] GC(9) Eden regions: 60->0(303)
[2024-06-28T10:32:09.922+0530][gc,heap     ] GC(9) Survivor regions: 3->3(8)
[2024-06-28T10:32:09.922+0530][gc,heap     ] GC(9) Old regions: 16->16
[2024-06-28T10:32:09.922+0530][gc,heap     ] GC(9) Archive regions: 2->2
[2024-06-28T10:32:09.922+0530][gc,heap     ] GC(9) Humongous regions: 129->129
[2024-06-28T10:32:09.922+0530][gc,metaspace] GC(9) Metaspace: 45463K(45952K)->45463K(45952K) NonClass: 40246K(40512K)->40246K(40512K) Class: 5217K(5440K)->5217K(5440K)
[2024-06-28T10:32:09.922+0530][gc          ] GC(9) Pause Young (Normal) (G1 Evacuation Pause) 208M->148M(1024M) 2.077ms
[2024-06-28T10:32:09.922+0530][gc,cpu      ] GC(9) User=0.03s Sys=0.00s Real=0.01s
[2024-06-28T10:34:14.491+0530][gc,start    ] GC(10) Pause Young (Normal) (G1 Evacuation Pause)
[2024-06-28T10:34:14.491+0530][gc,task     ] GC(10) Using 13 workers of 13 for evacuation
[2024-06-28T10:34:14.492+0530][gc,phases   ] GC(10)   Pre Evacuate Collection Set: 0.1ms
[2024-06-28T10:34:14.492+0530][gc,phases   ] GC(10)   Merge Heap Roots: 0.1ms
[2024-06-28T10:34:14.492+0530][gc,phases   ] GC(10)   Evacuate Collection Set: 1.0ms
[2024-06-28T10:34:14.492+0530][gc,phases   ] GC(10)   Post Evacuate Collection Set: 0.2ms
[2024-06-28T10:34:14.492+0530][gc,phases   ] GC(10)   Other: 0.1ms
[2024-06-28T10:34:14.492+0530][gc,heap     ] GC(10) Eden regions: 303->0(611)
[2024-06-28T10:34:14.492+0530][gc,heap     ] GC(10) Survivor regions: 3->3(39)
[2024-06-28T10:34:14.492+0530][gc,heap     ] GC(10) Old regions: 16->16
[2024-06-28T10:34:14.492+0530][gc,heap     ] GC(10) Archive regions: 2->2
[2024-06-28T10:34:14.492+0530][gc,heap     ] GC(10) Humongous regions: 129->129
[2024-06-28T10:34:14.492+0530][gc,metaspace] GC(10) Metaspace: 45779K(46272K)->45779K(46272K) NonClass: 40555K(40832K)->40555K(40832K) Class: 5223K(5440K)->5223K(5440K)
[2024-06-28T10:34:14.492+0530][gc          ] GC(10) Pause Young (Normal) (G1 Evacuation Pause) 451M->148M(1024M) 1.538ms
[2024-06-28T10:34:14.492+0530][gc,cpu      ] GC(10) User=0.02s Sys=0.00s Real=0.00s
[2024-06-28T10:34:46.736+0530][gc,start    ] GC(11) Pause Young (Normal) (G1 Evacuation Pause)
[2024-06-28T10:34:46.736+0530][gc,task     ] GC(11) Using 13 workers of 13 for evacuation
[2024-06-28T10:34:46.738+0530][gc,phases   ] GC(11)   Pre Evacuate Collection Set: 0.1ms
[2024-06-28T10:34:46.738+0530][gc,phases   ] GC(11)   Merge Heap Roots: 0.1ms
[2024-06-28T10:34:46.738+0530][gc,phases   ] GC(11)   Evacuate Collection Set: 1.2ms
[2024-06-28T10:34:46.738+0530][gc,phases   ] GC(11)   Post Evacuate Collection Set: 0.4ms
[2024-06-28T10:34:46.738+0530][gc,phases   ] GC(11)   Other: 0.2ms
[2024-06-28T10:34:46.738+0530][gc,heap     ] GC(11) Eden regions: 611->0(611)
[2024-06-28T10:34:46.738+0530][gc,heap     ] GC(11) Survivor regions: 3->3(77)
[2024-06-28T10:34:46.738+0530][gc,heap     ] GC(11) Old regions: 16->16
[2024-06-28T10:34:46.738+0530][gc,heap     ] GC(11) Archive regions: 2->2
[2024-06-28T10:34:46.738+0530][gc,heap     ] GC(11) Humongous regions: 129->129
[2024-06-28T10:34:46.738+0530][gc,metaspace] GC(11) Metaspace: 45791K(46272K)->45791K(46272K) NonClass: 40567K(40832K)->40567K(40832K) Class: 5223K(5440K)->5223K(5440K)
[2024-06-28T10:34:46.738+0530][gc          ] GC(11) Pause Young (Normal) (G1 Evacuation Pause) 759M->148M(1024M) 2.073ms
[2024-06-28T10:34:46.738+0530][gc,cpu      ] GC(11) User=0.01s Sys=0.00s Real=0.00s
[2024-06-28T10:36:50.561+0530][gc,heap,exit] Heap
[2024-06-28T10:36:50.562+0530][gc,heap,exit]  garbage-first heap   total 1048576K, used 283519K [0x00000000c0000000, 0x0000000100000000)
[2024-06-28T10:36:50.562+0530][gc,heap,exit]   region size 1024K, 132 young (135168K), 3 survivors (3072K)
[2024-06-28T10:36:50.562+0530][gc,heap,exit]  Metaspace       used 46765K, committed 47296K, reserved 1114112K
[2024-06-28T10:36:50.562+0530][gc,heap,exit]   class space    used 5422K, committed 5632K, reserved 1048576K
