[2024-07-01T10:27:58.693+0530][gc] Using G1
[2024-07-01T10:27:58.706+0530][gc,init] Version: 17.0.10+7-Ubuntu-122.04.1 (release)
[2024-07-01T10:27:58.706+0530][gc,init] CPUs: 16 total, 16 available
[2024-07-01T10:27:58.706+0530][gc,init] Memory: 31911M
[2024-07-01T10:27:58.706+0530][gc,init] Large Page Support: Disabled
[2024-07-01T10:27:58.706+0530][gc,init] NUMA Support: Disabled
[2024-07-01T10:27:58.706+0530][gc,init] Compressed Oops: Enabled (32-bit)
[2024-07-01T10:27:58.706+0530][gc,init] Heap Region Size: 1M
[2024-07-01T10:27:58.706+0530][gc,init] Heap Min Capacity: 1G
[2024-07-01T10:27:58.706+0530][gc,init] Heap Initial Capacity: 1G
[2024-07-01T10:27:58.706+0530][gc,init] Heap Max Capacity: 1G
[2024-07-01T10:27:58.706+0530][gc,init] Pre-touch: Disabled
[2024-07-01T10:27:58.706+0530][gc,init] Parallel Workers: 13
[2024-07-01T10:27:58.706+0530][gc,init] Concurrent Workers: 3
[2024-07-01T10:27:58.706+0530][gc,init] Concurrent Refinement Workers: 13
[2024-07-01T10:27:58.706+0530][gc,init] Periodic GC: Disabled
[2024-07-01T10:27:58.713+0530][gc,metaspace] CDS archive(s) mapped at: [0x000072a1f7000000-0x000072a1f7bc7000-0x000072a1f7bc7000), size 12349440, SharedBaseAddress: 0x000072a1f7000000, ArchiveRelocationMode: 1.
[2024-07-01T10:27:58.713+0530][gc,metaspace] Compressed class space mapped at: 0x000072a1f8000000-0x000072a238000000, reserved size: 1073741824
[2024-07-01T10:27:58.713+0530][gc,metaspace] Narrow klass base: 0x000072a1f7000000, Narrow klass shift: 0, Narrow klass range: 0x100000000
[2024-07-01T10:27:59.185+0530][gc,start    ] GC(0) Pause Young (Normal) (G1 Evacuation Pause)
[2024-07-01T10:27:59.186+0530][gc,task     ] GC(0) Using 13 workers of 13 for evacuation
[2024-07-01T10:27:59.188+0530][gc,phases   ] GC(0)   Pre Evacuate Collection Set: 0.1ms
[2024-07-01T10:27:59.188+0530][gc,phases   ] GC(0)   Merge Heap Roots: 0.0ms
[2024-07-01T10:27:59.188+0530][gc,phases   ] GC(0)   Evacuate Collection Set: 1.5ms
[2024-07-01T10:27:59.188+0530][gc,phases   ] GC(0)   Post Evacuate Collection Set: 0.2ms
[2024-07-01T10:27:59.188+0530][gc,phases   ] GC(0)   Other: 1.0ms
[2024-07-01T10:27:59.188+0530][gc,heap     ] GC(0) Eden regions: 51->0(44)
[2024-07-01T10:27:59.188+0530][gc,heap     ] GC(0) Survivor regions: 0->7(7)
[2024-07-01T10:27:59.188+0530][gc,heap     ] GC(0) Old regions: 0->2
[2024-07-01T10:27:59.188+0530][gc,heap     ] GC(0) Archive regions: 2->2
[2024-07-01T10:27:59.188+0530][gc,heap     ] GC(0) Humongous regions: 0->0
[2024-07-01T10:27:59.188+0530][gc,metaspace] GC(0) Metaspace: 18661K(18816K)->18661K(18816K) NonClass: 16627K(16704K)->16627K(16704K) Class: 2033K(2112K)->2033K(2112K)
[2024-07-01T10:27:59.188+0530][gc          ] GC(0) Pause Young (Normal) (G1 Evacuation Pause) 51M->9M(1024M) 2.920ms
[2024-07-01T10:27:59.188+0530][gc,cpu      ] GC(0) User=0.02s Sys=0.00s Real=0.00s
[2024-07-01T10:27:59.250+0530][gc,start    ] GC(1) Pause Young (Concurrent Start) (Metadata GC Threshold)
[2024-07-01T10:27:59.250+0530][gc,task     ] GC(1) Using 13 workers of 13 for evacuation
[2024-07-01T10:27:59.252+0530][gc,phases   ] GC(1)   Pre Evacuate Collection Set: 0.1ms
[2024-07-01T10:27:59.252+0530][gc,phases   ] GC(1)   Merge Heap Roots: 0.0ms
[2024-07-01T10:27:59.252+0530][gc,phases   ] GC(1)   Evacuate Collection Set: 1.2ms
[2024-07-01T10:27:59.252+0530][gc,phases   ] GC(1)   Post Evacuate Collection Set: 0.2ms
[2024-07-01T10:27:59.252+0530][gc,phases   ] GC(1)   Other: 0.1ms
[2024-07-01T10:27:59.252+0530][gc,heap     ] GC(1) Eden regions: 10->0(49)
[2024-07-01T10:27:59.252+0530][gc,heap     ] GC(1) Survivor regions: 7->2(7)
[2024-07-01T10:27:59.252+0530][gc,heap     ] GC(1) Old regions: 2->9
[2024-07-01T10:27:59.252+0530][gc,heap     ] GC(1) Archive regions: 2->2
[2024-07-01T10:27:59.252+0530][gc,heap     ] GC(1) Humongous regions: 0->0
[2024-07-01T10:27:59.252+0530][gc,metaspace] GC(1) Metaspace: 21365K(21504K)->21365K(21504K) NonClass: 18990K(19072K)->18990K(19072K) Class: 2375K(2432K)->2375K(2432K)
[2024-07-01T10:27:59.252+0530][gc          ] GC(1) Pause Young (Concurrent Start) (Metadata GC Threshold) 18M->10M(1024M) 1.629ms
[2024-07-01T10:27:59.252+0530][gc,cpu      ] GC(1) User=0.01s Sys=0.00s Real=0.00s
[2024-07-01T10:27:59.252+0530][gc          ] GC(2) Concurrent Mark Cycle
[2024-07-01T10:27:59.252+0530][gc,marking  ] GC(2) Concurrent Clear Claimed Marks
[2024-07-01T10:27:59.252+0530][gc,marking  ] GC(2) Concurrent Clear Claimed Marks 0.009ms
[2024-07-01T10:27:59.252+0530][gc,marking  ] GC(2) Concurrent Scan Root Regions
[2024-07-01T10:27:59.253+0530][gc,marking  ] GC(2) Concurrent Scan Root Regions 0.885ms
[2024-07-01T10:27:59.253+0530][gc,marking  ] GC(2) Concurrent Mark
[2024-07-01T10:27:59.253+0530][gc,marking  ] GC(2) Concurrent Mark From Roots
[2024-07-01T10:27:59.253+0530][gc,task     ] GC(2) Using 3 workers of 3 for marking
[2024-07-01T10:27:59.254+0530][gc,marking  ] GC(2) Concurrent Mark From Roots 0.805ms
[2024-07-01T10:27:59.254+0530][gc,marking  ] GC(2) Concurrent Preclean
[2024-07-01T10:27:59.254+0530][gc,marking  ] GC(2) Concurrent Preclean 0.039ms
[2024-07-01T10:27:59.254+0530][gc,start    ] GC(2) Pause Remark
[2024-07-01T10:27:59.255+0530][gc          ] GC(2) Pause Remark 10M->10M(1024M) 0.623ms
[2024-07-01T10:27:59.255+0530][gc,cpu      ] GC(2) User=0.00s Sys=0.00s Real=0.00s
[2024-07-01T10:27:59.255+0530][gc,marking  ] GC(2) Concurrent Mark 1.587ms
[2024-07-01T10:27:59.255+0530][gc,marking  ] GC(2) Concurrent Rebuild Remembered Sets
[2024-07-01T10:27:59.255+0530][gc,marking  ] GC(2) Concurrent Rebuild Remembered Sets 0.883ms
[2024-07-01T10:27:59.256+0530][gc,start    ] GC(2) Pause Cleanup
[2024-07-01T10:27:59.256+0530][gc          ] GC(2) Pause Cleanup 10M->10M(1024M) 0.066ms
[2024-07-01T10:27:59.256+0530][gc,cpu      ] GC(2) User=0.00s Sys=0.00s Real=0.00s
[2024-07-01T10:27:59.256+0530][gc,marking  ] GC(2) Concurrent Cleanup for Next Mark
[2024-07-01T10:27:59.257+0530][gc,marking  ] GC(2) Concurrent Cleanup for Next Mark 1.650ms
[2024-07-01T10:27:59.257+0530][gc          ] GC(2) Concurrent Mark Cycle 5.271ms
[2024-07-01T10:27:59.547+0530][gc,start    ] GC(3) Pause Young (Normal) (G1 Evacuation Pause)
[2024-07-01T10:27:59.547+0530][gc,task     ] GC(3) Using 13 workers of 13 for evacuation
[2024-07-01T10:27:59.549+0530][gc,phases   ] GC(3)   Pre Evacuate Collection Set: 0.1ms
[2024-07-01T10:27:59.549+0530][gc,phases   ] GC(3)   Merge Heap Roots: 0.0ms
[2024-07-01T10:27:59.549+0530][gc,phases   ] GC(3)   Evacuate Collection Set: 1.3ms
[2024-07-01T10:27:59.549+0530][gc,phases   ] GC(3)   Post Evacuate Collection Set: 0.2ms
[2024-07-01T10:27:59.549+0530][gc,phases   ] GC(3)   Other: 0.1ms
[2024-07-01T10:27:59.549+0530][gc,heap     ] GC(3) Eden regions: 49->0(46)
[2024-07-01T10:27:59.549+0530][gc,heap     ] GC(3) Survivor regions: 2->5(7)
[2024-07-01T10:27:59.549+0530][gc,heap     ] GC(3) Old regions: 9->9
[2024-07-01T10:27:59.549+0530][gc,heap     ] GC(3) Archive regions: 2->2
[2024-07-01T10:27:59.549+0530][gc,heap     ] GC(3) Humongous regions: 0->0
[2024-07-01T10:27:59.549+0530][gc,metaspace] GC(3) Metaspace: 30827K(31040K)->30827K(31040K) NonClass: 27393K(27520K)->27393K(27520K) Class: 3433K(3520K)->3433K(3520K)
[2024-07-01T10:27:59.549+0530][gc          ] GC(3) Pause Young (Normal) (G1 Evacuation Pause) 59M->13M(1024M) 1.721ms
[2024-07-01T10:27:59.549+0530][gc,cpu      ] GC(3) User=0.03s Sys=0.00s Real=0.00s
[2024-07-01T10:28:00.019+0530][gc,start    ] GC(4) Pause Young (Concurrent Start) (Metadata GC Threshold)
[2024-07-01T10:28:00.019+0530][gc,task     ] GC(4) Using 13 workers of 13 for evacuation
[2024-07-01T10:28:00.020+0530][gc,phases   ] GC(4)   Pre Evacuate Collection Set: 0.1ms
[2024-07-01T10:28:00.020+0530][gc,phases   ] GC(4)   Merge Heap Roots: 0.0ms
[2024-07-01T10:28:00.020+0530][gc,phases   ] GC(4)   Evacuate Collection Set: 1.5ms
[2024-07-01T10:28:00.020+0530][gc,phases   ] GC(4)   Post Evacuate Collection Set: 0.2ms
[2024-07-01T10:28:00.020+0530][gc,phases   ] GC(4)   Other: 0.1ms
[2024-07-01T10:28:00.020+0530][gc,heap     ] GC(4) Eden regions: 25->0(48)
[2024-07-01T10:28:00.020+0530][gc,heap     ] GC(4) Survivor regions: 5->3(7)
[2024-07-01T10:28:00.020+0530][gc,heap     ] GC(4) Old regions: 9->13
[2024-07-01T10:28:00.020+0530][gc,heap     ] GC(4) Archive regions: 2->2
[2024-07-01T10:28:00.020+0530][gc,heap     ] GC(4) Humongous regions: 129->129
[2024-07-01T10:28:00.020+0530][gc,metaspace] GC(4) Metaspace: 35784K(36096K)->35784K(36096K) NonClass: 31831K(32000K)->31831K(32000K) Class: 3953K(4096K)->3953K(4096K)
[2024-07-01T10:28:00.020+0530][gc          ] GC(4) Pause Young (Concurrent Start) (Metadata GC Threshold) 167M->145M(1024M) 1.905ms
[2024-07-01T10:28:00.021+0530][gc,cpu      ] GC(4) User=0.01s Sys=0.00s Real=0.00s
[2024-07-01T10:28:00.021+0530][gc          ] GC(5) Concurrent Mark Cycle
[2024-07-01T10:28:00.021+0530][gc,marking  ] GC(5) Concurrent Clear Claimed Marks
[2024-07-01T10:28:00.021+0530][gc,marking  ] GC(5) Concurrent Clear Claimed Marks 0.020ms
[2024-07-01T10:28:00.021+0530][gc,marking  ] GC(5) Concurrent Scan Root Regions
[2024-07-01T10:28:00.022+0530][gc,marking  ] GC(5) Concurrent Scan Root Regions 1.443ms
[2024-07-01T10:28:00.022+0530][gc,marking  ] GC(5) Concurrent Mark
[2024-07-01T10:28:00.022+0530][gc,marking  ] GC(5) Concurrent Mark From Roots
[2024-07-01T10:28:00.022+0530][gc,task     ] GC(5) Using 3 workers of 3 for marking
[2024-07-01T10:28:00.025+0530][gc,marking  ] GC(5) Concurrent Mark From Roots 2.737ms
[2024-07-01T10:28:00.025+0530][gc,marking  ] GC(5) Concurrent Preclean
[2024-07-01T10:28:00.025+0530][gc,marking  ] GC(5) Concurrent Preclean 0.064ms
[2024-07-01T10:28:00.025+0530][gc,start    ] GC(5) Pause Remark
[2024-07-01T10:28:00.026+0530][gc          ] GC(5) Pause Remark 146M->146M(1024M) 0.772ms
[2024-07-01T10:28:00.026+0530][gc,cpu      ] GC(5) User=0.00s Sys=0.00s Real=0.00s
[2024-07-01T10:28:00.026+0530][gc,marking  ] GC(5) Concurrent Mark 3.761ms
[2024-07-01T10:28:00.026+0530][gc,marking  ] GC(5) Concurrent Rebuild Remembered Sets
[2024-07-01T10:28:00.028+0530][gc,marking  ] GC(5) Concurrent Rebuild Remembered Sets 2.046ms
[2024-07-01T10:28:00.028+0530][gc,start    ] GC(5) Pause Cleanup
[2024-07-01T10:28:00.028+0530][gc          ] GC(5) Pause Cleanup 147M->147M(1024M) 0.101ms
[2024-07-01T10:28:00.028+0530][gc,cpu      ] GC(5) User=0.00s Sys=0.00s Real=0.00s
[2024-07-01T10:28:00.028+0530][gc,marking  ] GC(5) Concurrent Cleanup for Next Mark
[2024-07-01T10:28:00.030+0530][gc,marking  ] GC(5) Concurrent Cleanup for Next Mark 1.704ms
[2024-07-01T10:28:00.030+0530][gc          ] GC(5) Concurrent Mark Cycle 9.250ms
[2024-07-01T10:30:57.487+0530][gc,start    ] GC(6) Pause Young (Normal) (G1 Evacuation Pause)
[2024-07-01T10:30:57.488+0530][gc,task     ] GC(6) Using 13 workers of 13 for evacuation
[2024-07-01T10:30:57.494+0530][gc,phases   ] GC(6)   Pre Evacuate Collection Set: 0.3ms
[2024-07-01T10:30:57.494+0530][gc,phases   ] GC(6)   Merge Heap Roots: 0.2ms
[2024-07-01T10:30:57.494+0530][gc,phases   ] GC(6)   Evacuate Collection Set: 5.2ms
[2024-07-01T10:30:57.494+0530][gc,phases   ] GC(6)   Post Evacuate Collection Set: 0.9ms
[2024-07-01T10:30:57.494+0530][gc,phases   ] GC(6)   Other: 0.3ms
[2024-07-01T10:30:57.494+0530][gc,heap     ] GC(6) Eden regions: 48->0(45)
[2024-07-01T10:30:57.494+0530][gc,heap     ] GC(6) Survivor regions: 3->6(7)
[2024-07-01T10:30:57.494+0530][gc,heap     ] GC(6) Old regions: 13->13
[2024-07-01T10:30:57.494+0530][gc,heap     ] GC(6) Archive regions: 2->2
[2024-07-01T10:30:57.494+0530][gc,heap     ] GC(6) Humongous regions: 129->129
[2024-07-01T10:30:57.494+0530][gc,metaspace] GC(6) Metaspace: 40467K(40896K)->40467K(40896K) NonClass: 36014K(36224K)->36014K(36224K) Class: 4453K(4672K)->4453K(4672K)
[2024-07-01T10:30:57.494+0530][gc          ] GC(6) Pause Young (Normal) (G1 Evacuation Pause) 193M->147M(1024M) 6.972ms
[2024-07-01T10:30:57.494+0530][gc,cpu      ] GC(6) User=0.08s Sys=0.00s Real=0.00s
[2024-07-01T10:35:09.275+0530][gc,start    ] GC(7) Pause Young (Normal) (G1 Evacuation Pause)
[2024-07-01T10:35:09.275+0530][gc,task     ] GC(7) Using 13 workers of 13 for evacuation
[2024-07-01T10:35:09.282+0530][gc,phases   ] GC(7)   Pre Evacuate Collection Set: 0.3ms
[2024-07-01T10:35:09.282+0530][gc,phases   ] GC(7)   Merge Heap Roots: 0.2ms
[2024-07-01T10:35:09.282+0530][gc,phases   ] GC(7)   Evacuate Collection Set: 5.2ms
[2024-07-01T10:35:09.282+0530][gc,phases   ] GC(7)   Post Evacuate Collection Set: 1.2ms
[2024-07-01T10:35:09.282+0530][gc,phases   ] GC(7)   Other: 0.3ms
[2024-07-01T10:35:09.282+0530][gc,heap     ] GC(7) Eden regions: 45->0(47)
[2024-07-01T10:35:09.282+0530][gc,heap     ] GC(7) Survivor regions: 6->4(7)
[2024-07-01T10:35:09.282+0530][gc,heap     ] GC(7) Old regions: 13->16
[2024-07-01T10:35:09.282+0530][gc,heap     ] GC(7) Archive regions: 2->2
[2024-07-01T10:35:09.282+0530][gc,heap     ] GC(7) Humongous regions: 129->129
[2024-07-01T10:35:09.282+0530][gc,metaspace] GC(7) Metaspace: 40881K(41280K)->40881K(41280K) NonClass: 36389K(36608K)->36389K(36608K) Class: 4491K(4672K)->4491K(4672K)
[2024-07-01T10:35:09.282+0530][gc          ] GC(7) Pause Young (Normal) (G1 Evacuation Pause) 192M->148M(1024M) 7.519ms
[2024-07-01T10:35:09.282+0530][gc,cpu      ] GC(7) User=0.07s Sys=0.01s Real=0.01s
[2024-07-01T10:40:01.946+0530][gc,start    ] GC(8) Pause Young (Normal) (G1 Evacuation Pause)
[2024-07-01T10:40:01.946+0530][gc,task     ] GC(8) Using 13 workers of 13 for evacuation
[2024-07-01T10:40:01.950+0530][gc,phases   ] GC(8)   Pre Evacuate Collection Set: 0.2ms
[2024-07-01T10:40:01.950+0530][gc,phases   ] GC(8)   Merge Heap Roots: 0.1ms
[2024-07-01T10:40:01.950+0530][gc,phases   ] GC(8)   Evacuate Collection Set: 2.9ms
[2024-07-01T10:40:01.950+0530][gc,phases   ] GC(8)   Post Evacuate Collection Set: 0.3ms
[2024-07-01T10:40:01.950+0530][gc,phases   ] GC(8)   Other: 0.2ms
[2024-07-01T10:40:01.950+0530][gc,heap     ] GC(8) Eden regions: 47->0(47)
[2024-07-01T10:40:01.950+0530][gc,heap     ] GC(8) Survivor regions: 4->4(7)
[2024-07-01T10:40:01.950+0530][gc,heap     ] GC(8) Old regions: 16->16
[2024-07-01T10:40:01.950+0530][gc,heap     ] GC(8) Archive regions: 2->2
[2024-07-01T10:40:01.950+0530][gc,heap     ] GC(8) Humongous regions: 138->138
[2024-07-01T10:40:01.950+0530][gc,metaspace] GC(8) Metaspace: 41814K(42176K)->41814K(42176K) NonClass: 37232K(37440K)->37232K(37440K) Class: 4581K(4736K)->4581K(4736K)
[2024-07-01T10:40:01.950+0530][gc          ] GC(8) Pause Young (Normal) (G1 Evacuation Pause) 204M->157M(1024M) 3.698ms
[2024-07-01T10:40:01.950+0530][gc,cpu      ] GC(8) User=0.03s Sys=0.01s Real=0.00s
[2024-07-01T10:47:55.029+0530][gc,start    ] GC(9) Pause Young (Normal) (G1 Evacuation Pause)
[2024-07-01T10:47:55.029+0530][gc,task     ] GC(9) Using 13 workers of 13 for evacuation
[2024-07-01T10:47:55.031+0530][gc,phases   ] GC(9)   Pre Evacuate Collection Set: 0.1ms
[2024-07-01T10:47:55.031+0530][gc,phases   ] GC(9)   Merge Heap Roots: 0.0ms
[2024-07-01T10:47:55.031+0530][gc,phases   ] GC(9)   Evacuate Collection Set: 1.2ms
[2024-07-01T10:47:55.031+0530][gc,phases   ] GC(9)   Post Evacuate Collection Set: 0.3ms
[2024-07-01T10:47:55.031+0530][gc,phases   ] GC(9)   Other: 0.1ms
[2024-07-01T10:47:55.031+0530][gc,heap     ] GC(9) Eden regions: 47->0(71)
[2024-07-01T10:47:55.031+0530][gc,heap     ] GC(9) Survivor regions: 4->4(7)
[2024-07-01T10:47:55.031+0530][gc,heap     ] GC(9) Old regions: 16->16
[2024-07-01T10:47:55.031+0530][gc,heap     ] GC(9) Archive regions: 2->2
[2024-07-01T10:47:55.031+0530][gc,heap     ] GC(9) Humongous regions: 138->138
[2024-07-01T10:47:55.031+0530][gc,metaspace] GC(9) Metaspace: 41954K(42304K)->41954K(42304K) NonClass: 37373K(37568K)->37373K(37568K) Class: 4581K(4736K)->4581K(4736K)
[2024-07-01T10:47:55.031+0530][gc          ] GC(9) Pause Young (Normal) (G1 Evacuation Pause) 204M->157M(1024M) 1.672ms
[2024-07-01T10:47:55.031+0530][gc,cpu      ] GC(9) User=0.02s Sys=0.00s Real=0.00s
[2024-07-01T10:57:28.260+0530][gc,heap,exit] Heap
[2024-07-01T10:57:28.260+0530][gc,heap,exit]  garbage-first heap   total 1048576K, used 230371K [0x00000000c0000000, 0x0000000100000000)
[2024-07-01T10:57:28.260+0530][gc,heap,exit]   region size 1024K, 72 young (73728K), 4 survivors (4096K)
[2024-07-01T10:57:28.260+0530][gc,heap,exit]  Metaspace       used 42999K, committed 43456K, reserved 1114112K
[2024-07-01T10:57:28.260+0530][gc,heap,exit]   class space    used 4797K, committed 4992K, reserved 1048576K
