[2024-07-01T10:26:34.112+0530][gc] Using G1
[2024-07-01T10:26:34.113+0530][gc,init] Version: 17.0.10+7-Ubuntu-122.04.1 (release)
[2024-07-01T10:26:34.113+0530][gc,init] CPUs: 16 total, 16 available
[2024-07-01T10:26:34.113+0530][gc,init] Memory: 31911M
[2024-07-01T10:26:34.113+0530][gc,init] Large Page Support: Disabled
[2024-07-01T10:26:34.113+0530][gc,init] NUMA Support: Disabled
[2024-07-01T10:26:34.113+0530][gc,init] Compressed Oops: Enabled (32-bit)
[2024-07-01T10:26:34.113+0530][gc,init] Heap Region Size: 1M
[2024-07-01T10:26:34.113+0530][gc,init] Heap Min Capacity: 100M
[2024-07-01T10:26:34.113+0530][gc,init] Heap Initial Capacity: 100M
[2024-07-01T10:26:34.113+0530][gc,init] Heap Max Capacity: 200M
[2024-07-01T10:26:34.113+0530][gc,init] Pre-touch: Disabled
[2024-07-01T10:26:34.113+0530][gc,init] Parallel Workers: 13
[2024-07-01T10:26:34.113+0530][gc,init] Concurrent Workers: 3
[2024-07-01T10:26:34.113+0530][gc,init] Concurrent Refinement Workers: 13
[2024-07-01T10:26:34.113+0530][gc,init] Periodic GC: Disabled
[2024-07-01T10:26:34.120+0530][gc,metaspace] CDS archive(s) mapped at: [0x000071b4b3000000-0x000071b4b3bc7000-0x000071b4b3bc7000), size 12349440, SharedBaseAddress: 0x000071b4b3000000, ArchiveRelocationMode: 1.
[2024-07-01T10:26:34.120+0530][gc,metaspace] Compressed class space mapped at: 0x000071b4b4000000-0x000071b4f4000000, reserved size: 1073741824
[2024-07-01T10:26:34.120+0530][gc,metaspace] Narrow klass base: 0x000071b4b3000000, Narrow klass shift: 0, Narrow klass range: 0x100000000
[2024-07-01T10:26:34.170+0530][gc,start    ] GC(0) Pause Young (Normal) (G1 Evacuation Pause)
[2024-07-01T10:26:34.170+0530][gc,task     ] GC(0) Using 2 workers of 13 for evacuation
[2024-07-01T10:26:34.172+0530][gc,phases   ] GC(0)   Pre Evacuate Collection Set: 0.0ms
[2024-07-01T10:26:34.172+0530][gc,phases   ] GC(0)   Merge Heap Roots: 0.0ms
[2024-07-01T10:26:34.172+0530][gc,phases   ] GC(0)   Evacuate Collection Set: 1.1ms
[2024-07-01T10:26:34.172+0530][gc,phases   ] GC(0)   Post Evacuate Collection Set: 0.1ms
[2024-07-01T10:26:34.172+0530][gc,phases   ] GC(0)   Other: 0.2ms
[2024-07-01T10:26:34.172+0530][gc,heap     ] GC(0) Eden regions: 5->0(4)
[2024-07-01T10:26:34.172+0530][gc,heap     ] GC(0) Survivor regions: 0->1(1)
[2024-07-01T10:26:34.172+0530][gc,heap     ] GC(0) Old regions: 0->3
[2024-07-01T10:26:34.172+0530][gc,heap     ] GC(0) Archive regions: 2->2
[2024-07-01T10:26:34.172+0530][gc,heap     ] GC(0) Humongous regions: 0->0
[2024-07-01T10:26:34.172+0530][gc,metaspace] GC(0) Metaspace: 524K(704K)->524K(704K) NonClass: 505K(576K)->505K(576K) Class: 19K(128K)->19K(128K)
[2024-07-01T10:26:34.172+0530][gc          ] GC(0) Pause Young (Normal) (G1 Evacuation Pause) 5M->4M(102M) 1.507ms
[2024-07-01T10:26:34.172+0530][gc,cpu      ] GC(0) User=0.01s Sys=0.00s Real=0.00s
[2024-07-01T10:26:34.241+0530][gc,start    ] GC(1) Pause Young (Normal) (G1 Evacuation Pause)
[2024-07-01T10:26:34.241+0530][gc,task     ] GC(1) Using 2 workers of 13 for evacuation
[2024-07-01T10:26:34.242+0530][gc,phases   ] GC(1)   Pre Evacuate Collection Set: 0.0ms
[2024-07-01T10:26:34.242+0530][gc,phases   ] GC(1)   Merge Heap Roots: 0.0ms
[2024-07-01T10:26:34.242+0530][gc,phases   ] GC(1)   Evacuate Collection Set: 1.4ms
[2024-07-01T10:26:34.242+0530][gc,phases   ] GC(1)   Post Evacuate Collection Set: 0.1ms
[2024-07-01T10:26:34.242+0530][gc,phases   ] GC(1)   Other: 0.1ms
[2024-07-01T10:26:34.242+0530][gc,heap     ] GC(1) Eden regions: 4->0(4)
[2024-07-01T10:26:34.242+0530][gc,heap     ] GC(1) Survivor regions: 1->1(1)
[2024-07-01T10:26:34.242+0530][gc,heap     ] GC(1) Old regions: 3->4
[2024-07-01T10:26:34.242+0530][gc,heap     ] GC(1) Archive regions: 2->2
[2024-07-01T10:26:34.242+0530][gc,heap     ] GC(1) Humongous regions: 0->0
[2024-07-01T10:26:34.242+0530][gc,metaspace] GC(1) Metaspace: 3811K(3968K)->3811K(3968K) NonClass: 3409K(3456K)->3409K(3456K) Class: 402K(512K)->402K(512K)
[2024-07-01T10:26:34.242+0530][gc          ] GC(1) Pause Young (Normal) (G1 Evacuation Pause) 8M->5M(102M) 1.630ms
[2024-07-01T10:26:34.242+0530][gc,cpu      ] GC(1) User=0.01s Sys=0.00s Real=0.00s
[2024-07-01T10:26:34.291+0530][gc,start    ] GC(2) Pause Young (Normal) (G1 Evacuation Pause)
[2024-07-01T10:26:34.291+0530][gc,task     ] GC(2) Using 2 workers of 13 for evacuation
[2024-07-01T10:26:34.293+0530][gc,phases   ] GC(2)   Pre Evacuate Collection Set: 0.0ms
[2024-07-01T10:26:34.293+0530][gc,phases   ] GC(2)   Merge Heap Roots: 0.0ms
[2024-07-01T10:26:34.293+0530][gc,phases   ] GC(2)   Evacuate Collection Set: 1.6ms
[2024-07-01T10:26:34.293+0530][gc,phases   ] GC(2)   Post Evacuate Collection Set: 0.2ms
[2024-07-01T10:26:34.293+0530][gc,phases   ] GC(2)   Other: 0.1ms
[2024-07-01T10:26:34.293+0530][gc,heap     ] GC(2) Eden regions: 4->0(4)
[2024-07-01T10:26:34.293+0530][gc,heap     ] GC(2) Survivor regions: 1->1(1)
[2024-07-01T10:26:34.293+0530][gc,heap     ] GC(2) Old regions: 4->5
[2024-07-01T10:26:34.293+0530][gc,heap     ] GC(2) Archive regions: 2->2
[2024-07-01T10:26:34.293+0530][gc,heap     ] GC(2) Humongous regions: 0->0
[2024-07-01T10:26:34.293+0530][gc,metaspace] GC(2) Metaspace: 5947K(6208K)->5947K(6208K) NonClass: 5311K(5440K)->5311K(5440K) Class: 636K(768K)->636K(768K)
[2024-07-01T10:26:34.293+0530][gc          ] GC(2) Pause Young (Normal) (G1 Evacuation Pause) 9M->6M(102M) 1.939ms
[2024-07-01T10:26:34.293+0530][gc,cpu      ] GC(2) User=0.01s Sys=0.01s Real=0.00s
[2024-07-01T10:26:34.339+0530][gc,start    ] GC(3) Pause Young (Normal) (G1 Evacuation Pause)
[2024-07-01T10:26:34.339+0530][gc,task     ] GC(3) Using 2 workers of 13 for evacuation
[2024-07-01T10:26:34.340+0530][gc,phases   ] GC(3)   Pre Evacuate Collection Set: 0.0ms
[2024-07-01T10:26:34.340+0530][gc,phases   ] GC(3)   Merge Heap Roots: 0.0ms
[2024-07-01T10:26:34.340+0530][gc,phases   ] GC(3)   Evacuate Collection Set: 1.1ms
[2024-07-01T10:26:34.340+0530][gc,phases   ] GC(3)   Post Evacuate Collection Set: 0.2ms
[2024-07-01T10:26:34.340+0530][gc,phases   ] GC(3)   Other: 0.1ms
[2024-07-01T10:26:34.340+0530][gc,heap     ] GC(3) Eden regions: 4->0(4)
[2024-07-01T10:26:34.340+0530][gc,heap     ] GC(3) Survivor regions: 1->1(1)
[2024-07-01T10:26:34.340+0530][gc,heap     ] GC(3) Old regions: 5->6
[2024-07-01T10:26:34.340+0530][gc,heap     ] GC(3) Archive regions: 2->2
[2024-07-01T10:26:34.340+0530][gc,heap     ] GC(3) Humongous regions: 0->0
[2024-07-01T10:26:34.340+0530][gc,metaspace] GC(3) Metaspace: 6953K(7168K)->6953K(7168K) NonClass: 6225K(6336K)->6225K(6336K) Class: 727K(832K)->727K(832K)
[2024-07-01T10:26:34.340+0530][gc          ] GC(3) Pause Young (Normal) (G1 Evacuation Pause) 10M->7M(102M) 1.420ms
[2024-07-01T10:26:34.340+0530][gc,cpu      ] GC(3) User=0.01s Sys=0.00s Real=0.00s
[2024-07-01T10:26:34.374+0530][gc,start    ] GC(4) Pause Young (Normal) (G1 Evacuation Pause)
[2024-07-01T10:26:34.374+0530][gc,task     ] GC(4) Using 2 workers of 13 for evacuation
[2024-07-01T10:26:34.375+0530][gc,phases   ] GC(4)   Pre Evacuate Collection Set: 0.1ms
[2024-07-01T10:26:34.375+0530][gc,phases   ] GC(4)   Merge Heap Roots: 0.0ms
[2024-07-01T10:26:34.375+0530][gc,phases   ] GC(4)   Evacuate Collection Set: 0.8ms
[2024-07-01T10:26:34.375+0530][gc,phases   ] GC(4)   Post Evacuate Collection Set: 0.2ms
[2024-07-01T10:26:34.375+0530][gc,phases   ] GC(4)   Other: 0.1ms
[2024-07-01T10:26:34.375+0530][gc,heap     ] GC(4) Eden regions: 4->0(10)
[2024-07-01T10:26:34.375+0530][gc,heap     ] GC(4) Survivor regions: 1->1(1)
[2024-07-01T10:26:34.375+0530][gc,heap     ] GC(4) Old regions: 6->7
[2024-07-01T10:26:34.375+0530][gc,heap     ] GC(4) Archive regions: 2->2
[2024-07-01T10:26:34.375+0530][gc,heap     ] GC(4) Humongous regions: 0->0
[2024-07-01T10:26:34.375+0530][gc,metaspace] GC(4) Metaspace: 8572K(8768K)->8572K(8768K) NonClass: 7634K(7744K)->7634K(7744K) Class: 937K(1024K)->937K(1024K)
[2024-07-01T10:26:34.375+0530][gc          ] GC(4) Pause Young (Normal) (G1 Evacuation Pause) 11M->8M(102M) 1.156ms
[2024-07-01T10:26:34.375+0530][gc,cpu      ] GC(4) User=0.00s Sys=0.00s Real=0.00s
[2024-07-01T10:26:34.447+0530][gc,start    ] GC(5) Pause Young (Normal) (G1 Evacuation Pause)
[2024-07-01T10:26:34.447+0530][gc,task     ] GC(5) Using 2 workers of 13 for evacuation
[2024-07-01T10:26:34.448+0530][gc,phases   ] GC(5)   Pre Evacuate Collection Set: 0.1ms
[2024-07-01T10:26:34.449+0530][gc,phases   ] GC(5)   Merge Heap Roots: 0.1ms
[2024-07-01T10:26:34.449+0530][gc,phases   ] GC(5)   Evacuate Collection Set: 0.6ms
[2024-07-01T10:26:34.449+0530][gc,phases   ] GC(5)   Post Evacuate Collection Set: 0.2ms
[2024-07-01T10:26:34.449+0530][gc,phases   ] GC(5)   Other: 0.1ms
[2024-07-01T10:26:34.449+0530][gc,heap     ] GC(5) Eden regions: 10->0(59)
[2024-07-01T10:26:34.449+0530][gc,heap     ] GC(5) Survivor regions: 1->1(2)
[2024-07-01T10:26:34.449+0530][gc,heap     ] GC(5) Old regions: 7->7
[2024-07-01T10:26:34.449+0530][gc,heap     ] GC(5) Archive regions: 2->2
[2024-07-01T10:26:34.449+0530][gc,heap     ] GC(5) Humongous regions: 0->0
[2024-07-01T10:26:34.449+0530][gc,metaspace] GC(5) Metaspace: 12341K(12416K)->12341K(12416K) NonClass: 10905K(10944K)->10905K(10944K) Class: 1436K(1472K)->1436K(1472K)
[2024-07-01T10:26:34.449+0530][gc          ] GC(5) Pause Young (Normal) (G1 Evacuation Pause) 18M->8M(102M) 1.114ms
[2024-07-01T10:26:34.449+0530][gc,cpu      ] GC(5) User=0.00s Sys=0.00s Real=0.00s
[2024-07-01T10:26:34.661+0530][gc,start    ] GC(6) Pause Young (Concurrent Start) (Metadata GC Threshold)
[2024-07-01T10:26:34.661+0530][gc,task     ] GC(6) Using 2 workers of 13 for evacuation
[2024-07-01T10:26:34.664+0530][gc,phases   ] GC(6)   Pre Evacuate Collection Set: 0.0ms
[2024-07-01T10:26:34.664+0530][gc,phases   ] GC(6)   Merge Heap Roots: 0.0ms
[2024-07-01T10:26:34.664+0530][gc,phases   ] GC(6)   Evacuate Collection Set: 1.9ms
[2024-07-01T10:26:34.664+0530][gc,phases   ] GC(6)   Post Evacuate Collection Set: 0.3ms
[2024-07-01T10:26:34.664+0530][gc,phases   ] GC(6)   Other: 0.1ms
[2024-07-01T10:26:34.664+0530][gc,heap     ] GC(6) Eden regions: 30->0(48)
[2024-07-01T10:26:34.664+0530][gc,heap     ] GC(6) Survivor regions: 1->3(8)
[2024-07-01T10:26:34.664+0530][gc,heap     ] GC(6) Old regions: 7->7
[2024-07-01T10:26:34.664+0530][gc,heap     ] GC(6) Archive regions: 2->2
[2024-07-01T10:26:34.664+0530][gc,heap     ] GC(6) Humongous regions: 0->0
[2024-07-01T10:26:34.664+0530][gc,metaspace] GC(6) Metaspace: 21361K(21504K)->21361K(21504K) NonClass: 18985K(19072K)->18985K(19072K) Class: 2375K(2432K)->2375K(2432K)
[2024-07-01T10:26:34.664+0530][gc          ] GC(6) Pause Young (Concurrent Start) (Metadata GC Threshold) 38M->10M(102M) 2.496ms
[2024-07-01T10:26:34.664+0530][gc,cpu      ] GC(6) User=0.01s Sys=0.00s Real=0.00s
[2024-07-01T10:26:34.664+0530][gc          ] GC(7) Concurrent Mark Cycle
[2024-07-01T10:26:34.664+0530][gc,marking  ] GC(7) Concurrent Clear Claimed Marks
[2024-07-01T10:26:34.664+0530][gc,marking  ] GC(7) Concurrent Clear Claimed Marks 0.007ms
[2024-07-01T10:26:34.664+0530][gc,marking  ] GC(7) Concurrent Scan Root Regions
[2024-07-01T10:26:34.665+0530][gc,marking  ] GC(7) Concurrent Scan Root Regions 0.571ms
[2024-07-01T10:26:34.665+0530][gc,marking  ] GC(7) Concurrent Mark
[2024-07-01T10:26:34.665+0530][gc,marking  ] GC(7) Concurrent Mark From Roots
[2024-07-01T10:26:34.665+0530][gc,task     ] GC(7) Using 3 workers of 3 for marking
[2024-07-01T10:26:34.666+0530][gc,marking  ] GC(7) Concurrent Mark From Roots 1.560ms
[2024-07-01T10:26:34.666+0530][gc,marking  ] GC(7) Concurrent Preclean
[2024-07-01T10:26:34.666+0530][gc,marking  ] GC(7) Concurrent Preclean 0.060ms
[2024-07-01T10:26:34.666+0530][gc,start    ] GC(7) Pause Remark
[2024-07-01T10:26:34.667+0530][gc          ] GC(7) Pause Remark 10M->10M(100M) 1.017ms
[2024-07-01T10:26:34.667+0530][gc,cpu      ] GC(7) User=0.00s Sys=0.00s Real=0.00s
[2024-07-01T10:26:34.667+0530][gc,marking  ] GC(7) Concurrent Mark 2.756ms
[2024-07-01T10:26:34.667+0530][gc,marking  ] GC(7) Concurrent Rebuild Remembered Sets
[2024-07-01T10:26:34.668+0530][gc,marking  ] GC(7) Concurrent Rebuild Remembered Sets 0.697ms
[2024-07-01T10:26:34.668+0530][gc,start    ] GC(7) Pause Cleanup
[2024-07-01T10:26:34.668+0530][gc          ] GC(7) Pause Cleanup 10M->10M(100M) 0.027ms
[2024-07-01T10:26:34.668+0530][gc,cpu      ] GC(7) User=0.00s Sys=0.00s Real=0.00s
[2024-07-01T10:26:34.668+0530][gc,marking  ] GC(7) Concurrent Cleanup for Next Mark
[2024-07-01T10:26:34.668+0530][gc,marking  ] GC(7) Concurrent Cleanup for Next Mark 0.249ms
[2024-07-01T10:26:34.668+0530][gc          ] GC(7) Concurrent Mark Cycle 4.408ms
[2024-07-01T10:26:34.997+0530][gc,start    ] GC(8) Pause Young (Prepare Mixed) (G1 Evacuation Pause)
[2024-07-01T10:26:34.997+0530][gc,task     ] GC(8) Using 13 workers of 13 for evacuation
[2024-07-01T10:26:35.000+0530][gc,phases   ] GC(8)   Pre Evacuate Collection Set: 0.0ms
[2024-07-01T10:26:35.000+0530][gc,phases   ] GC(8)   Merge Heap Roots: 0.0ms
[2024-07-01T10:26:35.000+0530][gc,phases   ] GC(8)   Evacuate Collection Set: 2.2ms
[2024-07-01T10:26:35.000+0530][gc,phases   ] GC(8)   Post Evacuate Collection Set: 0.2ms
[2024-07-01T10:26:35.000+0530][gc,phases   ] GC(8)   Other: 0.4ms
[2024-07-01T10:26:35.000+0530][gc,heap     ] GC(8) Eden regions: 53->0(1)
[2024-07-01T10:26:35.000+0530][gc,heap     ] GC(8) Survivor regions: 3->7(7)
[2024-07-01T10:26:35.000+0530][gc,heap     ] GC(8) Old regions: 7->7
[2024-07-01T10:26:35.000+0530][gc,heap     ] GC(8) Archive regions: 2->2
[2024-07-01T10:26:35.000+0530][gc,heap     ] GC(8) Humongous regions: 0->0
[2024-07-01T10:26:35.000+0530][gc,metaspace] GC(8) Metaspace: 31537K(31808K)->31537K(31808K) NonClass: 28059K(28224K)->28059K(28224K) Class: 3477K(3584K)->3477K(3584K)
[2024-07-01T10:26:35.000+0530][gc          ] GC(8) Pause Young (Prepare Mixed) (G1 Evacuation Pause) 63M->14M(100M) 2.974ms
[2024-07-01T10:26:35.000+0530][gc,cpu      ] GC(8) User=0.03s Sys=0.00s Real=0.01s
[2024-07-01T10:26:35.006+0530][gc,start    ] GC(9) Pause Young (Mixed) (G1 Evacuation Pause)
[2024-07-01T10:26:35.006+0530][gc,task     ] GC(9) Using 13 workers of 13 for evacuation
[2024-07-01T10:26:35.008+0530][gc,phases   ] GC(9)   Pre Evacuate Collection Set: 0.0ms
[2024-07-01T10:26:35.008+0530][gc,phases   ] GC(9)   Merge Heap Roots: 0.0ms
[2024-07-01T10:26:35.008+0530][gc,phases   ] GC(9)   Evacuate Collection Set: 1.9ms
[2024-07-01T10:26:35.008+0530][gc,phases   ] GC(9)   Post Evacuate Collection Set: 0.1ms
[2024-07-01T10:26:35.008+0530][gc,phases   ] GC(9)   Other: 0.1ms
[2024-07-01T10:26:35.008+0530][gc,heap     ] GC(9) Eden regions: 1->0(54)
[2024-07-01T10:26:35.008+0530][gc,heap     ] GC(9) Survivor regions: 7->1(1)
[2024-07-01T10:26:35.008+0530][gc,heap     ] GC(9) Old regions: 7->14
[2024-07-01T10:26:35.008+0530][gc,heap     ] GC(9) Archive regions: 2->2
[2024-07-01T10:26:35.008+0530][gc,heap     ] GC(9) Humongous regions: 0->0
[2024-07-01T10:26:35.008+0530][gc,metaspace] GC(9) Metaspace: 31831K(32064K)->31831K(32064K) NonClass: 28344K(28480K)->28344K(28480K) Class: 3487K(3584K)->3487K(3584K)
[2024-07-01T10:26:35.008+0530][gc          ] GC(9) Pause Young (Mixed) (G1 Evacuation Pause) 15M->15M(100M) 2.142ms
[2024-07-01T10:26:35.008+0530][gc,cpu      ] GC(9) User=0.02s Sys=0.01s Real=0.00s
[2024-07-01T10:27:05.734+0530][gc,start    ] GC(10) Pause Young (Concurrent Start) (Metadata GC Threshold)
[2024-07-01T10:27:05.734+0530][gc,task     ] GC(10) Using 13 workers of 13 for evacuation
[2024-07-01T10:27:05.736+0530][gc,phases   ] GC(10)   Pre Evacuate Collection Set: 0.1ms
[2024-07-01T10:27:05.736+0530][gc,phases   ] GC(10)   Merge Heap Roots: 0.0ms
[2024-07-01T10:27:05.736+0530][gc,phases   ] GC(10)   Evacuate Collection Set: 1.1ms
[2024-07-01T10:27:05.736+0530][gc,phases   ] GC(10)   Post Evacuate Collection Set: 0.2ms
[2024-07-01T10:27:05.736+0530][gc,phases   ] GC(10)   Other: 0.2ms
[2024-07-01T10:27:05.736+0530][gc,heap     ] GC(10) Eden regions: 24->0(50)
[2024-07-01T10:27:05.736+0530][gc,heap     ] GC(10) Survivor regions: 1->2(7)
[2024-07-01T10:27:05.736+0530][gc,heap     ] GC(10) Old regions: 14->14
[2024-07-01T10:27:05.736+0530][gc,heap     ] GC(10) Archive regions: 2->2
[2024-07-01T10:27:05.736+0530][gc,heap     ] GC(10) Humongous regions: 9->9
[2024-07-01T10:27:05.736+0530][gc,metaspace] GC(10) Metaspace: 35777K(36096K)->35777K(36096K) NonClass: 31896K(32064K)->31896K(32064K) Class: 3880K(4032K)->3880K(4032K)
[2024-07-01T10:27:05.736+0530][gc          ] GC(10) Pause Young (Concurrent Start) (Metadata GC Threshold) 48M->24M(100M) 1.626ms
[2024-07-01T10:27:05.736+0530][gc,cpu      ] GC(10) User=0.01s Sys=0.00s Real=0.00s
[2024-07-01T10:27:05.736+0530][gc          ] GC(11) Concurrent Mark Cycle
[2024-07-01T10:27:05.736+0530][gc,marking  ] GC(11) Concurrent Clear Claimed Marks
[2024-07-01T10:27:05.736+0530][gc,marking  ] GC(11) Concurrent Clear Claimed Marks 0.010ms
[2024-07-01T10:27:05.736+0530][gc,marking  ] GC(11) Concurrent Scan Root Regions
[2024-07-01T10:27:05.737+0530][gc,marking  ] GC(11) Concurrent Scan Root Regions 1.043ms
[2024-07-01T10:27:05.737+0530][gc,marking  ] GC(11) Concurrent Mark
[2024-07-01T10:27:05.737+0530][gc,marking  ] GC(11) Concurrent Mark From Roots
[2024-07-01T10:27:05.737+0530][gc,task     ] GC(11) Using 3 workers of 3 for marking
[2024-07-01T10:27:05.742+0530][gc,marking  ] GC(11) Concurrent Mark From Roots 4.506ms
[2024-07-01T10:27:05.742+0530][gc,marking  ] GC(11) Concurrent Preclean
[2024-07-01T10:27:05.742+0530][gc,marking  ] GC(11) Concurrent Preclean 0.102ms
[2024-07-01T10:27:05.742+0530][gc,start    ] GC(11) Pause Remark
[2024-07-01T10:27:05.743+0530][gc          ] GC(11) Pause Remark 25M->25M(100M) 0.766ms
[2024-07-01T10:27:05.743+0530][gc,cpu      ] GC(11) User=0.01s Sys=0.00s Real=0.00s
[2024-07-01T10:27:05.743+0530][gc,marking  ] GC(11) Concurrent Mark 5.491ms
[2024-07-01T10:27:05.743+0530][gc,marking  ] GC(11) Concurrent Rebuild Remembered Sets
[2024-07-01T10:27:05.745+0530][gc,marking  ] GC(11) Concurrent Rebuild Remembered Sets 1.930ms
[2024-07-01T10:27:05.745+0530][gc,start    ] GC(11) Pause Cleanup
[2024-07-01T10:27:05.745+0530][gc          ] GC(11) Pause Cleanup 25M->25M(100M) 0.037ms
[2024-07-01T10:27:05.745+0530][gc,cpu      ] GC(11) User=0.00s Sys=0.00s Real=0.00s
[2024-07-01T10:27:05.745+0530][gc,marking  ] GC(11) Concurrent Cleanup for Next Mark
[2024-07-01T10:27:05.745+0530][gc,marking  ] GC(11) Concurrent Cleanup for Next Mark 0.275ms
[2024-07-01T10:27:05.745+0530][gc          ] GC(11) Concurrent Mark Cycle 9.017ms
[2024-07-01T10:27:05.778+0530][gc,start    ] GC(12) Pause Young (Concurrent Start) (G1 Humongous Allocation)
[2024-07-01T10:27:05.778+0530][gc,task     ] GC(12) Using 13 workers of 13 for evacuation
[2024-07-01T10:27:05.779+0530][gc,phases   ] GC(12)   Pre Evacuate Collection Set: 0.1ms
[2024-07-01T10:27:05.779+0530][gc,phases   ] GC(12)   Merge Heap Roots: 0.0ms
[2024-07-01T10:27:05.779+0530][gc,phases   ] GC(12)   Evacuate Collection Set: 0.7ms
[2024-07-01T10:27:05.779+0530][gc,phases   ] GC(12)   Post Evacuate Collection Set: 0.2ms
[2024-07-01T10:27:05.779+0530][gc,phases   ] GC(12)   Other: 0.1ms
[2024-07-01T10:27:05.779+0530][gc,heap     ] GC(12) Eden regions: 5->0(51)
[2024-07-01T10:27:05.779+0530][gc,heap     ] GC(12) Survivor regions: 2->2(7)
[2024-07-01T10:27:05.779+0530][gc,heap     ] GC(12) Old regions: 14->14
[2024-07-01T10:27:05.779+0530][gc,heap     ] GC(12) Archive regions: 2->2
[2024-07-01T10:27:05.780+0530][gc,heap     ] GC(12) Humongous regions: 9->9
[2024-07-01T10:27:05.780+0530][gc,metaspace] GC(12) Metaspace: 36458K(36800K)->36458K(36800K) NonClass: 32475K(32640K)->32475K(32640K) Class: 3983K(4160K)->3983K(4160K)
[2024-07-01T10:27:05.780+0530][gc          ] GC(12) Pause Young (Concurrent Start) (G1 Humongous Allocation) 29M->24M(100M) 1.070ms
[2024-07-01T10:27:05.780+0530][gc,cpu      ] GC(12) User=0.01s Sys=0.00s Real=0.00s
[2024-07-01T10:27:05.780+0530][gc          ] GC(13) Concurrent Undo Cycle
[2024-07-01T10:27:05.780+0530][gc,marking  ] GC(13) Concurrent Cleanup for Next Mark
[2024-07-01T10:27:05.780+0530][gc,start    ] GC(14) Pause Young (Normal) (G1 Humongous Allocation)
[2024-07-01T10:27:05.780+0530][gc,task     ] GC(14) Using 13 workers of 13 for evacuation
[2024-07-01T10:27:05.780+0530][gc,phases   ] GC(14)   Pre Evacuate Collection Set: 0.0ms
[2024-07-01T10:27:05.780+0530][gc,phases   ] GC(14)   Merge Heap Roots: 0.0ms
[2024-07-01T10:27:05.780+0530][gc,phases   ] GC(14)   Evacuate Collection Set: 0.4ms
[2024-07-01T10:27:05.780+0530][gc,phases   ] GC(14)   Post Evacuate Collection Set: 0.1ms
[2024-07-01T10:27:05.780+0530][gc,phases   ] GC(14)   Other: 0.0ms
[2024-07-01T10:27:05.780+0530][gc,heap     ] GC(14) Eden regions: 0->0(51)
[2024-07-01T10:27:05.780+0530][gc,heap     ] GC(14) Survivor regions: 2->2(7)
[2024-07-01T10:27:05.780+0530][gc,heap     ] GC(14) Old regions: 14->14
[2024-07-01T10:27:05.780+0530][gc,heap     ] GC(14) Archive regions: 2->2
[2024-07-01T10:27:05.780+0530][gc,heap     ] GC(14) Humongous regions: 9->9
[2024-07-01T10:27:05.780+0530][gc,metaspace] GC(14) Metaspace: 36458K(36800K)->36458K(36800K) NonClass: 32475K(32640K)->32475K(32640K) Class: 3983K(4160K)->3983K(4160K)
[2024-07-01T10:27:05.780+0530][gc          ] GC(14) Pause Young (Normal) (G1 Humongous Allocation) 24M->24M(100M) 0.691ms
[2024-07-01T10:27:05.780+0530][gc,cpu      ] GC(14) User=0.00s Sys=0.00s Real=0.00s
[2024-07-01T10:27:05.781+0530][gc,ergo     ] Attempting full compaction
[2024-07-01T10:27:05.781+0530][gc,task     ] GC(15) Using 8 workers of 13 for full compaction
[2024-07-01T10:27:05.781+0530][gc,start    ] GC(15) Pause Full (G1 Compaction Pause)
[2024-07-01T10:27:05.781+0530][gc,phases,start] GC(15) Phase 1: Mark live objects
[2024-07-01T10:27:05.786+0530][gc,phases      ] GC(15) Phase 1: Mark live objects 4.559ms
[2024-07-01T10:27:05.786+0530][gc,phases,start] GC(15) Phase 2: Prepare for compaction
[2024-07-01T10:27:05.787+0530][gc,phases      ] GC(15) Phase 2: Prepare for compaction 0.558ms
[2024-07-01T10:27:05.787+0530][gc,phases,start] GC(15) Phase 3: Adjust pointers
[2024-07-01T10:27:05.789+0530][gc,phases      ] GC(15) Phase 3: Adjust pointers 2.839ms
[2024-07-01T10:27:05.789+0530][gc,phases,start] GC(15) Phase 4: Compact heap
[2024-07-01T10:27:05.790+0530][gc,phases      ] GC(15) Phase 4: Compact heap 0.527ms
[2024-07-01T10:27:05.792+0530][gc,heap        ] GC(15) Eden regions: 0->0(51)
[2024-07-01T10:27:05.792+0530][gc,heap        ] GC(15) Survivor regions: 2->0(7)
[2024-07-01T10:27:05.792+0530][gc,heap        ] GC(15) Old regions: 14->16
[2024-07-01T10:27:05.792+0530][gc,heap        ] GC(15) Archive regions: 2->2
[2024-07-01T10:27:05.792+0530][gc,heap        ] GC(15) Humongous regions: 9->9
[2024-07-01T10:27:05.792+0530][gc,metaspace   ] GC(15) Metaspace: 36458K(36800K)->36451K(36800K) NonClass: 32475K(32640K)->32470K(32640K) Class: 3983K(4160K)->3981K(4160K)
[2024-07-01T10:27:05.792+0530][gc             ] GC(15) Pause Full (G1 Compaction Pause) 24M->24M(100M) 10.890ms
[2024-07-01T10:27:05.792+0530][gc,cpu         ] GC(15) User=0.06s Sys=0.01s Real=0.01s
[2024-07-01T10:27:05.793+0530][gc,ergo        ] Attempting maximum full compaction clearing soft references
[2024-07-01T10:27:05.793+0530][gc,task        ] GC(16) Using 6 workers of 13 for full compaction
[2024-07-01T10:27:05.793+0530][gc,start       ] GC(16) Pause Full (G1 Compaction Pause)
[2024-07-01T10:27:05.793+0530][gc,phases,start] GC(16) Phase 1: Mark live objects
[2024-07-01T10:27:05.798+0530][gc,phases      ] GC(16) Phase 1: Mark live objects 4.921ms
[2024-07-01T10:27:05.798+0530][gc,phases,start] GC(16) Phase 2: Prepare for compaction
[2024-07-01T10:27:05.799+0530][gc,phases      ] GC(16) Phase 2: Prepare for compaction 1.081ms
[2024-07-01T10:27:05.799+0530][gc,phases,start] GC(16) Phase 3: Adjust pointers
[2024-07-01T10:27:05.802+0530][gc,phases      ] GC(16) Phase 3: Adjust pointers 2.952ms
[2024-07-01T10:27:05.802+0530][gc,phases,start] GC(16) Phase 4: Compact heap
[2024-07-01T10:27:05.804+0530][gc,phases      ] GC(16) Phase 4: Compact heap 1.951ms
[2024-07-01T10:27:05.805+0530][gc,heap        ] GC(16) Eden regions: 0->0(51)
[2024-07-01T10:27:05.805+0530][gc,heap        ] GC(16) Survivor regions: 0->0(7)
[2024-07-01T10:27:05.805+0530][gc,heap        ] GC(16) Old regions: 16->16
[2024-07-01T10:27:05.805+0530][gc,heap        ] GC(16) Archive regions: 2->2
[2024-07-01T10:27:05.805+0530][gc,heap        ] GC(16) Humongous regions: 9->9
[2024-07-01T10:27:05.805+0530][gc,metaspace   ] GC(16) Metaspace: 36451K(36800K)->36412K(36800K) NonClass: 32470K(32640K)->32439K(32640K) Class: 3981K(4160K)->3972K(4160K)
[2024-07-01T10:27:05.805+0530][gc             ] GC(16) Pause Full (G1 Compaction Pause) 24M->23M(100M) 12.757ms
[2024-07-01T10:27:05.805+0530][gc,cpu         ] GC(16) User=0.07s Sys=0.00s Real=0.02s
[2024-07-01T10:27:05.806+0530][gc,marking     ] GC(13) Concurrent Cleanup for Next Mark 26.143ms
[2024-07-01T10:27:05.806+0530][gc,marking     ] GC(13) Concurrent Mark Abort
[2024-07-01T10:27:05.806+0530][gc             ] GC(13) Concurrent Undo Cycle 26.212ms
[2024-07-01T10:28:54.776+0530][gc,start       ] GC(17) Pause Young (Normal) (G1 Preventive Collection)
[2024-07-01T10:28:54.776+0530][gc,task        ] GC(17) Using 13 workers of 13 for evacuation
[2024-07-01T10:28:54.777+0530][gc,phases      ] GC(17)   Pre Evacuate Collection Set: 0.1ms
[2024-07-01T10:28:54.777+0530][gc,phases      ] GC(17)   Merge Heap Roots: 0.0ms
[2024-07-01T10:28:54.777+0530][gc,phases      ] GC(17)   Evacuate Collection Set: 0.7ms
[2024-07-01T10:28:54.777+0530][gc,phases      ] GC(17)   Post Evacuate Collection Set: 0.3ms
[2024-07-01T10:28:54.777+0530][gc,phases      ] GC(17)   Other: 0.1ms
[2024-07-01T10:28:54.777+0530][gc,heap        ] GC(17) Eden regions: 40->0(16)
[2024-07-01T10:28:54.777+0530][gc,heap        ] GC(17) Survivor regions: 0->4(4)
[2024-07-01T10:28:54.777+0530][gc,heap        ] GC(17) Old regions: 16->16
[2024-07-01T10:28:54.777+0530][gc,heap        ] GC(17) Archive regions: 2->2
[2024-07-01T10:28:54.777+0530][gc,heap        ] GC(17) Humongous regions: 138->138
[2024-07-01T10:28:54.777+0530][gc,metaspace   ] GC(17) Metaspace: 40687K(41152K)->40687K(41152K) NonClass: 36073K(36352K)->36073K(36352K) Class: 4613K(4800K)->4613K(4800K)
[2024-07-01T10:28:54.777+0530][gc             ] GC(17) Pause Young (Normal) (G1 Preventive Collection) 192M->155M(200M) 1.302ms
[2024-07-01T10:28:54.777+0530][gc,cpu         ] GC(17) User=0.00s Sys=0.02s Real=0.01s
[2024-07-01T10:29:55.615+0530][gc,start       ] GC(18) Pause Young (Concurrent Start) (G1 Evacuation Pause)
[2024-07-01T10:29:55.615+0530][gc,task        ] GC(18) Using 13 workers of 13 for evacuation
[2024-07-01T10:29:55.620+0530][gc,phases      ] GC(18)   Pre Evacuate Collection Set: 0.3ms
[2024-07-01T10:29:55.620+0530][gc,phases      ] GC(18)   Merge Heap Roots: 0.1ms
[2024-07-01T10:29:55.620+0530][gc,phases      ] GC(18)   Evacuate Collection Set: 4.0ms
[2024-07-01T10:29:55.620+0530][gc,phases      ] GC(18)   Post Evacuate Collection Set: 0.8ms
[2024-07-01T10:29:55.620+0530][gc,phases      ] GC(18)   Other: 0.3ms
[2024-07-01T10:29:55.620+0530][gc,heap        ] GC(18) Eden regions: 16->0(14)
[2024-07-01T10:29:55.620+0530][gc,heap        ] GC(18) Survivor regions: 4->2(3)
[2024-07-01T10:29:55.620+0530][gc,heap        ] GC(18) Old regions: 16->20
[2024-07-01T10:29:55.620+0530][gc,heap        ] GC(18) Archive regions: 2->2
[2024-07-01T10:29:55.620+0530][gc,heap        ] GC(18) Humongous regions: 138->138
[2024-07-01T10:29:55.620+0530][gc,metaspace   ] GC(18) Metaspace: 41476K(41920K)->41476K(41920K) NonClass: 36850K(37120K)->36850K(37120K) Class: 4625K(4800K)->4625K(4800K)
[2024-07-01T10:29:55.620+0530][gc             ] GC(18) Pause Young (Concurrent Start) (G1 Evacuation Pause) 171M->156M(200M) 5.842ms
[2024-07-01T10:29:55.621+0530][gc,cpu         ] GC(18) User=0.04s Sys=0.01s Real=0.01s
[2024-07-01T10:29:55.621+0530][gc             ] GC(19) Concurrent Mark Cycle
[2024-07-01T10:29:55.621+0530][gc,marking     ] GC(19) Concurrent Clear Claimed Marks
[2024-07-01T10:29:55.621+0530][gc,marking     ] GC(19) Concurrent Clear Claimed Marks 0.132ms
[2024-07-01T10:29:55.621+0530][gc,marking     ] GC(19) Concurrent Scan Root Regions
[2024-07-01T10:29:55.624+0530][gc,marking     ] GC(19) Concurrent Scan Root Regions 3.414ms
[2024-07-01T10:29:55.624+0530][gc,marking     ] GC(19) Concurrent Mark
[2024-07-01T10:29:55.624+0530][gc,marking     ] GC(19) Concurrent Mark From Roots
[2024-07-01T10:29:55.624+0530][gc,task        ] GC(19) Using 3 workers of 3 for marking
[2024-07-01T10:29:55.635+0530][gc,marking     ] GC(19) Concurrent Mark From Roots 10.687ms
[2024-07-01T10:29:55.635+0530][gc,marking     ] GC(19) Concurrent Preclean
[2024-07-01T10:29:55.635+0530][gc,marking     ] GC(19) Concurrent Preclean 0.120ms
[2024-07-01T10:29:55.635+0530][gc,start       ] GC(19) Pause Remark
[2024-07-01T10:29:55.636+0530][gc             ] GC(19) Pause Remark 156M->156M(200M) 1.236ms
[2024-07-01T10:29:55.636+0530][gc,cpu         ] GC(19) User=0.01s Sys=0.00s Real=0.00s
[2024-07-01T10:29:55.636+0530][gc,marking     ] GC(19) Concurrent Mark 12.189ms
[2024-07-01T10:29:55.636+0530][gc,marking     ] GC(19) Concurrent Rebuild Remembered Sets
[2024-07-01T10:29:55.640+0530][gc,marking     ] GC(19) Concurrent Rebuild Remembered Sets 3.063ms
[2024-07-01T10:29:55.640+0530][gc,start       ] GC(19) Pause Cleanup
[2024-07-01T10:29:55.640+0530][gc             ] GC(19) Pause Cleanup 156M->156M(200M) 0.073ms
[2024-07-01T10:29:55.640+0530][gc,cpu         ] GC(19) User=0.00s Sys=0.00s Real=0.00s
[2024-07-01T10:29:55.640+0530][gc,marking     ] GC(19) Concurrent Cleanup for Next Mark
[2024-07-01T10:29:55.640+0530][gc,marking     ] GC(19) Concurrent Cleanup for Next Mark 0.091ms
[2024-07-01T10:29:55.640+0530][gc             ] GC(19) Concurrent Mark Cycle 19.255ms
[2024-07-01T10:30:50.155+0530][gc,start       ] GC(20) Pause Young (Normal) (G1 Evacuation Pause)
[2024-07-01T10:30:50.155+0530][gc,task        ] GC(20) Using 13 workers of 13 for evacuation
[2024-07-01T10:30:50.160+0530][gc,phases      ] GC(20)   Pre Evacuate Collection Set: 0.2ms
[2024-07-01T10:30:50.160+0530][gc,phases      ] GC(20)   Merge Heap Roots: 0.3ms
[2024-07-01T10:30:50.160+0530][gc,phases      ] GC(20)   Evacuate Collection Set: 3.6ms
[2024-07-01T10:30:50.160+0530][gc,phases      ] GC(20)   Post Evacuate Collection Set: 0.6ms
[2024-07-01T10:30:50.160+0530][gc,phases      ] GC(20)   Other: 0.3ms
[2024-07-01T10:30:50.160+0530][gc,heap        ] GC(20) Eden regions: 14->0(13)
[2024-07-01T10:30:50.160+0530][gc,heap        ] GC(20) Survivor regions: 2->2(2)
[2024-07-01T10:30:50.160+0530][gc,heap        ] GC(20) Old regions: 20->21
[2024-07-01T10:30:50.160+0530][gc,heap        ] GC(20) Archive regions: 2->2
[2024-07-01T10:30:50.160+0530][gc,heap        ] GC(20) Humongous regions: 138->138
[2024-07-01T10:30:50.160+0530][gc,metaspace   ] GC(20) Metaspace: 41882K(42304K)->41882K(42304K) NonClass: 37253K(37504K)->37253K(37504K) Class: 4629K(4800K)->4629K(4800K)
[2024-07-01T10:30:50.160+0530][gc             ] GC(20) Pause Young (Normal) (G1 Evacuation Pause) 170M->157M(200M) 5.159ms
[2024-07-01T10:30:50.160+0530][gc,cpu         ] GC(20) User=0.05s Sys=0.00s Real=0.01s
[2024-07-01T10:31:41.364+0530][gc,start       ] GC(21) Pause Young (Concurrent Start) (G1 Evacuation Pause)
[2024-07-01T10:31:41.364+0530][gc,task        ] GC(21) Using 13 workers of 13 for evacuation
[2024-07-01T10:31:41.368+0530][gc,phases      ] GC(21)   Pre Evacuate Collection Set: 0.3ms
[2024-07-01T10:31:41.368+0530][gc,phases      ] GC(21)   Merge Heap Roots: 0.2ms
[2024-07-01T10:31:41.368+0530][gc,phases      ] GC(21)   Evacuate Collection Set: 3.2ms
[2024-07-01T10:31:41.368+0530][gc,phases      ] GC(21)   Post Evacuate Collection Set: 0.6ms
[2024-07-01T10:31:41.368+0530][gc,phases      ] GC(21)   Other: 0.4ms
[2024-07-01T10:31:41.368+0530][gc,heap        ] GC(21) Eden regions: 13->0(13)
[2024-07-01T10:31:41.368+0530][gc,heap        ] GC(21) Survivor regions: 2->2(2)
[2024-07-01T10:31:41.368+0530][gc,heap        ] GC(21) Old regions: 21->22
[2024-07-01T10:31:41.368+0530][gc,heap        ] GC(21) Archive regions: 2->2
[2024-07-01T10:31:41.368+0530][gc,heap        ] GC(21) Humongous regions: 138->138
[2024-07-01T10:31:41.368+0530][gc,metaspace   ] GC(21) Metaspace: 41948K(42368K)->41948K(42368K) NonClass: 37319K(37568K)->37319K(37568K) Class: 4629K(4800K)->4629K(4800K)
[2024-07-01T10:31:41.369+0530][gc             ] GC(21) Pause Young (Concurrent Start) (G1 Evacuation Pause) 170M->158M(200M) 4.969ms
[2024-07-01T10:31:41.369+0530][gc,cpu         ] GC(21) User=0.04s Sys=0.00s Real=0.01s
[2024-07-01T10:31:41.369+0530][gc             ] GC(22) Concurrent Mark Cycle
[2024-07-01T10:31:41.369+0530][gc,marking     ] GC(22) Concurrent Clear Claimed Marks
[2024-07-01T10:31:41.369+0530][gc,marking     ] GC(22) Concurrent Clear Claimed Marks 0.129ms
[2024-07-01T10:31:41.369+0530][gc,marking     ] GC(22) Concurrent Scan Root Regions
[2024-07-01T10:31:41.372+0530][gc,marking     ] GC(22) Concurrent Scan Root Regions 3.310ms
[2024-07-01T10:31:41.372+0530][gc,marking     ] GC(22) Concurrent Mark
[2024-07-01T10:31:41.372+0530][gc,marking     ] GC(22) Concurrent Mark From Roots
[2024-07-01T10:31:41.372+0530][gc,task        ] GC(22) Using 3 workers of 3 for marking
[2024-07-01T10:31:41.384+0530][gc,marking     ] GC(22) Concurrent Mark From Roots 11.352ms
[2024-07-01T10:31:41.384+0530][gc,marking     ] GC(22) Concurrent Preclean
[2024-07-01T10:31:41.384+0530][gc,marking     ] GC(22) Concurrent Preclean 0.095ms
[2024-07-01T10:31:41.384+0530][gc,start       ] GC(22) Pause Remark
[2024-07-01T10:31:41.386+0530][gc             ] GC(22) Pause Remark 159M->159M(200M) 2.417ms
[2024-07-01T10:31:41.386+0530][gc,cpu         ] GC(22) User=0.03s Sys=0.00s Real=0.01s
[2024-07-01T10:31:41.386+0530][gc,marking     ] GC(22) Concurrent Mark 14.052ms
[2024-07-01T10:31:41.386+0530][gc,marking     ] GC(22) Concurrent Rebuild Remembered Sets
[2024-07-01T10:31:41.390+0530][gc,marking     ] GC(22) Concurrent Rebuild Remembered Sets 3.422ms
[2024-07-01T10:31:41.390+0530][gc,start       ] GC(22) Pause Cleanup
[2024-07-01T10:31:41.390+0530][gc             ] GC(22) Pause Cleanup 159M->159M(200M) 0.058ms
[2024-07-01T10:31:41.390+0530][gc,cpu         ] GC(22) User=0.00s Sys=0.00s Real=0.00s
[2024-07-01T10:31:41.390+0530][gc,marking     ] GC(22) Concurrent Cleanup for Next Mark
[2024-07-01T10:31:41.390+0530][gc,marking     ] GC(22) Concurrent Cleanup for Next Mark 0.071ms
[2024-07-01T10:31:41.390+0530][gc             ] GC(22) Concurrent Mark Cycle 21.323ms
[2024-07-01T10:31:43.738+0530][gc,start       ] GC(23) Pause Young (Normal) (G1 Evacuation Pause)
[2024-07-01T10:31:43.738+0530][gc,task        ] GC(23) Using 13 workers of 13 for evacuation
[2024-07-01T10:31:43.739+0530][gc,phases      ] GC(23)   Pre Evacuate Collection Set: 0.1ms
[2024-07-01T10:31:43.739+0530][gc,phases      ] GC(23)   Merge Heap Roots: 0.0ms
[2024-07-01T10:31:43.739+0530][gc,phases      ] GC(23)   Evacuate Collection Set: 0.6ms
[2024-07-01T10:31:43.739+0530][gc,phases      ] GC(23)   Post Evacuate Collection Set: 0.1ms
[2024-07-01T10:31:43.739+0530][gc,phases      ] GC(23)   Other: 0.1ms
[2024-07-01T10:31:43.739+0530][gc,heap        ] GC(23) Eden regions: 13->0(11)
[2024-07-01T10:31:43.739+0530][gc,heap        ] GC(23) Survivor regions: 2->2(2)
[2024-07-01T10:31:43.739+0530][gc,heap        ] GC(23) Old regions: 22->23
[2024-07-01T10:31:43.739+0530][gc,heap        ] GC(23) Archive regions: 2->2
[2024-07-01T10:31:43.739+0530][gc,heap        ] GC(23) Humongous regions: 138->138
[2024-07-01T10:31:43.739+0530][gc,metaspace   ] GC(23) Metaspace: 42997K(43392K)->42997K(43392K) NonClass: 38152K(38400K)->38152K(38400K) Class: 4844K(4992K)->4844K(4992K)
[2024-07-01T10:31:43.739+0530][gc             ] GC(23) Pause Young (Normal) (G1 Evacuation Pause) 171M->159M(200M) 0.982ms
[2024-07-01T10:31:43.739+0530][gc,cpu         ] GC(23) User=0.01s Sys=0.00s Real=0.00s
[2024-07-01T10:31:43.804+0530][gc,heap,exit   ] Heap
[2024-07-01T10:31:43.804+0530][gc,heap,exit   ]  garbage-first heap   total 204800K, used 169214K [0x00000000f3800000, 0x0000000100000000)
[2024-07-01T10:31:43.804+0530][gc,heap,exit   ]   region size 1024K, 8 young (8192K), 2 survivors (2048K)
[2024-07-01T10:31:43.804+0530][gc,heap,exit   ]  Metaspace       used 43180K, committed 43584K, reserved 1114112K
[2024-07-01T10:31:43.804+0530][gc,heap,exit   ]   class space    used 4893K, committed 5056K, reserved 1048576K
