[2024-06-28T11:09:16.558+0530][gc] Using G1
[2024-06-28T11:09:16.567+0530][gc,init] Version: 17.0.10+7-Ubuntu-122.04.1 (release)
[2024-06-28T11:09:16.567+0530][gc,init] CPUs: 16 total, 16 available
[2024-06-28T11:09:16.567+0530][gc,init] Memory: 31911M
[2024-06-28T11:09:16.567+0530][gc,init] Large Page Support: Disabled
[2024-06-28T11:09:16.567+0530][gc,init] NUMA Support: Disabled
[2024-06-28T11:09:16.567+0530][gc,init] Compressed Oops: Enabled (32-bit)
[2024-06-28T11:09:16.567+0530][gc,init] Heap Region Size: 1M
[2024-06-28T11:09:16.567+0530][gc,init] Heap Min Capacity: 1G
[2024-06-28T11:09:16.567+0530][gc,init] Heap Initial Capacity: 1G
[2024-06-28T11:09:16.567+0530][gc,init] Heap Max Capacity: 1G
[2024-06-28T11:09:16.567+0530][gc,init] Pre-touch: Disabled
[2024-06-28T11:09:16.567+0530][gc,init] Parallel Workers: 13
[2024-06-28T11:09:16.567+0530][gc,init] Concurrent Workers: 3
[2024-06-28T11:09:16.567+0530][gc,init] Concurrent Refinement Workers: 13
[2024-06-28T11:09:16.567+0530][gc,init] Periodic GC: Disabled
[2024-06-28T11:09:16.571+0530][gc,metaspace] CDS archive(s) mapped at: [0x000075f937000000-0x000075f937bc7000-0x000075f937bc7000), size 12349440, SharedBaseAddress: 0x000075f937000000, ArchiveRelocationMode: 1.
[2024-06-28T11:09:16.571+0530][gc,metaspace] Compressed class space mapped at: 0x000075f938000000-0x000075f978000000, reserved size: 1073741824
[2024-06-28T11:09:16.571+0530][gc,metaspace] Narrow klass base: 0x000075f937000000, Narrow klass shift: 0, Narrow klass range: 0x100000000
[2024-06-28T11:09:17.060+0530][gc,start    ] GC(0) Pause Young (Normal) (G1 Evacuation Pause)
[2024-06-28T11:09:17.061+0530][gc,task     ] GC(0) Using 13 workers of 13 for evacuation
[2024-06-28T11:09:17.064+0530][gc,phases   ] GC(0)   Pre Evacuate Collection Set: 0.1ms
[2024-06-28T11:09:17.064+0530][gc,phases   ] GC(0)   Merge Heap Roots: 0.1ms
[2024-06-28T11:09:17.064+0530][gc,phases   ] GC(0)   Evacuate Collection Set: 1.9ms
[2024-06-28T11:09:17.064+0530][gc,phases   ] GC(0)   Post Evacuate Collection Set: 0.6ms
[2024-06-28T11:09:17.064+0530][gc,phases   ] GC(0)   Other: 1.0ms
[2024-06-28T11:09:17.064+0530][gc,heap     ] GC(0) Eden regions: 51->0(44)
[2024-06-28T11:09:17.064+0530][gc,heap     ] GC(0) Survivor regions: 0->7(7)
[2024-06-28T11:09:17.064+0530][gc,heap     ] GC(0) Old regions: 0->2
[2024-06-28T11:09:17.064+0530][gc,heap     ] GC(0) Archive regions: 2->2
[2024-06-28T11:09:17.064+0530][gc,heap     ] GC(0) Humongous regions: 0->0
[2024-06-28T11:09:17.064+0530][gc,metaspace] GC(0) Metaspace: 18472K(18688K)->18472K(18688K) NonClass: 16284K(16384K)->16284K(16384K) Class: 2187K(2304K)->2187K(2304K)
[2024-06-28T11:09:17.064+0530][gc          ] GC(0) Pause Young (Normal) (G1 Evacuation Pause) 51M->9M(1024M) 3.694ms
[2024-06-28T11:09:17.064+0530][gc,cpu      ] GC(0) User=0.03s Sys=0.00s Real=0.00s
[2024-06-28T11:09:17.166+0530][gc,start    ] GC(1) Pause Young (Concurrent Start) (Metadata GC Threshold)
[2024-06-28T11:09:17.166+0530][gc,task     ] GC(1) Using 13 workers of 13 for evacuation
[2024-06-28T11:09:17.170+0530][gc,phases   ] GC(1)   Pre Evacuate Collection Set: 0.1ms
[2024-06-28T11:09:17.170+0530][gc,phases   ] GC(1)   Merge Heap Roots: 0.0ms
[2024-06-28T11:09:17.170+0530][gc,phases   ] GC(1)   Evacuate Collection Set: 3.3ms
[2024-06-28T11:09:17.170+0530][gc,phases   ] GC(1)   Post Evacuate Collection Set: 0.4ms
[2024-06-28T11:09:17.170+0530][gc,phases   ] GC(1)   Other: 0.3ms
[2024-06-28T11:09:17.170+0530][gc,heap     ] GC(1) Eden regions: 12->0(50)
[2024-06-28T11:09:17.170+0530][gc,heap     ] GC(1) Survivor regions: 7->1(7)
[2024-06-28T11:09:17.170+0530][gc,heap     ] GC(1) Old regions: 2->9
[2024-06-28T11:09:17.170+0530][gc,heap     ] GC(1) Archive regions: 2->2
[2024-06-28T11:09:17.170+0530][gc,heap     ] GC(1) Humongous regions: 0->0
[2024-06-28T11:09:17.170+0530][gc,metaspace] GC(1) Metaspace: 21350K(21504K)->21350K(21504K) NonClass: 18790K(18880K)->18790K(18880K) Class: 2559K(2624K)->2559K(2624K)
[2024-06-28T11:09:17.170+0530][gc          ] GC(1) Pause Young (Concurrent Start) (Metadata GC Threshold) 20M->9M(1024M) 4.244ms
[2024-06-28T11:09:17.170+0530][gc,cpu      ] GC(1) User=0.03s Sys=0.01s Real=0.01s
[2024-06-28T11:09:17.170+0530][gc          ] GC(2) Concurrent Mark Cycle
[2024-06-28T11:09:17.170+0530][gc,marking  ] GC(2) Concurrent Clear Claimed Marks
[2024-06-28T11:09:17.170+0530][gc,marking  ] GC(2) Concurrent Clear Claimed Marks 0.022ms
[2024-06-28T11:09:17.170+0530][gc,marking  ] GC(2) Concurrent Scan Root Regions
[2024-06-28T11:09:17.171+0530][gc,marking  ] GC(2) Concurrent Scan Root Regions 1.116ms
[2024-06-28T11:09:17.171+0530][gc,marking  ] GC(2) Concurrent Mark
[2024-06-28T11:09:17.171+0530][gc,marking  ] GC(2) Concurrent Mark From Roots
[2024-06-28T11:09:17.171+0530][gc,task     ] GC(2) Using 3 workers of 3 for marking
[2024-06-28T11:09:17.172+0530][gc,marking  ] GC(2) Concurrent Mark From Roots 0.872ms
[2024-06-28T11:09:17.172+0530][gc,marking  ] GC(2) Concurrent Preclean
[2024-06-28T11:09:17.172+0530][gc,marking  ] GC(2) Concurrent Preclean 0.041ms
[2024-06-28T11:09:17.172+0530][gc,start    ] GC(2) Pause Remark
[2024-06-28T11:09:17.173+0530][gc          ] GC(2) Pause Remark 10M->10M(1024M) 0.760ms
[2024-06-28T11:09:17.173+0530][gc,cpu      ] GC(2) User=0.00s Sys=0.00s Real=0.00s
[2024-06-28T11:09:17.173+0530][gc,marking  ] GC(2) Concurrent Mark 1.815ms
[2024-06-28T11:09:17.173+0530][gc,marking  ] GC(2) Concurrent Rebuild Remembered Sets
[2024-06-28T11:09:17.174+0530][gc,marking  ] GC(2) Concurrent Rebuild Remembered Sets 1.120ms
[2024-06-28T11:09:17.174+0530][gc,start    ] GC(2) Pause Cleanup
[2024-06-28T11:09:17.174+0530][gc          ] GC(2) Pause Cleanup 10M->10M(1024M) 0.147ms
[2024-06-28T11:09:17.174+0530][gc,cpu      ] GC(2) User=0.01s Sys=0.00s Real=0.00s
[2024-06-28T11:09:17.174+0530][gc,marking  ] GC(2) Concurrent Cleanup for Next Mark
[2024-06-28T11:09:17.177+0530][gc,marking  ] GC(2) Concurrent Cleanup for Next Mark 2.232ms
[2024-06-28T11:09:17.177+0530][gc          ] GC(2) Concurrent Mark Cycle 6.721ms
[2024-06-28T11:09:17.585+0530][gc,start    ] GC(3) Pause Young (Normal) (G1 Evacuation Pause)
[2024-06-28T11:09:17.585+0530][gc,task     ] GC(3) Using 13 workers of 13 for evacuation
[2024-06-28T11:09:17.587+0530][gc,phases   ] GC(3)   Pre Evacuate Collection Set: 0.1ms
[2024-06-28T11:09:17.587+0530][gc,phases   ] GC(3)   Merge Heap Roots: 0.0ms
[2024-06-28T11:09:17.587+0530][gc,phases   ] GC(3)   Evacuate Collection Set: 1.4ms
[2024-06-28T11:09:17.587+0530][gc,phases   ] GC(3)   Post Evacuate Collection Set: 0.2ms
[2024-06-28T11:09:17.587+0530][gc,phases   ] GC(3)   Other: 0.1ms
[2024-06-28T11:09:17.587+0530][gc,heap     ] GC(3) Eden regions: 50->0(44)
[2024-06-28T11:09:17.587+0530][gc,heap     ] GC(3) Survivor regions: 1->7(7)
[2024-06-28T11:09:17.587+0530][gc,heap     ] GC(3) Old regions: 9->9
[2024-06-28T11:09:17.587+0530][gc,heap     ] GC(3) Archive regions: 2->2
[2024-06-28T11:09:17.587+0530][gc,heap     ] GC(3) Humongous regions: 129->129
[2024-06-28T11:09:17.587+0530][gc,metaspace] GC(3) Metaspace: 32629K(32960K)->32629K(32960K) NonClass: 28943K(29120K)->28943K(29120K) Class: 3686K(3840K)->3686K(3840K)
[2024-06-28T11:09:17.587+0530][gc          ] GC(3) Pause Young (Normal) (G1 Evacuation Pause) 188M->144M(1024M) 1.875ms
[2024-06-28T11:09:17.587+0530][gc,cpu      ] GC(3) User=0.02s Sys=0.00s Real=0.00s
[2024-06-28T11:09:17.680+0530][gc,start    ] GC(4) Pause Young (Concurrent Start) (Metadata GC Threshold)
[2024-06-28T11:09:17.680+0530][gc,task     ] GC(4) Using 13 workers of 13 for evacuation
[2024-06-28T11:09:17.682+0530][gc,phases   ] GC(4)   Pre Evacuate Collection Set: 0.1ms
[2024-06-28T11:09:17.682+0530][gc,phases   ] GC(4)   Merge Heap Roots: 0.0ms
[2024-06-28T11:09:17.682+0530][gc,phases   ] GC(4)   Evacuate Collection Set: 1.8ms
[2024-06-28T11:09:17.682+0530][gc,phases   ] GC(4)   Post Evacuate Collection Set: 0.2ms
[2024-06-28T11:09:17.682+0530][gc,phases   ] GC(4)   Other: 0.1ms
[2024-06-28T11:09:17.682+0530][gc,heap     ] GC(4) Eden regions: 14->0(49)
[2024-06-28T11:09:17.682+0530][gc,heap     ] GC(4) Survivor regions: 7->2(7)
[2024-06-28T11:09:17.682+0530][gc,heap     ] GC(4) Old regions: 9->15
[2024-06-28T11:09:17.682+0530][gc,heap     ] GC(4) Archive regions: 2->2
[2024-06-28T11:09:17.682+0530][gc,heap     ] GC(4) Humongous regions: 129->129
[2024-06-28T11:09:17.682+0530][gc,metaspace] GC(4) Metaspace: 35770K(36096K)->35770K(36096K) NonClass: 31782K(31936K)->31782K(31936K) Class: 3987K(4160K)->3987K(4160K)
[2024-06-28T11:09:17.682+0530][gc          ] GC(4) Pause Young (Concurrent Start) (Metadata GC Threshold) 157M->146M(1024M) 2.199ms
[2024-06-28T11:09:17.682+0530][gc,cpu      ] GC(4) User=0.03s Sys=0.00s Real=0.00s
[2024-06-28T11:09:17.682+0530][gc          ] GC(5) Concurrent Mark Cycle
[2024-06-28T11:09:17.682+0530][gc,marking  ] GC(5) Concurrent Clear Claimed Marks
[2024-06-28T11:09:17.682+0530][gc,marking  ] GC(5) Concurrent Clear Claimed Marks 0.021ms
[2024-06-28T11:09:17.682+0530][gc,marking  ] GC(5) Concurrent Scan Root Regions
[2024-06-28T11:09:17.683+0530][gc,marking  ] GC(5) Concurrent Scan Root Regions 1.265ms
[2024-06-28T11:09:17.683+0530][gc,marking  ] GC(5) Concurrent Mark
[2024-06-28T11:09:17.683+0530][gc,marking  ] GC(5) Concurrent Mark From Roots
[2024-06-28T11:09:17.683+0530][gc,task     ] GC(5) Using 3 workers of 3 for marking
[2024-06-28T11:09:17.686+0530][gc,marking  ] GC(5) Concurrent Mark From Roots 2.360ms
[2024-06-28T11:09:17.686+0530][gc,marking  ] GC(5) Concurrent Preclean
[2024-06-28T11:09:17.686+0530][gc,marking  ] GC(5) Concurrent Preclean 0.062ms
[2024-06-28T11:09:17.686+0530][gc,start    ] GC(5) Pause Remark
[2024-06-28T11:09:17.687+0530][gc          ] GC(5) Pause Remark 147M->147M(1024M) 0.813ms
[2024-06-28T11:09:17.687+0530][gc,cpu      ] GC(5) User=0.01s Sys=0.00s Real=0.00s
[2024-06-28T11:09:17.687+0530][gc,marking  ] GC(5) Concurrent Mark 3.507ms
[2024-06-28T11:09:17.687+0530][gc,marking  ] GC(5) Concurrent Rebuild Remembered Sets
[2024-06-28T11:09:17.689+0530][gc,marking  ] GC(5) Concurrent Rebuild Remembered Sets 2.003ms
[2024-06-28T11:09:17.689+0530][gc,start    ] GC(5) Pause Cleanup
[2024-06-28T11:09:17.689+0530][gc          ] GC(5) Pause Cleanup 147M->147M(1024M) 0.065ms
[2024-06-28T11:09:17.689+0530][gc,cpu      ] GC(5) User=0.00s Sys=0.00s Real=0.00s
[2024-06-28T11:09:17.689+0530][gc,marking  ] GC(5) Concurrent Cleanup for Next Mark
[2024-06-28T11:09:17.691+0530][gc,marking  ] GC(5) Concurrent Cleanup for Next Mark 1.723ms
[2024-06-28T11:09:17.691+0530][gc          ] GC(5) Concurrent Mark Cycle 8.819ms
[2024-06-28T11:09:25.043+0530][gc,start    ] GC(6) Pause Young (Prepare Mixed) (G1 Evacuation Pause)
[2024-06-28T11:09:25.043+0530][gc,task     ] GC(6) Using 13 workers of 13 for evacuation
[2024-06-28T11:09:25.045+0530][gc,phases   ] GC(6)   Pre Evacuate Collection Set: 0.1ms
[2024-06-28T11:09:25.045+0530][gc,phases   ] GC(6)   Merge Heap Roots: 0.0ms
[2024-06-28T11:09:25.045+0530][gc,phases   ] GC(6)   Evacuate Collection Set: 1.4ms
[2024-06-28T11:09:25.045+0530][gc,phases   ] GC(6)   Post Evacuate Collection Set: 0.3ms
[2024-06-28T11:09:25.045+0530][gc,phases   ] GC(6)   Other: 0.1ms
[2024-06-28T11:09:25.045+0530][gc,heap     ] GC(6) Eden regions: 49->0(46)
[2024-06-28T11:09:25.045+0530][gc,heap     ] GC(6) Survivor regions: 2->5(7)
[2024-06-28T11:09:25.045+0530][gc,heap     ] GC(6) Old regions: 15->15
[2024-06-28T11:09:25.045+0530][gc,heap     ] GC(6) Archive regions: 2->2
[2024-06-28T11:09:25.045+0530][gc,heap     ] GC(6) Humongous regions: 129->129
[2024-06-28T11:09:25.045+0530][gc,metaspace] GC(6) Metaspace: 45043K(45504K)->45043K(45504K) NonClass: 39894K(40128K)->39894K(40128K) Class: 5149K(5376K)->5149K(5376K)
[2024-06-28T11:09:25.045+0530][gc          ] GC(6) Pause Young (Prepare Mixed) (G1 Evacuation Pause) 195M->148M(1024M) 1.919ms
[2024-06-28T11:09:25.045+0530][gc,cpu      ] GC(6) User=0.02s Sys=0.00s Real=0.00s
[2024-06-28T11:09:27.020+0530][gc,start    ] GC(7) Pause Young (Mixed) (G1 Evacuation Pause)
[2024-06-28T11:09:27.020+0530][gc,task     ] GC(7) Using 13 workers of 13 for evacuation
[2024-06-28T11:09:27.023+0530][gc,phases   ] GC(7)   Pre Evacuate Collection Set: 0.1ms
[2024-06-28T11:09:27.023+0530][gc,phases   ] GC(7)   Merge Heap Roots: 0.1ms
[2024-06-28T11:09:27.023+0530][gc,phases   ] GC(7)   Evacuate Collection Set: 1.8ms
[2024-06-28T11:09:27.023+0530][gc,phases   ] GC(7)   Post Evacuate Collection Set: 0.4ms
[2024-06-28T11:09:27.023+0530][gc,phases   ] GC(7)   Other: 0.1ms
[2024-06-28T11:09:27.023+0530][gc,heap     ] GC(7) Eden regions: 46->0(48)
[2024-06-28T11:09:27.023+0530][gc,heap     ] GC(7) Survivor regions: 5->3(7)
[2024-06-28T11:09:27.023+0530][gc,heap     ] GC(7) Old regions: 15->16
[2024-06-28T11:09:27.023+0530][gc,heap     ] GC(7) Archive regions: 2->2
[2024-06-28T11:09:27.023+0530][gc,heap     ] GC(7) Humongous regions: 129->129
[2024-06-28T11:09:27.023+0530][gc,metaspace] GC(7) Metaspace: 45471K(45888K)->45471K(45888K) NonClass: 40242K(40448K)->40242K(40448K) Class: 5228K(5440K)->5228K(5440K)
[2024-06-28T11:09:27.023+0530][gc          ] GC(7) Pause Young (Mixed) (G1 Evacuation Pause) 194M->148M(1024M) 2.602ms
[2024-06-28T11:09:27.023+0530][gc,cpu      ] GC(7) User=0.02s Sys=0.00s Real=0.00s
[2024-06-28T11:09:29.214+0530][gc,start    ] GC(8) Pause Young (Normal) (G1 Evacuation Pause)
[2024-06-28T11:09:29.214+0530][gc,task     ] GC(8) Using 13 workers of 13 for evacuation
[2024-06-28T11:09:29.215+0530][gc,phases   ] GC(8)   Pre Evacuate Collection Set: 0.1ms
[2024-06-28T11:09:29.215+0530][gc,phases   ] GC(8)   Merge Heap Roots: 0.0ms
[2024-06-28T11:09:29.215+0530][gc,phases   ] GC(8)   Evacuate Collection Set: 1.3ms
[2024-06-28T11:09:29.215+0530][gc,phases   ] GC(8)   Post Evacuate Collection Set: 0.2ms
[2024-06-28T11:09:29.215+0530][gc,phases   ] GC(8)   Other: 0.1ms
[2024-06-28T11:09:29.215+0530][gc,heap     ] GC(8) Eden regions: 48->0(52)
[2024-06-28T11:09:29.215+0530][gc,heap     ] GC(8) Survivor regions: 3->3(7)
[2024-06-28T11:09:29.215+0530][gc,heap     ] GC(8) Old regions: 16->16
[2024-06-28T11:09:29.215+0530][gc,heap     ] GC(8) Archive regions: 2->2
[2024-06-28T11:09:29.215+0530][gc,heap     ] GC(8) Humongous regions: 129->129
[2024-06-28T11:09:29.215+0530][gc,metaspace] GC(8) Metaspace: 45489K(45888K)->45489K(45888K) NonClass: 40256K(40448K)->40256K(40448K) Class: 5232K(5440K)->5232K(5440K)
[2024-06-28T11:09:29.215+0530][gc          ] GC(8) Pause Young (Normal) (G1 Evacuation Pause) 196M->148M(1024M) 1.724ms
[2024-06-28T11:09:29.215+0530][gc,cpu      ] GC(8) User=0.01s Sys=0.01s Real=0.00s
[2024-06-28T11:10:21.925+0530][gc,heap,exit] Heap
[2024-06-28T11:10:21.925+0530][gc,heap,exit]  garbage-first heap   total 1048576K, used 193964K [0x00000000c0000000, 0x0000000100000000)
[2024-06-28T11:10:21.925+0530][gc,heap,exit]   region size 1024K, 44 young (45056K), 3 survivors (3072K)
[2024-06-28T11:10:21.925+0530][gc,heap,exit]  Metaspace       used 46773K, committed 47232K, reserved 1114112K
[2024-06-28T11:10:21.925+0530][gc,heap,exit]   class space    used 5501K, committed 5696K, reserved 1048576K
