[2024-06-28T11:18:29.346+0530][gc] Using G1
[2024-06-28T11:18:29.363+0530][gc,init] Version: 17.0.10+7-Ubuntu-122.04.1 (release)
[2024-06-28T11:18:29.363+0530][gc,init] CPUs: 16 total, 16 available
[2024-06-28T11:18:29.363+0530][gc,init] Memory: 31911M
[2024-06-28T11:18:29.363+0530][gc,init] Large Page Support: Disabled
[2024-06-28T11:18:29.363+0530][gc,init] NUMA Support: Disabled
[2024-06-28T11:18:29.363+0530][gc,init] Compressed Oops: Enabled (32-bit)
[2024-06-28T11:18:29.363+0530][gc,init] Heap Region Size: 1M
[2024-06-28T11:18:29.363+0530][gc,init] Heap Min Capacity: 1G
[2024-06-28T11:18:29.363+0530][gc,init] Heap Initial Capacity: 1G
[2024-06-28T11:18:29.363+0530][gc,init] Heap Max Capacity: 1G
[2024-06-28T11:18:29.363+0530][gc,init] Pre-touch: Disabled
[2024-06-28T11:18:29.363+0530][gc,init] Parallel Workers: 13
[2024-06-28T11:18:29.363+0530][gc,init] Concurrent Workers: 3
[2024-06-28T11:18:29.363+0530][gc,init] Concurrent Refinement Workers: 13
[2024-06-28T11:18:29.363+0530][gc,init] Periodic GC: Disabled
[2024-06-28T11:18:29.367+0530][gc,metaspace] CDS archive(s) mapped at: [0x0000724b4b000000-0x0000724b4bbc7000-0x0000724b4bbc7000), size 12349440, SharedBaseAddress: 0x0000724b4b000000, ArchiveRelocationMode: 1.
[2024-06-28T11:18:29.367+0530][gc,metaspace] Compressed class space mapped at: 0x0000724b4c000000-0x0000724b8c000000, reserved size: 1073741824
[2024-06-28T11:18:29.367+0530][gc,metaspace] Narrow klass base: 0x0000724b4b000000, Narrow klass shift: 0, Narrow klass range: 0x100000000
[2024-06-28T11:18:29.866+0530][gc,start    ] GC(0) Pause Young (Normal) (G1 Evacuation Pause)
[2024-06-28T11:18:29.867+0530][gc,task     ] GC(0) Using 13 workers of 13 for evacuation
[2024-06-28T11:18:29.869+0530][gc,phases   ] GC(0)   Pre Evacuate Collection Set: 0.0ms
[2024-06-28T11:18:29.869+0530][gc,phases   ] GC(0)   Merge Heap Roots: 0.0ms
[2024-06-28T11:18:29.869+0530][gc,phases   ] GC(0)   Evacuate Collection Set: 1.5ms
[2024-06-28T11:18:29.869+0530][gc,phases   ] GC(0)   Post Evacuate Collection Set: 0.2ms
[2024-06-28T11:18:29.869+0530][gc,phases   ] GC(0)   Other: 0.7ms
[2024-06-28T11:18:29.869+0530][gc,heap     ] GC(0) Eden regions: 51->0(44)
[2024-06-28T11:18:29.869+0530][gc,heap     ] GC(0) Survivor regions: 0->7(7)
[2024-06-28T11:18:29.869+0530][gc,heap     ] GC(0) Old regions: 0->1
[2024-06-28T11:18:29.869+0530][gc,heap     ] GC(0) Archive regions: 2->2
[2024-06-28T11:18:29.869+0530][gc,heap     ] GC(0) Humongous regions: 0->0
[2024-06-28T11:18:29.869+0530][gc,metaspace] GC(0) Metaspace: 18488K(18688K)->18488K(18688K) NonClass: 16300K(16384K)->16300K(16384K) Class: 2188K(2304K)->2188K(2304K)
[2024-06-28T11:18:29.869+0530][gc          ] GC(0) Pause Young (Normal) (G1 Evacuation Pause) 51M->8M(1024M) 2.654ms
[2024-06-28T11:18:29.869+0530][gc,cpu      ] GC(0) User=0.00s Sys=0.02s Real=0.01s
[2024-06-28T11:18:29.974+0530][gc,start    ] GC(1) Pause Young (Concurrent Start) (Metadata GC Threshold)
[2024-06-28T11:18:29.974+0530][gc,task     ] GC(1) Using 13 workers of 13 for evacuation
[2024-06-28T11:18:29.977+0530][gc,phases   ] GC(1)   Pre Evacuate Collection Set: 0.1ms
[2024-06-28T11:18:29.977+0530][gc,phases   ] GC(1)   Merge Heap Roots: 0.0ms
[2024-06-28T11:18:29.977+0530][gc,phases   ] GC(1)   Evacuate Collection Set: 1.5ms
[2024-06-28T11:18:29.977+0530][gc,phases   ] GC(1)   Post Evacuate Collection Set: 0.3ms
[2024-06-28T11:18:29.977+0530][gc,phases   ] GC(1)   Other: 0.2ms
[2024-06-28T11:18:29.977+0530][gc,heap     ] GC(1) Eden regions: 12->0(49)
[2024-06-28T11:18:29.977+0530][gc,heap     ] GC(1) Survivor regions: 7->2(7)
[2024-06-28T11:18:29.977+0530][gc,heap     ] GC(1) Old regions: 1->8
[2024-06-28T11:18:29.977+0530][gc,heap     ] GC(1) Archive regions: 2->2
[2024-06-28T11:18:29.977+0530][gc,heap     ] GC(1) Humongous regions: 0->0
[2024-06-28T11:18:29.977+0530][gc,metaspace] GC(1) Metaspace: 21338K(21504K)->21338K(21504K) NonClass: 18780K(18880K)->18780K(18880K) Class: 2558K(2624K)->2558K(2624K)
[2024-06-28T11:18:29.977+0530][gc          ] GC(1) Pause Young (Concurrent Start) (Metadata GC Threshold) 19M->9M(1024M) 2.137ms
[2024-06-28T11:18:29.977+0530][gc,cpu      ] GC(1) User=0.01s Sys=0.02s Real=0.00s
[2024-06-28T11:18:29.977+0530][gc          ] GC(2) Concurrent Mark Cycle
[2024-06-28T11:18:29.977+0530][gc,marking  ] GC(2) Concurrent Clear Claimed Marks
[2024-06-28T11:18:29.977+0530][gc,marking  ] GC(2) Concurrent Clear Claimed Marks 0.011ms
[2024-06-28T11:18:29.977+0530][gc,marking  ] GC(2) Concurrent Scan Root Regions
[2024-06-28T11:18:29.978+0530][gc,marking  ] GC(2) Concurrent Scan Root Regions 0.865ms
[2024-06-28T11:18:29.978+0530][gc,marking  ] GC(2) Concurrent Mark
[2024-06-28T11:18:29.978+0530][gc,marking  ] GC(2) Concurrent Mark From Roots
[2024-06-28T11:18:29.978+0530][gc,task     ] GC(2) Using 3 workers of 3 for marking
[2024-06-28T11:18:29.978+0530][gc,marking  ] GC(2) Concurrent Mark From Roots 0.966ms
[2024-06-28T11:18:29.978+0530][gc,marking  ] GC(2) Concurrent Preclean
[2024-06-28T11:18:29.979+0530][gc,marking  ] GC(2) Concurrent Preclean 0.040ms
[2024-06-28T11:18:29.979+0530][gc,start    ] GC(2) Pause Remark
[2024-06-28T11:18:29.979+0530][gc          ] GC(2) Pause Remark 10M->10M(1024M) 0.630ms
[2024-06-28T11:18:29.979+0530][gc,cpu      ] GC(2) User=0.00s Sys=0.00s Real=0.00s
[2024-06-28T11:18:29.979+0530][gc,marking  ] GC(2) Concurrent Mark 1.748ms
[2024-06-28T11:18:29.979+0530][gc,marking  ] GC(2) Concurrent Rebuild Remembered Sets
[2024-06-28T11:18:29.980+0530][gc,marking  ] GC(2) Concurrent Rebuild Remembered Sets 0.825ms
[2024-06-28T11:18:29.980+0530][gc,start    ] GC(2) Pause Cleanup
[2024-06-28T11:18:29.980+0530][gc          ] GC(2) Pause Cleanup 10M->10M(1024M) 0.055ms
[2024-06-28T11:18:29.980+0530][gc,cpu      ] GC(2) User=0.00s Sys=0.00s Real=0.00s
[2024-06-28T11:18:29.980+0530][gc,marking  ] GC(2) Concurrent Cleanup for Next Mark
[2024-06-28T11:18:29.983+0530][gc,marking  ] GC(2) Concurrent Cleanup for Next Mark 2.703ms
[2024-06-28T11:18:29.983+0530][gc          ] GC(2) Concurrent Mark Cycle 6.468ms
[2024-06-28T11:18:30.374+0530][gc,start    ] GC(3) Pause Young (Normal) (G1 Evacuation Pause)
[2024-06-28T11:18:30.374+0530][gc,task     ] GC(3) Using 13 workers of 13 for evacuation
[2024-06-28T11:18:30.376+0530][gc,phases   ] GC(3)   Pre Evacuate Collection Set: 0.1ms
[2024-06-28T11:18:30.376+0530][gc,phases   ] GC(3)   Merge Heap Roots: 0.0ms
[2024-06-28T11:18:30.376+0530][gc,phases   ] GC(3)   Evacuate Collection Set: 1.9ms
[2024-06-28T11:18:30.376+0530][gc,phases   ] GC(3)   Post Evacuate Collection Set: 0.2ms
[2024-06-28T11:18:30.376+0530][gc,phases   ] GC(3)   Other: 0.1ms
[2024-06-28T11:18:30.376+0530][gc,heap     ] GC(3) Eden regions: 49->0(44)
[2024-06-28T11:18:30.376+0530][gc,heap     ] GC(3) Survivor regions: 2->7(7)
[2024-06-28T11:18:30.376+0530][gc,heap     ] GC(3) Old regions: 8->8
[2024-06-28T11:18:30.376+0530][gc,heap     ] GC(3) Archive regions: 2->2
[2024-06-28T11:18:30.376+0530][gc,heap     ] GC(3) Humongous regions: 129->129
[2024-06-28T11:18:30.376+0530][gc,metaspace] GC(3) Metaspace: 33076K(33344K)->33076K(33344K) NonClass: 29358K(29504K)->29358K(29504K) Class: 3718K(3840K)->3718K(3840K)
[2024-06-28T11:18:30.376+0530][gc          ] GC(3) Pause Young (Normal) (G1 Evacuation Pause) 187M->143M(1024M) 2.459ms
[2024-06-28T11:18:30.376+0530][gc,cpu      ] GC(3) User=0.03s Sys=0.00s Real=0.00s
[2024-06-28T11:18:30.424+0530][gc,start    ] GC(4) Pause Young (Concurrent Start) (Metadata GC Threshold)
[2024-06-28T11:18:30.424+0530][gc,task     ] GC(4) Using 13 workers of 13 for evacuation
[2024-06-28T11:18:30.427+0530][gc,phases   ] GC(4)   Pre Evacuate Collection Set: 0.2ms
[2024-06-28T11:18:30.427+0530][gc,phases   ] GC(4)   Merge Heap Roots: 0.0ms
[2024-06-28T11:18:30.427+0530][gc,phases   ] GC(4)   Evacuate Collection Set: 2.5ms
[2024-06-28T11:18:30.427+0530][gc,phases   ] GC(4)   Post Evacuate Collection Set: 0.3ms
[2024-06-28T11:18:30.427+0530][gc,phases   ] GC(4)   Other: 0.3ms
[2024-06-28T11:18:30.427+0530][gc,heap     ] GC(4) Eden regions: 13->0(49)
[2024-06-28T11:18:30.427+0530][gc,heap     ] GC(4) Survivor regions: 7->2(7)
[2024-06-28T11:18:30.427+0530][gc,heap     ] GC(4) Old regions: 8->14
[2024-06-28T11:18:30.427+0530][gc,heap     ] GC(4) Archive regions: 2->2
[2024-06-28T11:18:30.427+0530][gc,heap     ] GC(4) Humongous regions: 129->129
[2024-06-28T11:18:30.427+0530][gc,metaspace] GC(4) Metaspace: 35850K(36160K)->35850K(36160K) NonClass: 31794K(31936K)->31794K(31936K) Class: 4056K(4224K)->4056K(4224K)
[2024-06-28T11:18:30.427+0530][gc          ] GC(4) Pause Young (Concurrent Start) (Metadata GC Threshold) 156M->144M(1024M) 3.389ms
[2024-06-28T11:18:30.427+0530][gc,cpu      ] GC(4) User=0.03s Sys=0.01s Real=0.00s
[2024-06-28T11:18:30.427+0530][gc          ] GC(5) Concurrent Mark Cycle
[2024-06-28T11:18:30.427+0530][gc,marking  ] GC(5) Concurrent Clear Claimed Marks
[2024-06-28T11:18:30.427+0530][gc,marking  ] GC(5) Concurrent Clear Claimed Marks 0.034ms
[2024-06-28T11:18:30.427+0530][gc,marking  ] GC(5) Concurrent Scan Root Regions
[2024-06-28T11:18:30.429+0530][gc,marking  ] GC(5) Concurrent Scan Root Regions 1.629ms
[2024-06-28T11:18:30.429+0530][gc,marking  ] GC(5) Concurrent Mark
[2024-06-28T11:18:30.429+0530][gc,marking  ] GC(5) Concurrent Mark From Roots
[2024-06-28T11:18:30.429+0530][gc,task     ] GC(5) Using 3 workers of 3 for marking
[2024-06-28T11:18:30.432+0530][gc,marking  ] GC(5) Concurrent Mark From Roots 3.112ms
[2024-06-28T11:18:30.432+0530][gc,marking  ] GC(5) Concurrent Preclean
[2024-06-28T11:18:30.432+0530][gc,marking  ] GC(5) Concurrent Preclean 0.098ms
[2024-06-28T11:18:30.432+0530][gc,start    ] GC(5) Pause Remark
[2024-06-28T11:18:30.433+0530][gc          ] GC(5) Pause Remark 145M->145M(1024M) 0.838ms
[2024-06-28T11:18:30.433+0530][gc,cpu      ] GC(5) User=0.01s Sys=0.00s Real=0.00s
[2024-06-28T11:18:30.433+0530][gc,marking  ] GC(5) Concurrent Mark 4.274ms
[2024-06-28T11:18:30.433+0530][gc,marking  ] GC(5) Concurrent Rebuild Remembered Sets
[2024-06-28T11:18:30.433+0530][gc,marking  ] GC(5) Concurrent Rebuild Remembered Sets 0.004ms
[2024-06-28T11:18:30.433+0530][gc,start    ] GC(5) Pause Cleanup
[2024-06-28T11:18:30.433+0530][gc          ] GC(5) Pause Cleanup 145M->145M(1024M) 0.009ms
[2024-06-28T11:18:30.433+0530][gc,cpu      ] GC(5) User=0.00s Sys=0.00s Real=0.00s
[2024-06-28T11:18:30.433+0530][gc,marking  ] GC(5) Concurrent Cleanup for Next Mark
[2024-06-28T11:18:30.437+0530][gc,marking  ] GC(5) Concurrent Cleanup for Next Mark 3.267ms
[2024-06-28T11:18:30.437+0530][gc          ] GC(5) Concurrent Mark Cycle 9.545ms
[2024-06-28T11:20:32.066+0530][gc,start    ] GC(6) Pause Young (Normal) (G1 Evacuation Pause)
[2024-06-28T11:20:32.066+0530][gc,task     ] GC(6) Using 13 workers of 13 for evacuation
[2024-06-28T11:20:32.068+0530][gc,phases   ] GC(6)   Pre Evacuate Collection Set: 0.1ms
[2024-06-28T11:20:32.068+0530][gc,phases   ] GC(6)   Merge Heap Roots: 0.0ms
[2024-06-28T11:20:32.068+0530][gc,phases   ] GC(6)   Evacuate Collection Set: 1.2ms
[2024-06-28T11:20:32.068+0530][gc,phases   ] GC(6)   Post Evacuate Collection Set: 0.4ms
[2024-06-28T11:20:32.068+0530][gc,phases   ] GC(6)   Other: 0.1ms
[2024-06-28T11:20:32.068+0530][gc,heap     ] GC(6) Eden regions: 49->0(48)
[2024-06-28T11:20:32.068+0530][gc,heap     ] GC(6) Survivor regions: 2->3(7)
[2024-06-28T11:20:32.068+0530][gc,heap     ] GC(6) Old regions: 14->14
[2024-06-28T11:20:32.068+0530][gc,heap     ] GC(6) Archive regions: 2->2
[2024-06-28T11:20:32.068+0530][gc,heap     ] GC(6) Humongous regions: 129->129
[2024-06-28T11:20:32.068+0530][gc,metaspace] GC(6) Metaspace: 40971K(41472K)->40971K(41472K) NonClass: 36249K(36544K)->36249K(36544K) Class: 4721K(4928K)->4721K(4928K)
[2024-06-28T11:20:32.068+0530][gc          ] GC(6) Pause Young (Normal) (G1 Evacuation Pause) 193M->146M(1024M) 1.869ms
[2024-06-28T11:20:32.068+0530][gc,cpu      ] GC(6) User=0.02s Sys=0.00s Real=0.01s
[2024-06-28T11:20:35.077+0530][gc,start    ] GC(7) Pause Young (Normal) (G1 Evacuation Pause)
[2024-06-28T11:20:35.077+0530][gc,task     ] GC(7) Using 13 workers of 13 for evacuation
[2024-06-28T11:20:35.078+0530][gc,phases   ] GC(7)   Pre Evacuate Collection Set: 0.1ms
[2024-06-28T11:20:35.078+0530][gc,phases   ] GC(7)   Merge Heap Roots: 0.0ms
[2024-06-28T11:20:35.078+0530][gc,phases   ] GC(7)   Evacuate Collection Set: 1.0ms
[2024-06-28T11:20:35.078+0530][gc,phases   ] GC(7)   Post Evacuate Collection Set: 0.2ms
[2024-06-28T11:20:35.078+0530][gc,phases   ] GC(7)   Other: 0.1ms
[2024-06-28T11:20:35.078+0530][gc,heap     ] GC(7) Eden regions: 48->0(48)
[2024-06-28T11:20:35.078+0530][gc,heap     ] GC(7) Survivor regions: 3->3(7)
[2024-06-28T11:20:35.078+0530][gc,heap     ] GC(7) Old regions: 14->14
[2024-06-28T11:20:35.078+0530][gc,heap     ] GC(7) Archive regions: 2->2
[2024-06-28T11:20:35.078+0530][gc,heap     ] GC(7) Humongous regions: 129->129
[2024-06-28T11:20:35.078+0530][gc,metaspace] GC(7) Metaspace: 40971K(41472K)->40971K(41472K) NonClass: 36249K(36544K)->36249K(36544K) Class: 4722K(4928K)->4722K(4928K)
[2024-06-28T11:20:35.078+0530][gc          ] GC(7) Pause Young (Normal) (G1 Evacuation Pause) 194M->146M(1024M) 1.404ms
[2024-06-28T11:20:35.078+0530][gc,cpu      ] GC(7) User=0.01s Sys=0.00s Real=0.00s
[2024-06-28T11:20:38.225+0530][gc,start    ] GC(8) Pause Young (Normal) (G1 Evacuation Pause)
[2024-06-28T11:20:38.225+0530][gc,task     ] GC(8) Using 13 workers of 13 for evacuation
[2024-06-28T11:20:38.227+0530][gc,phases   ] GC(8)   Pre Evacuate Collection Set: 0.1ms
[2024-06-28T11:20:38.227+0530][gc,phases   ] GC(8)   Merge Heap Roots: 0.0ms
[2024-06-28T11:20:38.227+0530][gc,phases   ] GC(8)   Evacuate Collection Set: 0.9ms
[2024-06-28T11:20:38.227+0530][gc,phases   ] GC(8)   Post Evacuate Collection Set: 0.3ms
[2024-06-28T11:20:38.227+0530][gc,phases   ] GC(8)   Other: 0.1ms
[2024-06-28T11:20:38.227+0530][gc,heap     ] GC(8) Eden regions: 48->0(71)
[2024-06-28T11:20:38.227+0530][gc,heap     ] GC(8) Survivor regions: 3->3(7)
[2024-06-28T11:20:38.227+0530][gc,heap     ] GC(8) Old regions: 14->14
[2024-06-28T11:20:38.227+0530][gc,heap     ] GC(8) Archive regions: 2->2
[2024-06-28T11:20:38.227+0530][gc,heap     ] GC(8) Humongous regions: 129->129
[2024-06-28T11:20:38.227+0530][gc,metaspace] GC(8) Metaspace: 40974K(41472K)->40974K(41472K) NonClass: 36252K(36544K)->36252K(36544K) Class: 4722K(4928K)->4722K(4928K)
[2024-06-28T11:20:38.227+0530][gc          ] GC(8) Pause Young (Normal) (G1 Evacuation Pause) 194M->146M(1024M) 1.454ms
[2024-06-28T11:20:38.227+0530][gc,cpu      ] GC(8) User=0.01s Sys=0.00s Real=0.00s
[2024-06-28T11:21:07.610+0530][gc,start    ] GC(9) Pause Young (Normal) (G1 Evacuation Pause)
[2024-06-28T11:21:07.610+0530][gc,task     ] GC(9) Using 13 workers of 13 for evacuation
[2024-06-28T11:21:07.611+0530][gc,phases   ] GC(9)   Pre Evacuate Collection Set: 0.1ms
[2024-06-28T11:21:07.611+0530][gc,phases   ] GC(9)   Merge Heap Roots: 0.0ms
[2024-06-28T11:21:07.611+0530][gc,phases   ] GC(9)   Evacuate Collection Set: 1.1ms
[2024-06-28T11:21:07.611+0530][gc,phases   ] GC(9)   Post Evacuate Collection Set: 0.3ms
[2024-06-28T11:21:07.611+0530][gc,phases   ] GC(9)   Other: 0.1ms
[2024-06-28T11:21:07.611+0530][gc,heap     ] GC(9) Eden regions: 71->0(326)
[2024-06-28T11:21:07.611+0530][gc,heap     ] GC(9) Survivor regions: 3->3(10)
[2024-06-28T11:21:07.611+0530][gc,heap     ] GC(9) Old regions: 14->14
[2024-06-28T11:21:07.611+0530][gc,heap     ] GC(9) Archive regions: 2->2
[2024-06-28T11:21:07.611+0530][gc,heap     ] GC(9) Humongous regions: 129->129
[2024-06-28T11:21:07.611+0530][gc,metaspace] GC(9) Metaspace: 40978K(41472K)->40978K(41472K) NonClass: 36255K(36544K)->36255K(36544K) Class: 4722K(4928K)->4722K(4928K)
[2024-06-28T11:21:07.611+0530][gc          ] GC(9) Pause Young (Normal) (G1 Evacuation Pause) 217M->146M(1024M) 1.669ms
[2024-06-28T11:21:07.611+0530][gc,cpu      ] GC(9) User=0.01s Sys=0.00s Real=0.00s
[2024-06-28T11:51:20.664+0530][gc,heap,exit] Heap
[2024-06-28T11:51:20.665+0530][gc,heap,exit]  garbage-first heap   total 1048576K, used 250878K [0x00000000c0000000, 0x0000000100000000)
[2024-06-28T11:51:20.665+0530][gc,heap,exit]   region size 1024K, 102 young (104448K), 3 survivors (3072K)
[2024-06-28T11:51:20.665+0530][gc,heap,exit]  Metaspace       used 42255K, committed 42752K, reserved 1114112K
[2024-06-28T11:51:20.665+0530][gc,heap,exit]   class space    used 4919K, committed 5120K, reserved 1048576K
