[2024-07-01T09:43:55.323+0530][gc] Using G1
[2024-07-01T09:43:55.327+0530][gc,init] Version: 17.0.10+7-Ubuntu-122.04.1 (release)
[2024-07-01T09:43:55.327+0530][gc,init] CPUs: 16 total, 16 available
[2024-07-01T09:43:55.327+0530][gc,init] Memory: 31911M
[2024-07-01T09:43:55.327+0530][gc,init] Large Page Support: Disabled
[2024-07-01T09:43:55.327+0530][gc,init] NUMA Support: Disabled
[2024-07-01T09:43:55.327+0530][gc,init] Compressed Oops: Enabled (32-bit)
[2024-07-01T09:43:55.327+0530][gc,init] Heap Region Size: 1M
[2024-07-01T09:43:55.327+0530][gc,init] Heap Min Capacity: 512M
[2024-07-01T09:43:55.327+0530][gc,init] Heap Initial Capacity: 512M
[2024-07-01T09:43:55.327+0530][gc,init] Heap Max Capacity: 512M
[2024-07-01T09:43:55.327+0530][gc,init] Pre-touch: Disabled
[2024-07-01T09:43:55.327+0530][gc,init] Parallel Workers: 13
[2024-07-01T09:43:55.327+0530][gc,init] Concurrent Workers: 3
[2024-07-01T09:43:55.327+0530][gc,init] Concurrent Refinement Workers: 13
[2024-07-01T09:43:55.327+0530][gc,init] Periodic GC: Disabled
[2024-07-01T09:43:55.331+0530][gc,metaspace] CDS archive(s) mapped at: [0x00007d88eb000000-0x00007d88ebbc7000-0x00007d88ebbc7000), size 12349440, SharedBaseAddress: 0x00007d88eb000000, ArchiveRelocationMode: 1.
[2024-07-01T09:43:55.331+0530][gc,metaspace] Compressed class space mapped at: 0x00007d88ec000000-0x00007d892c000000, reserved size: 1073741824
[2024-07-01T09:43:55.331+0530][gc,metaspace] Narrow klass base: 0x00007d88eb000000, Narrow klass shift: 0, Narrow klass range: 0x100000000
[2024-07-01T09:44:20.730+0530][gc,start    ] GC(0) Pause Young (Normal) (G1 Evacuation Pause)
[2024-07-01T09:44:20.730+0530][gc,task     ] GC(0) Using 12 workers of 13 for evacuation
[2024-07-01T09:44:20.732+0530][gc,phases   ] GC(0)   Pre Evacuate Collection Set: 0.1ms
[2024-07-01T09:44:20.732+0530][gc,phases   ] GC(0)   Merge Heap Roots: 0.0ms
[2024-07-01T09:44:20.732+0530][gc,phases   ] GC(0)   Evacuate Collection Set: 1.6ms
[2024-07-01T09:44:20.732+0530][gc,phases   ] GC(0)   Post Evacuate Collection Set: 0.3ms
[2024-07-01T09:44:20.732+0530][gc,phases   ] GC(0)   Other: 0.6ms
[2024-07-01T09:44:20.732+0530][gc,heap     ] GC(0) Eden regions: 25->0(21)
[2024-07-01T09:44:20.732+0530][gc,heap     ] GC(0) Survivor regions: 0->4(4)
[2024-07-01T09:44:20.732+0530][gc,heap     ] GC(0) Old regions: 0->5
[2024-07-01T09:44:20.732+0530][gc,heap     ] GC(0) Archive regions: 2->2
[2024-07-01T09:44:20.732+0530][gc,heap     ] GC(0) Humongous regions: 0->0
[2024-07-01T09:44:20.732+0530][gc,metaspace] GC(0) Metaspace: 8183K(8384K)->8183K(8384K) NonClass: 7267K(7360K)->7267K(7360K) Class: 915K(1024K)->915K(1024K)
[2024-07-01T09:44:20.732+0530][gc          ] GC(0) Pause Young (Normal) (G1 Evacuation Pause) 25M->8M(512M) 2.632ms
[2024-07-01T09:44:20.732+0530][gc,cpu      ] GC(0) User=0.02s Sys=0.01s Real=0.00s
[2024-07-01T09:52:18.171+0530][gc,heap,exit] Heap
[2024-07-01T09:52:18.171+0530][gc,heap,exit]  garbage-first heap   total 524288K, used 20458K [0x00000000e0000000, 0x0000000100000000)
[2024-07-01T09:52:18.171+0530][gc,heap,exit]   region size 1024K, 16 young (16384K), 4 survivors (4096K)
[2024-07-01T09:52:18.171+0530][gc,heap,exit]  Metaspace       used 9040K, committed 9216K, reserved 1114112K
[2024-07-01T09:52:18.171+0530][gc,heap,exit]   class space    used 941K, committed 1024K, reserved 1048576K
