[2024-07-01T09:52:57.969+0530][gc] Using G1
[2024-07-01T09:52:57.972+0530][gc,init] Version: 17.0.10+7-Ubuntu-122.04.1 (release)
[2024-07-01T09:52:57.972+0530][gc,init] CPUs: 16 total, 16 available
[2024-07-01T09:52:57.972+0530][gc,init] Memory: 31911M
[2024-07-01T09:52:57.972+0530][gc,init] Large Page Support: Disabled
[2024-07-01T09:52:57.972+0530][gc,init] NUMA Support: Disabled
[2024-07-01T09:52:57.972+0530][gc,init] Compressed Oops: Enabled (32-bit)
[2024-07-01T09:52:57.972+0530][gc,init] Heap Region Size: 1M
[2024-07-01T09:52:57.972+0530][gc,init] Heap Min Capacity: 512M
[2024-07-01T09:52:57.973+0530][gc,init] Heap Initial Capacity: 512M
[2024-07-01T09:52:57.973+0530][gc,init] Heap Max Capacity: 512M
[2024-07-01T09:52:57.973+0530][gc,init] Pre-touch: Disabled
[2024-07-01T09:52:57.973+0530][gc,init] Parallel Workers: 13
[2024-07-01T09:52:57.973+0530][gc,init] Concurrent Workers: 3
[2024-07-01T09:52:57.973+0530][gc,init] Concurrent Refinement Workers: 13
[2024-07-01T09:52:57.973+0530][gc,init] Periodic GC: Disabled
[2024-07-01T09:52:57.976+0530][gc,metaspace] CDS archive(s) mapped at: [0x00007754db000000-0x00007754dbbc7000-0x00007754dbbc7000), size 12349440, SharedBaseAddress: 0x00007754db000000, ArchiveRelocationMode: 1.
[2024-07-01T09:52:57.976+0530][gc,metaspace] Compressed class space mapped at: 0x00007754dc000000-0x000077551c000000, reserved size: 1073741824
[2024-07-01T09:52:57.976+0530][gc,metaspace] Narrow klass base: 0x00007754db000000, Narrow klass shift: 0, Narrow klass range: 0x100000000
[2024-07-01T09:53:01.569+0530][gc,start    ] GC(0) Pause Young (Normal) (G1 Evacuation Pause)
[2024-07-01T09:53:01.570+0530][gc,task     ] GC(0) Using 12 workers of 13 for evacuation
[2024-07-01T09:53:01.572+0530][gc,phases   ] GC(0)   Pre Evacuate Collection Set: 0.1ms
[2024-07-01T09:53:01.572+0530][gc,phases   ] GC(0)   Merge Heap Roots: 0.0ms
[2024-07-01T09:53:01.572+0530][gc,phases   ] GC(0)   Evacuate Collection Set: 1.4ms
[2024-07-01T09:53:01.572+0530][gc,phases   ] GC(0)   Post Evacuate Collection Set: 0.2ms
[2024-07-01T09:53:01.572+0530][gc,phases   ] GC(0)   Other: 0.8ms
[2024-07-01T09:53:01.572+0530][gc,heap     ] GC(0) Eden regions: 25->0(21)
[2024-07-01T09:53:01.572+0530][gc,heap     ] GC(0) Survivor regions: 0->4(4)
[2024-07-01T09:53:01.572+0530][gc,heap     ] GC(0) Old regions: 0->4
[2024-07-01T09:53:01.572+0530][gc,heap     ] GC(0) Archive regions: 2->2
[2024-07-01T09:53:01.572+0530][gc,heap     ] GC(0) Humongous regions: 0->0
[2024-07-01T09:53:01.572+0530][gc,metaspace] GC(0) Metaspace: 8171K(8320K)->8171K(8320K) NonClass: 7255K(7296K)->7255K(7296K) Class: 915K(1024K)->915K(1024K)
[2024-07-01T09:53:01.572+0530][gc          ] GC(0) Pause Young (Normal) (G1 Evacuation Pause) 25M->8M(512M) 2.480ms
[2024-07-01T09:53:01.572+0530][gc,cpu      ] GC(0) User=0.02s Sys=0.01s Real=0.00s
[2024-07-01T09:59:02.038+0530][gc,heap,exit] Heap
[2024-07-01T09:59:02.038+0530][gc,heap,exit]  garbage-first heap   total 524288K, used 20385K [0x00000000e0000000, 0x0000000100000000)
[2024-07-01T09:59:02.038+0530][gc,heap,exit]   region size 1024K, 16 young (16384K), 4 survivors (4096K)
[2024-07-01T09:59:02.038+0530][gc,heap,exit]  Metaspace       used 9027K, committed 9216K, reserved 1114112K
[2024-07-01T09:59:02.038+0530][gc,heap,exit]   class space    used 940K, committed 1024K, reserved 1048576K
